header: 
  seq: 2580
  stamp: 
    secs: 1562112925
    nsecs: 777791369
  frame_id: "detection"
image_header: 
  seq: 4405
  stamp: 
    secs: 1562112925
    nsecs: 584583121
  frame_id: "videofile_frame"
bounding_boxes: 
  - 
    Class: "car"
    probability: 0.990787088871
    xmin: 1212
    ymin: 428
    xmax: 1270
    ymax: 469
  - 
    Class: "car"
    probability: 0.907835900784
    xmin: 1062
    ymin: 501
    xmax: 1157
    ymax: 587
  - 
    Class: "car"
    probability: 0.983376860619
    xmin: 834
    ymin: 430
    xmax: 879
    ymax: 472
  - 
    Class: "car"
    probability: 0.96510463953
    xmin: 906
    ymin: 430
    xmax: 960
    ymax: 488
  - 
    Class: "car"
    probability: 0.953023135662
    xmin: 1103
    ymin: 386
    xmax: 1144
    ymax: 414
  - 
    Class: "car"
    probability: 0.952058494091
    xmin: 1063
    ymin: 400
    xmax: 1104
    ymax: 429
  - 
    Class: "car"
    probability: 0.866084396839
    xmin: 852
    ymin: 359
    xmax: 900
    ymax: 408
  - 
    Class: "car"
    probability: 0.929888367653
    xmin: 743
    ymin: 374
    xmax: 775
    ymax: 399
  - 
    Class: "car"
    probability: 0.913747012615
    xmin: 749
    ymin: 477
    xmax: 810
    ymax: 524
  - 
    Class: "car"
    probability: 0.899732470512
    xmin: 955
    ymin: 415
    xmax: 996
    ymax: 449
  - 
    Class: "car"
    probability: 0.800096571445
    xmin: 1005
    ymin: 383
    xmax: 1042
    ymax: 410
---
header: 
  seq: 2581
  stamp: 
    secs: 1562112925
    nsecs: 827435612
  frame_id: "detection"
image_header: 
  seq: 4407
  stamp: 
    secs: 1562112925
    nsecs: 650884252
  frame_id: "videofile_frame"
bounding_boxes: 
  - 
    Class: "car"
    probability: 0.982617378235
    xmin: 1216
    ymin: 428
    xmax: 1278
    ymax: 474
  - 
    Class: "car"
    probability: 0.960709452629
    xmin: 1054
    ymin: 496
    xmax: 1146
    ymax: 575
  - 
    Class: "car"
    probability: 0.964906394482
    xmin: 751
    ymin: 477
    xmax: 810
    ymax: 520
  - 
    Class: "car"
    probability: 0.968581557274
    xmin: 836
    ymin: 424
    xmax: 877
    ymax: 465
  - 
    Class: "car"
    probability: 0.965937077999
    xmin: 1065
    ymin: 400
    xmax: 1109
    ymax: 432
  - 
    Class: "car"
    probability: 0.936792194843
    xmin: 906
    ymin: 429
    xmax: 954
    ymax: 483
  - 
    Class: "car"
    probability: 0.902862966061
    xmin: 954
    ymin: 409
    xmax: 996
    ymax: 440
  - 
    Class: "car"
    probability: 0.881968557835
    xmin: 743
    ymin: 373
    xmax: 772
    ymax: 398
  - 
    Class: "car"
    probability: 0.860434353352
    xmin: 1115
    ymin: 388
    xmax: 1154
    ymax: 417
---
header: 
  seq: 2582
  stamp: 
    secs: 1562112925
    nsecs: 878852462
  frame_id: "detection"
image_header: 
  seq: 4408
  stamp: 
    secs: 1562112925
    nsecs: 684620928
  frame_id: "videofile_frame"
bounding_boxes: 
  - 
    Class: "car"
    probability: 0.967399477959
    xmin: 1051
    ymin: 494
    xmax: 1141
    ymax: 573
  - 
    Class: "car"
    probability: 0.966157972813
    xmin: 1066
    ymin: 405
    xmax: 1111
    ymax: 435
  - 
    Class: "car"
    probability: 0.93806296587
    xmin: 752
    ymin: 473
    xmax: 809
    ymax: 519
  - 
    Class: "car"
    probability: 0.872788310051
    xmin: 1217
    ymin: 426
    xmax: 1282
    ymax: 474
  - 
    Class: "car"
    probability: 0.914338767529
    xmin: 907
    ymin: 427
    xmax: 955
    ymax: 484
  - 
    Class: "car"
    probability: 0.934273719788
    xmin: 953
    ymin: 409
    xmax: 996
    ymax: 440
  - 
    Class: "car"
    probability: 0.878594100475
    xmin: 835
    ymin: 425
    xmax: 875
    ymax: 466
  - 
    Class: "car"
    probability: 0.802657723427
    xmin: 743
    ymin: 375
    xmax: 769
    ymax: 397
---
header: 
  seq: 2583
  stamp: 
    secs: 1562112925
    nsecs: 924850879
  frame_id: "detection"
image_header: 
  seq: 4410
  stamp: 
    secs: 1562112925
    nsecs: 750867656
  frame_id: "videofile_frame"
bounding_boxes: 
  - 
    Class: "car"
    probability: 0.939603567123
    xmin: 1227
    ymin: 434
    xmax: 1292
    ymax: 481
  - 
    Class: "car"
    probability: 0.918002784252
    xmin: 1040
    ymin: 488
    xmax: 1127
    ymax: 565
  - 
    Class: "car"
    probability: 0.961893439293
    xmin: 909
    ymin: 426
    xmax: 956
    ymax: 475
  - 
    Class: "car"
    probability: 0.848786950111
    xmin: 845
    ymin: 361
    xmax: 893
    ymax: 410
  - 
    Class: "car"
    probability: 0.936402618885
    xmin: 753
    ymin: 470
    xmax: 810
    ymax: 512
  - 
    Class: "car"
    probability: 0.929568946362
    xmin: 833
    ymin: 422
    xmax: 875
    ymax: 462
  - 
    Class: "car"
    probability: 0.926582336426
    xmin: 949
    ymin: 410
    xmax: 991
    ymax: 439
  - 
    Class: "car"
    probability: 0.882252931595
    xmin: 1073
    ymin: 406
    xmax: 1118
    ymax: 441
---
header: 
  seq: 2584
  stamp: 
    secs: 1562112925
    nsecs: 978934605
  frame_id: "detection"
image_header: 
  seq: 4412
  stamp: 
    secs: 1562112925
    nsecs: 817463332
  frame_id: "videofile_frame"
bounding_boxes: 
  - 
    Class: "car"
    probability: 0.977863073349
    xmin: 950
    ymin: 405
    xmax: 990
    ymax: 435
  - 
    Class: "car"
    probability: 0.935512006283
    xmin: 1032
    ymin: 479
    xmax: 1116
    ymax: 560
  - 
    Class: "car"
    probability: 0.869715929031
    xmin: 1231
    ymin: 436
    xmax: 1304
    ymax: 486
  - 
    Class: "car"
    probability: 0.958092153072
    xmin: 1079
    ymin: 403
    xmax: 1122
    ymax: 436
  - 
    Class: "car"
    probability: 0.944821715355
    xmin: 754
    ymin: 465
    xmax: 811
    ymax: 505
  - 
    Class: "car"
    probability: 0.934075653553
    xmin: 906
    ymin: 420
    xmax: 952
    ymax: 471
  - 
    Class: "car"
    probability: 0.913556754589
    xmin: 1020
    ymin: 382
    xmax: 1064
    ymax: 414
  - 
    Class: "car"
    probability: 0.913127839565
    xmin: 1132
    ymin: 396
    xmax: 1172
    ymax: 423
  - 
    Class: "car"
    probability: 0.900649666786
    xmin: 831
    ymin: 417
    xmax: 874
    ymax: 459
  - 
    Class: "car"
    probability: 0.822808623314
    xmin: 741
    ymin: 374
    xmax: 767
    ymax: 396
---
header: 
  seq: 2585
  stamp: 
    secs: 1562112926
    nsecs:  32980357
  frame_id: "detection"
image_header: 
  seq: 4413
  stamp: 
    secs: 1562112925
    nsecs: 850371800
  frame_id: "videofile_frame"
bounding_boxes: 
  - 
    Class: "car"
    probability: 0.971051990986
    xmin: 755
    ymin: 462
    xmax: 811
    ymax: 504
  - 
    Class: "car"
    probability: 0.972211122513
    xmin: 949
    ymin: 407
    xmax: 990
    ymax: 435
  - 
    Class: "car"
    probability: 0.933984577656
    xmin: 1031
    ymin: 475
    xmax: 1114
    ymax: 559
  - 
    Class: "car"
    probability: 0.949491262436
    xmin: 1021
    ymin: 382
    xmax: 1067
    ymax: 415
  - 
    Class: "car"
    probability: 0.935472786427
    xmin: 1134
    ymin: 397
    xmax: 1173
    ymax: 425
  - 
    Class: "car"
    probability: 0.921239852905
    xmin: 1083
    ymin: 406
    xmax: 1123
    ymax: 440
  - 
    Class: "car"
    probability: 0.884028792381
    xmin: 907
    ymin: 417
    xmax: 954
    ymax: 468
  - 
    Class: "car"
    probability: 0.891250550747
    xmin: 739
    ymin: 373
    xmax: 769
    ymax: 396
  - 
    Class: "car"
    probability: 0.827647387981
    xmin: 833
    ymin: 421
    xmax: 874
    ymax: 458
---
header: 
  seq: 2586
  stamp: 
    secs: 1562112926
    nsecs:  81285458
  frame_id: "detection"
image_header: 
  seq: 4415
  stamp: 
    secs: 1562112925
    nsecs: 917957747
  frame_id: "videofile_frame"
bounding_boxes: 
  - 
    Class: "car"
    probability: 0.983008801937
    xmin: 1026
    ymin: 384
    xmax: 1074
    ymax: 421
  - 
    Class: "car"
    probability: 0.95112991333
    xmin: 752
    ymin: 456
    xmax: 811
    ymax: 503
  - 
    Class: "car"
    probability: 0.965741217136
    xmin: 1136
    ymin: 396
    xmax: 1176
    ymax: 425
  - 
    Class: "car"
    probability: 0.844324171543
    xmin: 1024
    ymin: 470
    xmax: 1102
    ymax: 547
  - 
    Class: "car"
    probability: 0.959108173847
    xmin: 947
    ymin: 404
    xmax: 987
    ymax: 434
  - 
    Class: "car"
    probability: 0.911327302456
    xmin: 737
    ymin: 371
    xmax: 768
    ymax: 395
  - 
    Class: "car"
    probability: 0.896556198597
    xmin: 906
    ymin: 413
    xmax: 950
    ymax: 464
  - 
    Class: "car"
    probability: 0.857873260975
    xmin: 1088
    ymin: 401
    xmax: 1136
    ymax: 440
---
header: 
  seq: 2587
  stamp: 
    secs: 1562112926
    nsecs: 122673285
  frame_id: "detection"
image_header: 
  seq: 4416
  stamp: 
    secs: 1562112925
    nsecs: 951092723
  frame_id: "videofile_frame"
bounding_boxes: 
  - 
    Class: "car"
    probability: 0.971319139004
    xmin: 750
    ymin: 455
    xmax: 811
    ymax: 500
  - 
    Class: "car"
    probability: 0.975257873535
    xmin: 1140
    ymin: 396
    xmax: 1178
    ymax: 426
  - 
    Class: "car"
    probability: 0.970863699913
    xmin: 1028
    ymin: 384
    xmax: 1071
    ymax: 419
  - 
    Class: "car"
    probability: 0.966668426991
    xmin: 945
    ymin: 405
    xmax: 987
    ymax: 437
  - 
    Class: "car"
    probability: 0.937023758888
    xmin: 738
    ymin: 371
    xmax: 769
    ymax: 393
  - 
    Class: "car"
    probability: 0.851117789745
    xmin: 1017
    ymin: 472
    xmax: 1098
    ymax: 544
  - 
    Class: "car"
    probability: 0.893416285515
    xmin: 1089
    ymin: 400
    xmax: 1135
    ymax: 438
  - 
    Class: "car"
    probability: 0.853561162949
    xmin: 827
    ymin: 417
    xmax: 864
    ymax: 454
---
header: 
  seq: 2588
  stamp: 
    secs: 1562112926
    nsecs: 178514579
  frame_id: "detection"
image_header: 
  seq: 4418
  stamp: 
    secs: 1562112926
    nsecs:  17213444
  frame_id: "videofile_frame"
bounding_boxes: 
  - 
    Class: "car"
    probability: 0.879047811031
    xmin: 1264
    ymin: 441
    xmax: 1341
    ymax: 500
  - 
    Class: "car"
    probability: 0.966757416725
    xmin: 749
    ymin: 448
    xmax: 810
    ymax: 499
  - 
    Class: "car"
    probability: 0.971930205822
    xmin: 1142
    ymin: 400
    xmax: 1181
    ymax: 430
  - 
    Class: "car"
    probability: 0.967224657536
    xmin: 1031
    ymin: 388
    xmax: 1077
    ymax: 426
  - 
    Class: "car"
    probability: 0.950467348099
    xmin: 1092
    ymin: 417
    xmax: 1134
    ymax: 456
  - 
    Class: "car"
    probability: 0.93496286869
    xmin: 1015
    ymin: 471
    xmax: 1091
    ymax: 540
  - 
    Class: "car"
    probability: 0.910136044025
    xmin: 739
    ymin: 370
    xmax: 767
    ymax: 391
  - 
    Class: "car"
    probability: 0.895828425884
    xmin: 897
    ymin: 417
    xmax: 940
    ymax: 461
  - 
    Class: "car"
    probability: 0.864755451679
    xmin: 828
    ymin: 417
    xmax: 864
    ymax: 451
  - 
    Class: "car"
    probability: 0.84386074543
    xmin: 935
    ymin: 396
    xmax: 973
    ymax: 431
---
header: 
  seq: 2589
  stamp: 
    secs: 1562112926
    nsecs: 225722957
  frame_id: "detection"
image_header: 
  seq: 4419
  stamp: 
    secs: 1562112926
    nsecs:  51116124
  frame_id: "videofile_frame"
bounding_boxes: 
  - 
    Class: "car"
    probability: 0.904260456562
    xmin: 1267
    ymin: 447
    xmax: 1349
    ymax: 500
  - 
    Class: "car"
    probability: 0.980022549629
    xmin: 1143
    ymin: 401
    xmax: 1185
    ymax: 431
  - 
    Class: "car"
    probability: 0.970125317574
    xmin: 746
    ymin: 449
    xmax: 811
    ymax: 498
  - 
    Class: "car"
    probability: 0.976556360722
    xmin: 1036
    ymin: 390
    xmax: 1083
    ymax: 427
  - 
    Class: "car"
    probability: 0.954298436642
    xmin: 1009
    ymin: 467
    xmax: 1088
    ymax: 527
  - 
    Class: "car"
    probability: 0.957377851009
    xmin: 929
    ymin: 398
    xmax: 972
    ymax: 432
  - 
    Class: "car"
    probability: 0.89374345541
    xmin: 896
    ymin: 415
    xmax: 941
    ymax: 461
  - 
    Class: "car"
    probability: 0.902427017689
    xmin: 1094
    ymin: 420
    xmax: 1139
    ymax: 456
  - 
    Class: "car"
    probability: 0.868184685707
    xmin: 738
    ymin: 371
    xmax: 765
    ymax: 391
---
header: 
  seq: 2590
  stamp: 
    secs: 1562112926
    nsecs: 287722733
  frame_id: "detection"
image_header: 
  seq: 4421
  stamp: 
    secs: 1562112926
    nsecs: 118247282
  frame_id: "videofile_frame"
bounding_boxes: 
  - 
    Class: "car"
    probability: 0.981513917446
    xmin: 1002
    ymin: 463
    xmax: 1078
    ymax: 525
  - 
    Class: "car"
    probability: 0.976195931435
    xmin: 929
    ymin: 397
    xmax: 971
    ymax: 430
  - 
    Class: "car"
    probability: 0.964068830013
    xmin: 749
    ymin: 446
    xmax: 808
    ymax: 497
  - 
    Class: "car"
    probability: 0.978565573692
    xmin: 1036
    ymin: 391
    xmax: 1081
    ymax: 426
  - 
    Class: "car"
    probability: 0.940718054771
    xmin: 1099
    ymin: 412
    xmax: 1143
    ymax: 459
  - 
    Class: "car"
    probability: 0.930907607079
    xmin: 823
    ymin: 415
    xmax: 863
    ymax: 449
  - 
    Class: "car"
    probability: 0.893790602684
    xmin: 1150
    ymin: 401
    xmax: 1190
    ymax: 431
  - 
    Class: "car"
    probability: 0.837881803513
    xmin: 898
    ymin: 408
    xmax: 938
    ymax: 462
---
header: 
  seq: 2591
  stamp: 
    secs: 1562112926
    nsecs: 338823746
  frame_id: "detection"
image_header: 
  seq: 4422
  stamp: 
    secs: 1562112926
    nsecs: 151096341
  frame_id: "videofile_frame"
bounding_boxes: 
  - 
    Class: "car"
    probability: 0.871753036976
    xmin: 1277
    ymin: 448
    xmax: 1372
    ymax: 508
  - 
    Class: "car"
    probability: 0.98209965229
    xmin: 1103
    ymin: 420
    xmax: 1153
    ymax: 461
  - 
    Class: "car"
    probability: 0.970946192741
    xmin: 1000
    ymin: 458
    xmax: 1075
    ymax: 523
  - 
    Class: "car"
    probability: 0.975003302097
    xmin: 1037
    ymin: 396
    xmax: 1082
    ymax: 432
  - 
    Class: "car"
    probability: 0.95820337534
    xmin: 928
    ymin: 397
    xmax: 968
    ymax: 430
  - 
    Class: "car"
    probability: 0.941317617893
    xmin: 750
    ymin: 448
    xmax: 808
    ymax: 494
  - 
    Class: "car"
    probability: 0.925234138966
    xmin: 823
    ymin: 414
    xmax: 864
    ymax: 448
  - 
    Class: "car"
    probability: 0.845490574837
    xmin: 897
    ymin: 410
    xmax: 937
    ymax: 461
  - 
    Class: "car"
    probability: 0.888512134552
    xmin: 1152
    ymin: 403
    xmax: 1194
    ymax: 432
---
header: 
  seq: 2592
  stamp: 
    secs: 1562112926
    nsecs: 383063259
  frame_id: "detection"
image_header: 
  seq: 4424
  stamp: 
    secs: 1562112926
    nsecs: 218625640
  frame_id: "videofile_frame"
bounding_boxes: 
  - 
    Class: "car"
    probability: 0.990490376949
    xmin: 1106
    ymin: 420
    xmax: 1160
    ymax: 462
  - 
    Class: "car"
    probability: 0.949534893036
    xmin: 924
    ymin: 396
    xmax: 966
    ymax: 429
  - 
    Class: "car"
    probability: 0.919621706009
    xmin: 996
    ymin: 451
    xmax: 1065
    ymax: 515
  - 
    Class: "car"
    probability: 0.922931015491
    xmin: 755
    ymin: 439
    xmax: 805
    ymax: 485
  - 
    Class: "car"
    probability: 0.926118731499
    xmin: 1039
    ymin: 395
    xmax: 1084
    ymax: 433
  - 
    Class: "car"
    probability: 0.899512588978
    xmin: 894
    ymin: 411
    xmax: 939
    ymax: 460
  - 
    Class: "car"
    probability: 0.887793362141
    xmin: 1162
    ymin: 405
    xmax: 1208
    ymax: 437
  - 
    Class: "car"
    probability: 0.80057311058
    xmin: 725
    ymin: 534
    xmax: 801
    ymax: 590
  - 
    Class: "car"
    probability: 0.825896024704
    xmin: 867
    ymin: 1010
    xmax: 1107
    ymax: 1080
  - 
    Class: "car"
    probability: 0.840254366398
    xmin: 735
    ymin: 368
    xmax: 761
    ymax: 392
  - 
    Class: "car"
    probability: 0.846968591213
    xmin: 1058
    ymin: 387
    xmax: 1107
    ymax: 423
---
header: 
  seq: 2593
  stamp: 
    secs: 1562112926
    nsecs: 442510681
  frame_id: "detection"
image_header: 
  seq: 4426
  stamp: 
    secs: 1562112926
    nsecs: 282690708
  frame_id: "videofile_frame"
bounding_boxes: 
  - 
    Class: "car"
    probability: 0.969507277012
    xmin: 1309
    ymin: 461
    xmax: 1388
    ymax: 514
  - 
    Class: "car"
    probability: 0.984768509865
    xmin: 1109
    ymin: 419
    xmax: 1165
    ymax: 461
  - 
    Class: "car"
    probability: 0.973469614983
    xmin: 993
    ymin: 450
    xmax: 1064
    ymax: 508
  - 
    Class: "car"
    probability: 0.957419812679
    xmin: 1053
    ymin: 388
    xmax: 1103
    ymax: 428
  - 
    Class: "car"
    probability: 0.955403923988
    xmin: 1167
    ymin: 407
    xmax: 1212
    ymax: 438
  - 
    Class: "car"
    probability: 0.934990763664
    xmin: 754
    ymin: 438
    xmax: 804
    ymax: 484
  - 
    Class: "car"
    probability: 0.823249518871
    xmin: 858
    ymin: 944
    xmax: 1104
    ymax: 1080
  - 
    Class: "car"
    probability: 0.916690886021
    xmin: 920
    ymin: 395
    xmax: 960
    ymax: 426
  - 
    Class: "car"
    probability: 0.82456189394
    xmin: 891
    ymin: 410
    xmax: 936
    ymax: 458
  - 
    Class: "car"
    probability: 0.831276774406
    xmin: 735
    ymin: 366
    xmax: 762
    ymax: 389
---
header: 
  seq: 2594
  stamp: 
    secs: 1562112926
    nsecs: 492199847
  frame_id: "detection"
image_header: 
  seq: 4427
  stamp: 
    secs: 1562112926
    nsecs: 317654884
  frame_id: "videofile_frame"
bounding_boxes: 
  - 
    Class: "car"
    probability: 0.972536146641
    xmin: 991
    ymin: 450
    xmax: 1059
    ymax: 506
  - 
    Class: "car"
    probability: 0.915255665779
    xmin: 1313
    ymin: 457
    xmax: 1399
    ymax: 520
  - 
    Class: "car"
    probability: 0.96459621191
    xmin: 755
    ymin: 438
    xmax: 804
    ymax: 482
  - 
    Class: "car"
    probability: 0.957651078701
    xmin: 1055
    ymin: 394
    xmax: 1102
    ymax: 432
  - 
    Class: "car"
    probability: 0.958469331264
    xmin: 1111
    ymin: 426
    xmax: 1168
    ymax: 464
  - 
    Class: "car"
    probability: 0.935616195202
    xmin: 1169
    ymin: 406
    xmax: 1215
    ymax: 439
  - 
    Class: "car"
    probability: 0.899821400642
    xmin: 921
    ymin: 394
    xmax: 960
    ymax: 426
  - 
    Class: "car"
    probability: 0.819890737534
    xmin: 727
    ymin: 521
    xmax: 800
    ymax: 578
  - 
    Class: "car"
    probability: 0.806641876698
    xmin: 735
    ymin: 366
    xmax: 762
    ymax: 387
---
header: 
  seq: 2595
  stamp: 
    secs: 1562112926
    nsecs: 542874932
  frame_id: "detection"
image_header: 
  seq: 4429
  stamp: 
    secs: 1562112926
    nsecs: 383579843
  frame_id: "videofile_frame"
bounding_boxes: 
  - 
    Class: "car"
    probability: 0.967705607414
    xmin: 862
    ymin: 909
    xmax: 1084
    ymax: 1076
  - 
    Class: "car"
    probability: 0.956537723541
    xmin: 987
    ymin: 447
    xmax: 1052
    ymax: 504
  - 
    Class: "car"
    probability: 0.976397335529
    xmin: 1060
    ymin: 395
    xmax: 1105
    ymax: 432
  - 
    Class: "car"
    probability: 0.926904797554
    xmin: 1122
    ymin: 421
    xmax: 1175
    ymax: 469
  - 
    Class: "car"
    probability: 0.935139656067
    xmin: 822
    ymin: 406
    xmax: 858
    ymax: 437
  - 
    Class: "car"
    probability: 0.930051863194
    xmin: 756
    ymin: 439
    xmax: 803
    ymax: 480
  - 
    Class: "car"
    probability: 0.898872673512
    xmin: 917
    ymin: 393
    xmax: 959
    ymax: 425
  - 
    Class: "car"
    probability: 0.887806236744
    xmin: 1175
    ymin: 408
    xmax: 1218
    ymax: 440
  - 
    Class: "car"
    probability: 0.848626792431
    xmin: 889
    ymin: 411
    xmax: 934
    ymax: 456
---
header: 
  seq: 2596
  stamp: 
    secs: 1562112926
    nsecs: 604566243
  frame_id: "detection"
image_header: 
  seq: 4430
  stamp: 
    secs: 1562112926
    nsecs: 417974711
  frame_id: "videofile_frame"
bounding_boxes: 
  - 
    Class: "car"
    probability: 0.983549356461
    xmin: 984
    ymin: 445
    xmax: 1047
    ymax: 500
  - 
    Class: "car"
    probability: 0.972154855728
    xmin: 1126
    ymin: 422
    xmax: 1177
    ymax: 472
  - 
    Class: "car"
    probability: 0.98026818037
    xmin: 1060
    ymin: 396
    xmax: 1108
    ymax: 432
  - 
    Class: "car"
    probability: 0.967302262783
    xmin: 1330
    ymin: 466
    xmax: 1420
    ymax: 526
  - 
    Class: "car"
    probability: 0.970070004463
    xmin: 756
    ymin: 438
    xmax: 804
    ymax: 478
  - 
    Class: "car"
    probability: 0.932967185974
    xmin: 822
    ymin: 405
    xmax: 857
    ymax: 436
  - 
    Class: "car"
    probability: 0.930197894573
    xmin: 919
    ymin: 392
    xmax: 959
    ymax: 425
  - 
    Class: "car"
    probability: 0.922022879124
    xmin: 1179
    ymin: 407
    xmax: 1226
    ymax: 441
  - 
    Class: "car"
    probability: 0.861148357391
    xmin: 732
    ymin: 514
    xmax: 798
    ymax: 574
  - 
    Class: "car"
    probability: 0.878272771835
    xmin: 889
    ymin: 413
    xmax: 933
    ymax: 454
  - 
    Class: "car"
    probability: 0.82839012146
    xmin: 828
    ymin: 516
    xmax: 900
    ymax: 579
---
header: 
  seq: 2597
  stamp: 
    secs: 1562112926
    nsecs: 649089145
  frame_id: "detection"
image_header: 
  seq: 4432
  stamp: 
    secs: 1562112926
    nsecs: 484122975
  frame_id: "videofile_frame"
bounding_boxes: 
  - 
    Class: "car"
    probability: 0.863242268562
    xmin: 855
    ymin: 838
    xmax: 1053
    ymax: 1080
  - 
    Class: "car"
    probability: 0.988748967648
    xmin: 1064
    ymin: 392
    xmax: 1111
    ymax: 433
  - 
    Class: "car"
    probability: 0.985045850277
    xmin: 1129
    ymin: 430
    xmax: 1180
    ymax: 473
  - 
    Class: "car"
    probability: 0.975972235203
    xmin: 981
    ymin: 437
    xmax: 1042
    ymax: 501
  - 
    Class: "car"
    probability: 0.954895138741
    xmin: 821
    ymin: 405
    xmax: 855
    ymax: 437
  - 
    Class: "car"
    probability: 0.938796639442
    xmin: 1338
    ymin: 467
    xmax: 1435
    ymax: 529
  - 
    Class: "car"
    probability: 0.94882786274
    xmin: 757
    ymin: 433
    xmax: 803
    ymax: 472
  - 
    Class: "car"
    probability: 0.859583556652
    xmin: 890
    ymin: 396
    xmax: 932
    ymax: 440
  - 
    Class: "car"
    probability: 0.862445533276
    xmin: 1027
    ymin: 369
    xmax: 1059
    ymax: 394
  - 
    Class: "car"
    probability: 0.823832929134
    xmin: 1184
    ymin: 408
    xmax: 1230
    ymax: 442
  - 
    Class: "car"
    probability: 0.817198038101
    xmin: 961
    ymin: 370
    xmax: 997
    ymax: 394
  - 
    Class: "car"
    probability: 0.814236938953
    xmin: 915
    ymin: 388
    xmax: 955
    ymax: 421
---
header: 
  seq: 2598
  stamp: 
    secs: 1562112926
    nsecs: 697993118
  frame_id: "detection"
image_header: 
  seq: 4433
  stamp: 
    secs: 1562112926
    nsecs: 518497813
  frame_id: "videofile_frame"
bounding_boxes: 
  - 
    Class: "car"
    probability: 0.991058528423
    xmin: 1066
    ymin: 395
    xmax: 1115
    ymax: 434
  - 
    Class: "car"
    probability: 0.982041239738
    xmin: 1135
    ymin: 424
    xmax: 1187
    ymax: 470
  - 
    Class: "car"
    probability: 0.979009032249
    xmin: 971
    ymin: 437
    xmax: 1039
    ymax: 498
  - 
    Class: "car"
    probability: 0.969130754471
    xmin: 756
    ymin: 436
    xmax: 802
    ymax: 473
  - 
    Class: "car"
    probability: 0.962751209736
    xmin: 821
    ymin: 405
    xmax: 852
    ymax: 434
  - 
    Class: "car"
    probability: 0.891326129436
    xmin: 1186
    ymin: 406
    xmax: 1236
    ymax: 442
  - 
    Class: "car"
    probability: 0.885124623775
    xmin: 734
    ymin: 508
    xmax: 801
    ymax: 558
  - 
    Class: "car"
    probability: 0.87426841259
    xmin: 887
    ymin: 398
    xmax: 929
    ymax: 438
  - 
    Class: "car"
    probability: 0.878135561943
    xmin: 916
    ymin: 391
    xmax: 957
    ymax: 422
  - 
    Class: "car"
    probability: 0.821729302406
    xmin: 1027
    ymin: 370
    xmax: 1061
    ymax: 394
---
header: 
  seq: 2599
  stamp: 
    secs: 1562112926
    nsecs: 754832334
  frame_id: "detection"
image_header: 
  seq: 4435
  stamp: 
    secs: 1562112926
    nsecs: 583648201
  frame_id: "videofile_frame"
bounding_boxes: 
  - 
    Class: "car"
    probability: 0.917302310467
    xmin: 1362
    ymin: 472
    xmax: 1458
    ymax: 543
  - 
    Class: "car"
    probability: 0.976916134357
    xmin: 1139
    ymin: 428
    xmax: 1196
    ymax: 473
  - 
    Class: "car"
    probability: 0.977748632431
    xmin: 759
    ymin: 429
    xmax: 802
    ymax: 468
  - 
    Class: "car"
    probability: 0.974933743477
    xmin: 968
    ymin: 433
    xmax: 1035
    ymax: 490
  - 
    Class: "car"
    probability: 0.977599740028
    xmin: 820
    ymin: 400
    xmax: 852
    ymax: 430
  - 
    Class: "car"
    probability: 0.970786035061
    xmin: 1070
    ymin: 397
    xmax: 1119
    ymax: 433
  - 
    Class: "car"
    probability: 0.860061466694
    xmin: 891
    ymin: 397
    xmax: 931
    ymax: 436
  - 
    Class: "car"
    probability: 0.861396193504
    xmin: 913
    ymin: 386
    xmax: 953
    ymax: 417
  - 
    Class: "car"
    probability: 0.819357812405
    xmin: 737
    ymin: 507
    xmax: 799
    ymax: 554
---
header: 
  seq: 2600
  stamp: 
    secs: 1562112926
    nsecs: 799461430
  frame_id: "detection"
image_header: 
  seq: 4436
  stamp: 
    secs: 1562112926
    nsecs: 617934802
  frame_id: "videofile_frame"
bounding_boxes: 
  - 
    Class: "car"
    probability: 0.973691701889
    xmin: 1141
    ymin: 426
    xmax: 1198
    ymax: 473
  - 
    Class: "car"
    probability: 0.977519750595
    xmin: 758
    ymin: 427
    xmax: 802
    ymax: 467
  - 
    Class: "car"
    probability: 0.978438079357
    xmin: 969
    ymin: 434
    xmax: 1034
    ymax: 488
  - 
    Class: "car"
    probability: 0.971603214741
    xmin: 820
    ymin: 403
    xmax: 850
    ymax: 432
  - 
    Class: "car"
    probability: 0.968285024166
    xmin: 1073
    ymin: 398
    xmax: 1118
    ymax: 436
  - 
    Class: "car"
    probability: 0.9197306633
    xmin: 891
    ymin: 396
    xmax: 932
    ymax: 434
  - 
    Class: "car"
    probability: 0.893782377243
    xmin: 1199
    ymin: 414
    xmax: 1247
    ymax: 451
  - 
    Class: "car"
    probability: 0.843362927437
    xmin: 739
    ymin: 501
    xmax: 799
    ymax: 550
  - 
    Class: "car"
    probability: 0.816742539406
    xmin: 1030
    ymin: 370
    xmax: 1065
    ymax: 394
---
header: 
  seq: 2601
  stamp: 
    secs: 1562112926
    nsecs: 850820098
  frame_id: "detection"
image_header: 
  seq: 4438
  stamp: 
    secs: 1562112926
    nsecs: 685153770
  frame_id: "videofile_frame"
bounding_boxes: 
  - 
    Class: "car"
    probability: 0.984149158001
    xmin: 1207
    ymin: 415
    xmax: 1254
    ymax: 454
  - 
    Class: "car"
    probability: 0.975168704987
    xmin: 760
    ymin: 422
    xmax: 802
    ymax: 465
  - 
    Class: "car"
    probability: 0.968762338161
    xmin: 1147
    ymin: 427
    xmax: 1204
    ymax: 473
  - 
    Class: "car"
    probability: 0.966969192028
    xmin: 887
    ymin: 394
    xmax: 929
    ymax: 433
  - 
    Class: "car"
    probability: 0.960189342499
    xmin: 1077
    ymin: 398
    xmax: 1124
    ymax: 437
  - 
    Class: "car"
    probability: 0.950361132622
    xmin: 820
    ymin: 399
    xmax: 852
    ymax: 428
  - 
    Class: "car"
    probability: 0.917870640755
    xmin: 966
    ymin: 432
    xmax: 1032
    ymax: 479
  - 
    Class: "car"
    probability: 0.844322919846
    xmin: 1033
    ymin: 373
    xmax: 1072
    ymax: 397
  - 
    Class: "car"
    probability: 0.825789093971
    xmin: 964
    ymin: 372
    xmax: 1004
    ymax: 398
---
header: 
  seq: 2602
  stamp: 
    secs: 1562112926
    nsecs: 904394130
  frame_id: "detection"
image_header: 
  seq: 4439
  stamp: 
    secs: 1562112926
    nsecs: 718573519
  frame_id: "videofile_frame"
bounding_boxes: 
  - 
    Class: "car"
    probability: 0.984465181828
    xmin: 1206
    ymin: 414
    xmax: 1256
    ymax: 454
  - 
    Class: "car"
    probability: 0.972846984863
    xmin: 818
    ymin: 400
    xmax: 852
    ymax: 428
  - 
    Class: "car"
    probability: 0.971075773239
    xmin: 759
    ymin: 422
    xmax: 801
    ymax: 463
  - 
    Class: "car"
    probability: 0.958686411381
    xmin: 1093
    ymin: 396
    xmax: 1139
    ymax: 429
  - 
    Class: "car"
    probability: 0.945979595184
    xmin: 886
    ymin: 394
    xmax: 928
    ymax: 433
  - 
    Class: "car"
    probability: 0.94227039814
    xmin: 1146
    ymin: 428
    xmax: 1206
    ymax: 469
  - 
    Class: "car"
    probability: 0.931535243988
    xmin: 965
    ymin: 429
    xmax: 1018
    ymax: 477
  - 
    Class: "car"
    probability: 0.89251601696
    xmin: 1034
    ymin: 376
    xmax: 1070
    ymax: 397
  - 
    Class: "car"
    probability: 0.807144999504
    xmin: 741
    ymin: 492
    xmax: 796
    ymax: 538
  - 
    Class: "car"
    probability: 0.816113054752
    xmin: 967
    ymin: 372
    xmax: 1006
    ymax: 397
  - 
    Class: "car"
    probability: 0.812742888927
    xmin: 1079
    ymin: 401
    xmax: 1123
    ymax: 437
---
header: 
  seq: 2603
  stamp: 
    secs: 1562112926
    nsecs: 960659633
  frame_id: "detection"
image_header: 
  seq: 4441
  stamp: 
    secs: 1562112926
    nsecs: 784757487
  frame_id: "videofile_frame"
bounding_boxes: 
  - 
    Class: "car"
    probability: 0.985692381859
    xmin: 1213
    ymin: 418
    xmax: 1262
    ymax: 451
  - 
    Class: "car"
    probability: 0.982225418091
    xmin: 966
    ymin: 421
    xmax: 1016
    ymax: 471
  - 
    Class: "car"
    probability: 0.971398591995
    xmin: 818
    ymin: 396
    xmax: 849
    ymax: 426
  - 
    Class: "car"
    probability: 0.975349009037
    xmin: 1163
    ymin: 449
    xmax: 1223
    ymax: 494
  - 
    Class: "car"
    probability: 0.825406730175
    xmin: 1407
    ymin: 484
    xmax: 1507
    ymax: 560
  - 
    Class: "car"
    probability: 0.959554672241
    xmin: 760
    ymin: 423
    xmax: 800
    ymax: 460
  - 
    Class: "car"
    probability: 0.907773315907
    xmin: 885
    ymin: 395
    xmax: 926
    ymax: 431
  - 
    Class: "car"
    probability: 0.862664341927
    xmin: 1077
    ymin: 413
    xmax: 1128
    ymax: 454
  - 
    Class: "car"
    probability: 0.834888041019
    xmin: 1097
    ymin: 396
    xmax: 1139
    ymax: 429
---
header: 
  seq: 2604
  stamp: 
    secs: 1562112927
    nsecs:  14679242
  frame_id: "detection"
image_header: 
  seq: 4443
  stamp: 
    secs: 1562112926
    nsecs: 849942516
  frame_id: "videofile_frame"
bounding_boxes: 
  - 
    Class: "car"
    probability: 0.985796034336
    xmin: 964
    ymin: 423
    xmax: 1013
    ymax: 469
  - 
    Class: "car"
    probability: 0.982830524445
    xmin: 883
    ymin: 391
    xmax: 927
    ymax: 427
  - 
    Class: "car"
    probability: 0.972644746304
    xmin: 1224
    ymin: 418
    xmax: 1272
    ymax: 460
  - 
    Class: "car"
    probability: 0.977341651917
    xmin: 815
    ymin: 396
    xmax: 850
    ymax: 424
  - 
    Class: "car"
    probability: 0.967892944813
    xmin: 1094
    ymin: 400
    xmax: 1139
    ymax: 438
  - 
    Class: "car"
    probability: 0.957584917545
    xmin: 1174
    ymin: 445
    xmax: 1229
    ymax: 497
  - 
    Class: "car"
    probability: 0.947540342808
    xmin: 757
    ymin: 419
    xmax: 801
    ymax: 460
  - 
    Class: "car"
    probability: 0.806709885597
    xmin: 833
    ymin: 490
    xmax: 889
    ymax: 537
---
header: 
  seq: 2605
  stamp: 
    secs: 1562112927
    nsecs:  73412708
  frame_id: "detection"
image_header: 
  seq: 4444
  stamp: 
    secs: 1562112926
    nsecs: 885440661
  frame_id: "videofile_frame"
bounding_boxes: 
  - 
    Class: "car"
    probability: 0.991167783737
    xmin: 962
    ymin: 419
    xmax: 1010
    ymax: 468
  - 
    Class: "car"
    probability: 0.9733543396
    xmin: 882
    ymin: 390
    xmax: 926
    ymax: 424
  - 
    Class: "car"
    probability: 0.972257435322
    xmin: 1099
    ymin: 399
    xmax: 1141
    ymax: 439
  - 
    Class: "car"
    probability: 0.966789245605
    xmin: 1177
    ymin: 448
    xmax: 1238
    ymax: 498
  - 
    Class: "car"
    probability: 0.948508560658
    xmin: 760
    ymin: 417
    xmax: 802
    ymax: 456
  - 
    Class: "car"
    probability: 0.940420925617
    xmin: 816
    ymin: 394
    xmax: 847
    ymax: 422
  - 
    Class: "car"
    probability: 0.903793931007
    xmin: 833
    ymin: 488
    xmax: 888
    ymax: 535
  - 
    Class: "car"
    probability: 0.914596676826
    xmin: 1169
    ymin: 429
    xmax: 1224
    ymax: 476
  - 
    Class: "car"
    probability: 0.869993209839
    xmin: 1228
    ymin: 417
    xmax: 1275
    ymax: 454
---
header: 
  seq: 2606
  stamp: 
    secs: 1562112927
    nsecs: 118516198
  frame_id: "detection"
image_header: 
  seq: 4446
  stamp: 
    secs: 1562112926
    nsecs: 949888616
  frame_id: "videofile_frame"
bounding_boxes: 
  - 
    Class: "car"
    probability: 0.993933796883
    xmin: 957
    ymin: 419
    xmax: 1005
    ymax: 467
  - 
    Class: "car"
    probability: 0.989269554615
    xmin: 1236
    ymin: 426
    xmax: 1288
    ymax: 466
  - 
    Class: "car"
    probability: 0.987986862659
    xmin: 1099
    ymin: 415
    xmax: 1145
    ymax: 462
  - 
    Class: "car"
    probability: 0.917774200439
    xmin: 1452
    ymin: 495
    xmax: 1561
    ymax: 575
  - 
    Class: "car"
    probability: 0.971086978912
    xmin: 880
    ymin: 385
    xmax: 922
    ymax: 423
  - 
    Class: "car"
    probability: 0.956809878349
    xmin: 1176
    ymin: 432
    xmax: 1230
    ymax: 479
  - 
    Class: "car"
    probability: 0.950737059116
    xmin: 761
    ymin: 419
    xmax: 802
    ymax: 456
  - 
    Class: "car"
    probability: 0.954375863075
    xmin: 1180
    ymin: 448
    xmax: 1245
    ymax: 500
  - 
    Class: "car"
    probability: 0.898723840714
    xmin: 831
    ymin: 481
    xmax: 888
    ymax: 534
  - 
    Class: "car"
    probability: 0.906068623066
    xmin: 1105
    ymin: 399
    xmax: 1147
    ymax: 432
  - 
    Class: "car"
    probability: 0.853992640972
    xmin: 816
    ymin: 392
    xmax: 847
    ymax: 420
---
header: 
  seq: 2607
  stamp: 
    secs: 1562112927
    nsecs: 176101645
  frame_id: "detection"
image_header: 
  seq: 4447
  stamp: 
    secs: 1562112926
    nsecs: 984531978
  frame_id: "videofile_frame"
bounding_boxes: 
  - 
    Class: "car"
    probability: 0.991776227951
    xmin: 955
    ymin: 420
    xmax: 1002
    ymax: 466
  - 
    Class: "car"
    probability: 0.989848911762
    xmin: 1100
    ymin: 414
    xmax: 1147
    ymax: 462
  - 
    Class: "car"
    probability: 0.982522845268
    xmin: 1236
    ymin: 427
    xmax: 1290
    ymax: 466
  - 
    Class: "car"
    probability: 0.97028619051
    xmin: 879
    ymin: 385
    xmax: 922
    ymax: 421
  - 
    Class: "car"
    probability: 0.867382347584
    xmin: 1464
    ymin: 495
    xmax: 1566
    ymax: 577
  - 
    Class: "car"
    probability: 0.937967419624
    xmin: 758
    ymin: 417
    xmax: 802
    ymax: 460
  - 
    Class: "car"
    probability: 0.90850508213
    xmin: 814
    ymin: 390
    xmax: 848
    ymax: 420
  - 
    Class: "car"
    probability: 0.897547602654
    xmin: 1186
    ymin: 463
    xmax: 1255
    ymax: 512
  - 
    Class: "car"
    probability: 0.872754454613
    xmin: 1179
    ymin: 430
    xmax: 1233
    ymax: 479
  - 
    Class: "car"
    probability: 0.841762065887
    xmin: 826
    ymin: 483
    xmax: 887
    ymax: 532
---
header: 
  seq: 2608
  stamp: 
    secs: 1562112927
    nsecs: 220239592
  frame_id: "detection"
image_header: 
  seq: 4449
  stamp: 
    secs: 1562112927
    nsecs:  51718264
  frame_id: "videofile_frame"
bounding_boxes: 
  - 
    Class: "car"
    probability: 0.994488418102
    xmin: 1106
    ymin: 412
    xmax: 1156
    ymax: 463
  - 
    Class: "car"
    probability: 0.991560220718
    xmin: 1242
    ymin: 428
    xmax: 1297
    ymax: 469
  - 
    Class: "car"
    probability: 0.990520715714
    xmin: 1186
    ymin: 462
    xmax: 1262
    ymax: 518
  - 
    Class: "car"
    probability: 0.980470538139
    xmin: 952
    ymin: 415
    xmax: 999
    ymax: 466
  - 
    Class: "car"
    probability: 0.971486151218
    xmin: 880
    ymin: 385
    xmax: 924
    ymax: 420
  - 
    Class: "car"
    probability: 0.948567688465
    xmin: 759
    ymin: 414
    xmax: 800
    ymax: 455
  - 
    Class: "car"
    probability: 0.934344828129
    xmin: 813
    ymin: 391
    xmax: 847
    ymax: 421
  - 
    Class: "car"
    probability: 0.832382321358
    xmin: 745
    ymin: 473
    xmax: 796
    ymax: 518
---
header: 
  seq: 2609
  stamp: 
    secs: 1562112927
    nsecs: 278611206
  frame_id: "detection"
image_header: 
  seq: 4451
  stamp: 
    secs: 1562112927
    nsecs: 116595437
  frame_id: "videofile_frame"
bounding_boxes: 
  - 
    Class: "car"
    probability: 0.9934258461
    xmin: 1106
    ymin: 414
    xmax: 1167
    ymax: 467
  - 
    Class: "car"
    probability: 0.988881289959
    xmin: 1254
    ymin: 430
    xmax: 1309
    ymax: 471
  - 
    Class: "car"
    probability: 0.990015745163
    xmin: 1193
    ymin: 456
    xmax: 1267
    ymax: 514
  - 
    Class: "car"
    probability: 0.98666882515
    xmin: 946
    ymin: 415
    xmax: 997
    ymax: 460
  - 
    Class: "car"
    probability: 0.949000418186
    xmin: 879
    ymin: 387
    xmax: 921
    ymax: 421
  - 
    Class: "car"
    probability: 0.927160799503
    xmin: 760
    ymin: 416
    xmax: 800
    ymax: 452
  - 
    Class: "car"
    probability: 0.890554428101
    xmin: 745
    ymin: 468
    xmax: 796
    ymax: 513
  - 
    Class: "car"
    probability: 0.858781278133
    xmin: 917
    ymin: 363
    xmax: 958
    ymax: 391
  - 
    Class: "car"
    probability: 0.832598149776
    xmin: 835
    ymin: 473
    xmax: 886
    ymax: 518
  - 
    Class: "car"
    probability: 0.827940404415
    xmin: 811
    ymin: 390
    xmax: 846
    ymax: 419
---
header: 
  seq: 2610
  stamp: 
    secs: 1562112927
    nsecs: 328833756
  frame_id: "detection"
image_header: 
  seq: 4452
  stamp: 
    secs: 1562112927
    nsecs: 151992692
  frame_id: "videofile_frame"
bounding_boxes: 
  - 
    Class: "car"
    probability: 0.993517100811
    xmin: 1200
    ymin: 465
    xmax: 1274
    ymax: 513
  - 
    Class: "car"
    probability: 0.988689720631
    xmin: 1110
    ymin: 415
    xmax: 1169
    ymax: 465
  - 
    Class: "car"
    probability: 0.988708019257
    xmin: 1254
    ymin: 431
    xmax: 1314
    ymax: 471
  - 
    Class: "car"
    probability: 0.982337594032
    xmin: 945
    ymin: 412
    xmax: 996
    ymax: 460
  - 
    Class: "car"
    probability: 0.967509269714
    xmin: 878
    ymin: 384
    xmax: 922
    ymax: 420
  - 
    Class: "car"
    probability: 0.852703630924
    xmin: 860
    ymin: 607
    xmax: 957
    ymax: 744
  - 
    Class: "car"
    probability: 0.919790923595
    xmin: 757
    ymin: 414
    xmax: 800
    ymax: 454
  - 
    Class: "car"
    probability: 0.904123723507
    xmin: 987
    ymin: 380
    xmax: 1031
    ymax: 411
  - 
    Class: "car"
    probability: 0.844664156437
    xmin: 1056
    ymin: 384
    xmax: 1106
    ymax: 407
  - 
    Class: "car"
    probability: 0.826062142849
    xmin: 919
    ymin: 362
    xmax: 961
    ymax: 389
  - 
    Class: "car"
    probability: 0.802251040936
    xmin: 831
    ymin: 473
    xmax: 884
    ymax: 517
---
header: 
  seq: 2611
  stamp: 
    secs: 1562112927
    nsecs: 379850278
  frame_id: "detection"
image_header: 
  seq: 4453
  stamp: 
    secs: 1562112927
    nsecs: 185864535
  frame_id: "videofile_frame"
bounding_boxes: 
  - 
    Class: "car"
    probability: 0.922297954559
    xmin: 1341
    ymin: 772
    xmax: 1591
    ymax: 965
  - 
    Class: "car"
    probability: 0.987886369228
    xmin: 1206
    ymin: 458
    xmax: 1274
    ymax: 510
  - 
    Class: "car"
    probability: 0.978742897511
    xmin: 942
    ymin: 411
    xmax: 995
    ymax: 459
  - 
    Class: "car"
    probability: 0.975894212723
    xmin: 1111
    ymin: 415
    xmax: 1170
    ymax: 467
  - 
    Class: "car"
    probability: 0.942807197571
    xmin: 855
    ymin: 607
    xmax: 953
    ymax: 735
  - 
    Class: "car"
    probability: 0.959341645241
    xmin: 1254
    ymin: 428
    xmax: 1318
    ymax: 471
  - 
    Class: "car"
    probability: 0.948517501354
    xmin: 879
    ymin: 387
    xmax: 920
    ymax: 419
  - 
    Class: "car"
    probability: 0.947524964809
    xmin: 988
    ymin: 382
    xmax: 1031
    ymax: 412
  - 
    Class: "car"
    probability: 0.918507456779
    xmin: 1062
    ymin: 384
    xmax: 1104
    ymax: 407
  - 
    Class: "car"
    probability: 0.890226721764
    xmin: 760
    ymin: 413
    xmax: 800
    ymax: 449
---
header: 
  seq: 2612
  stamp: 
    secs: 1562112927
    nsecs: 428715040
  frame_id: "detection"
image_header: 
  seq: 4455
  stamp: 
    secs: 1562112927
    nsecs: 252069051
  frame_id: "videofile_frame"
bounding_boxes: 
  - 
    Class: "car"
    probability: 0.863493859768
    xmin: 1303
    ymin: 732
    xmax: 1532
    ymax: 925
  - 
    Class: "car"
    probability: 0.87338757515
    xmin: 1545
    ymin: 519
    xmax: 1681
    ymax: 615
  - 
    Class: "car"
    probability: 0.98838198185
    xmin: 1273
    ymin: 441
    xmax: 1331
    ymax: 474
  - 
    Class: "car"
    probability: 0.965726673603
    xmin: 1120
    ymin: 415
    xmax: 1179
    ymax: 471
  - 
    Class: "car"
    probability: 0.960364639759
    xmin: 938
    ymin: 411
    xmax: 991
    ymax: 457
  - 
    Class: "car"
    probability: 0.949928939342
    xmin: 1214
    ymin: 458
    xmax: 1285
    ymax: 506
  - 
    Class: "car"
    probability: 0.93379753828
    xmin: 991
    ymin: 383
    xmax: 1031
    ymax: 412
  - 
    Class: "car"
    probability: 0.930865168571
    xmin: 873
    ymin: 386
    xmax: 919
    ymax: 418
  - 
    Class: "car"
    probability: 0.880578935146
    xmin: 1063
    ymin: 385
    xmax: 1104
    ymax: 406
  - 
    Class: "car"
    probability: 0.816817104816
    xmin: 757
    ymin: 413
    xmax: 800
    ymax: 454
---
header: 
  seq: 2613
  stamp: 
    secs: 1562112927
    nsecs: 484247428
  frame_id: "detection"
image_header: 
  seq: 4457
  stamp: 
    secs: 1562112927
    nsecs: 317150209
  frame_id: "videofile_frame"
bounding_boxes: 
  - 
    Class: "car"
    probability: 0.974022507668
    xmin: 1274
    ymin: 705
    xmax: 1480
    ymax: 880
  - 
    Class: "car"
    probability: 0.987155973911
    xmin: 1124
    ymin: 417
    xmax: 1181
    ymax: 474
  - 
    Class: "car"
    probability: 0.982664823532
    xmin: 1234
    ymin: 479
    xmax: 1304
    ymax: 532
  - 
    Class: "car"
    probability: 0.981303334236
    xmin: 1274
    ymin: 441
    xmax: 1334
    ymax: 479
  - 
    Class: "car"
    probability: 0.907850384712
    xmin: 831
    ymin: 465
    xmax: 882
    ymax: 505
  - 
    Class: "car"
    probability: 0.8818141222
    xmin: 1070
    ymin: 388
    xmax: 1105
    ymax: 411
  - 
    Class: "car"
    probability: 0.881344795227
    xmin: 934
    ymin: 412
    xmax: 990
    ymax: 453
  - 
    Class: "car"
    probability: 0.882003724575
    xmin: 1215
    ymin: 440
    xmax: 1274
    ymax: 479
  - 
    Class: "car"
    probability: 0.833860099316
    xmin: 873
    ymin: 384
    xmax: 919
    ymax: 414
  - 
    Class: "car"
    probability: 0.828536868095
    xmin: 744
    ymin: 454
    xmax: 799
    ymax: 500
  - 
    Class: "car"
    probability: 0.81166434288
    xmin: 815
    ymin: 389
    xmax: 845
    ymax: 415
---
header: 
  seq: 2614
  stamp: 
    secs: 1562112927
    nsecs: 538123175
  frame_id: "detection"
image_header: 
  seq: 4458
  stamp: 
    secs: 1562112927
    nsecs: 350328752
  frame_id: "videofile_frame"
bounding_boxes: 
  - 
    Class: "car"
    probability: 0.938276231289
    xmin: 1259
    ymin: 701
    xmax: 1453
    ymax: 843
  - 
    Class: "car"
    probability: 0.989237725735
    xmin: 1128
    ymin: 418
    xmax: 1183
    ymax: 474
  - 
    Class: "car"
    probability: 0.982204020023
    xmin: 1239
    ymin: 480
    xmax: 1309
    ymax: 532
  - 
    Class: "car"
    probability: 0.979495704174
    xmin: 1283
    ymin: 444
    xmax: 1342
    ymax: 479
  - 
    Class: "car"
    probability: 0.939302265644
    xmin: 995
    ymin: 387
    xmax: 1035
    ymax: 416
  - 
    Class: "car"
    probability: 0.926989376545
    xmin: 1072
    ymin: 388
    xmax: 1108
    ymax: 411
  - 
    Class: "car"
    probability: 0.878246605396
    xmin: 870
    ymin: 384
    xmax: 916
    ymax: 415
  - 
    Class: "car"
    probability: 0.866859376431
    xmin: 1219
    ymin: 443
    xmax: 1274
    ymax: 478
  - 
    Class: "car"
    probability: 0.809230387211
    xmin: 936
    ymin: 410
    xmax: 979
    ymax: 453
---
header: 
  seq: 2615
  stamp: 
    secs: 1562112927
    nsecs: 592691802
  frame_id: "detection"
image_header: 
  seq: 4460
  stamp: 
    secs: 1562112927
    nsecs: 417520040
  frame_id: "videofile_frame"
bounding_boxes: 
  - 
    Class: "car"
    probability: 0.945686995983
    xmin: 1225
    ymin: 678
    xmax: 1417
    ymax: 823
  - 
    Class: "car"
    probability: 0.990558624268
    xmin: 1134
    ymin: 423
    xmax: 1193
    ymax: 474
  - 
    Class: "car"
    probability: 0.993222892284
    xmin: 1242
    ymin: 479
    xmax: 1326
    ymax: 537
  - 
    Class: "car"
    probability: 0.956367909908
    xmin: 1291
    ymin: 443
    xmax: 1351
    ymax: 481
  - 
    Class: "car"
    probability: 0.951055347919
    xmin: 1001
    ymin: 383
    xmax: 1044
    ymax: 413
  - 
    Class: "car"
    probability: 0.930148839951
    xmin: 1231
    ymin: 463
    xmax: 1304
    ymax: 511
  - 
    Class: "car"
    probability: 0.879614949226
    xmin: 1075
    ymin: 389
    xmax: 1111
    ymax: 411
  - 
    Class: "car"
    probability: 0.852575957775
    xmin: 872
    ymin: 384
    xmax: 915
    ymax: 414
---
header: 
  seq: 2616
  stamp: 
    secs: 1562112927
    nsecs: 652118880
  frame_id: "detection"
image_header: 
  seq: 4461
  stamp: 
    secs: 1562112927
    nsecs: 451257006
  frame_id: "videofile_frame"
bounding_boxes: 
  - 
    Class: "car"
    probability: 0.936570286751
    xmin: 1210
    ymin: 656
    xmax: 1390
    ymax: 808
  - 
    Class: "car"
    probability: 0.988902926445
    xmin: 1135
    ymin: 424
    xmax: 1198
    ymax: 479
  - 
    Class: "car"
    probability: 0.986710250378
    xmin: 1247
    ymin: 481
    xmax: 1330
    ymax: 541
  - 
    Class: "car"
    probability: 0.94992095232
    xmin: 999
    ymin: 385
    xmax: 1044
    ymax: 416
  - 
    Class: "car"
    probability: 0.937536418438
    xmin: 1232
    ymin: 456
    xmax: 1303
    ymax: 499
  - 
    Class: "car"
    probability: 0.920876801014
    xmin: 1290
    ymin: 440
    xmax: 1354
    ymax: 481
  - 
    Class: "car"
    probability: 0.875243067741
    xmin: 1075
    ymin: 388
    xmax: 1110
    ymax: 410
  - 
    Class: "car"
    probability: 0.820602118969
    xmin: 813
    ymin: 386
    xmax: 844
    ymax: 411
  - 
    Class: "car"
    probability: 0.802308022976
    xmin: 873
    ymin: 383
    xmax: 917
    ymax: 412
---
header: 
  seq: 2617
  stamp: 
    secs: 1562112927
    nsecs: 703207824
  frame_id: "detection"
image_header: 
  seq: 4463
  stamp: 
    secs: 1562112927
    nsecs: 517377487
  frame_id: "videofile_frame"
bounding_boxes: 
  - 
    Class: "car"
    probability: 0.982265532017
    xmin: 1200
    ymin: 639
    xmax: 1355
    ymax: 775
  - 
    Class: "car"
    probability: 0.990900874138
    xmin: 1308
    ymin: 446
    xmax: 1372
    ymax: 492
  - 
    Class: "car"
    probability: 0.984868645668
    xmin: 1142
    ymin: 421
    xmax: 1210
    ymax: 486
  - 
    Class: "car"
    probability: 0.98729377985
    xmin: 1241
    ymin: 455
    xmax: 1306
    ymax: 496
  - 
    Class: "car"
    probability: 0.985441923141
    xmin: 1254
    ymin: 485
    xmax: 1345
    ymax: 545
  - 
    Class: "car"
    probability: 0.912458598614
    xmin: 931
    ymin: 400
    xmax: 974
    ymax: 435
  - 
    Class: "car"
    probability: 0.883552849293
    xmin: 828
    ymin: 454
    xmax: 880
    ymax: 494
  - 
    Class: "car"
    probability: 0.816111922264
    xmin: 1003
    ymin: 384
    xmax: 1047
    ymax: 417
  - 
    Class: "car"
    probability: 0.806446552277
    xmin: 1083
    ymin: 394
    xmax: 1115
    ymax: 418
  - 
    Class: "car"
    probability: 0.806135356426
    xmin: 883
    ymin: 364
    xmax: 917
    ymax: 388
---
header: 
  seq: 2618
  stamp: 
    secs: 1562112927
    nsecs: 755653669
  frame_id: "detection"
image_header: 
  seq: 4465
  stamp: 
    secs: 1562112927
    nsecs: 584037326
  frame_id: "videofile_frame"
bounding_boxes: 
  - 
    Class: "car"
    probability: 0.936825335026
    xmin: 1178
    ymin: 623
    xmax: 1327
    ymax: 765
  - 
    Class: "car"
    probability: 0.990888774395
    xmin: 1314
    ymin: 448
    xmax: 1383
    ymax: 492
  - 
    Class: "car"
    probability: 0.993816614151
    xmin: 1271
    ymin: 491
    xmax: 1357
    ymax: 551
  - 
    Class: "car"
    probability: 0.983992934227
    xmin: 1248
    ymin: 455
    xmax: 1311
    ymax: 501
  - 
    Class: "car"
    probability: 0.917089521885
    xmin: 852
    ymin: 545
    xmax: 932
    ymax: 656
  - 
    Class: "car"
    probability: 0.915463507175
    xmin: 1154
    ymin: 423
    xmax: 1215
    ymax: 479
  - 
    Class: "car"
    probability: 0.936878025532
    xmin: 1005
    ymin: 388
    xmax: 1050
    ymax: 420
  - 
    Class: "car"
    probability: 0.921526789665
    xmin: 930
    ymin: 401
    xmax: 971
    ymax: 438
  - 
    Class: "car"
    probability: 0.849622070789
    xmin: 829
    ymin: 454
    xmax: 875
    ymax: 491
---
header: 
  seq: 2619
  stamp: 
    secs: 1562112927
    nsecs: 810045982
  frame_id: "detection"
image_header: 
  seq: 4466
  stamp: 
    secs: 1562112927
    nsecs: 617040566
  frame_id: "videofile_frame"
bounding_boxes: 
  - 
    Class: "car"
    probability: 0.929225325584
    xmin: 1170
    ymin: 610
    xmax: 1310
    ymax: 746
  - 
    Class: "car"
    probability: 0.994922697544
    xmin: 1272
    ymin: 497
    xmax: 1368
    ymax: 562
  - 
    Class: "car"
    probability: 0.988702356815
    xmin: 1323
    ymin: 449
    xmax: 1393
    ymax: 493
  - 
    Class: "car"
    probability: 0.987736225128
    xmin: 1251
    ymin: 458
    xmax: 1318
    ymax: 504
  - 
    Class: "car"
    probability: 0.962836146355
    xmin: 1152
    ymin: 425
    xmax: 1219
    ymax: 482
  - 
    Class: "car"
    probability: 0.94686383009
    xmin: 848
    ymin: 543
    xmax: 933
    ymax: 648
  - 
    Class: "car"
    probability: 0.945453584194
    xmin: 924
    ymin: 401
    xmax: 967
    ymax: 438
  - 
    Class: "car"
    probability: 0.876088440418
    xmin: 828
    ymin: 451
    xmax: 875
    ymax: 490
  - 
    Class: "car"
    probability: 0.86840057373
    xmin: 1007
    ymin: 388
    xmax: 1050
    ymax: 420
---
header: 
  seq: 2620
  stamp: 
    secs: 1562112927
    nsecs: 862113894
  frame_id: "detection"
image_header: 
  seq: 4468
  stamp: 
    secs: 1562112927
    nsecs: 683813148
  frame_id: "videofile_frame"
bounding_boxes: 
  - 
    Class: "car"
    probability: 0.974084079266
    xmin: 1156
    ymin: 423
    xmax: 1221
    ymax: 484
  - 
    Class: "car"
    probability: 0.970067560673
    xmin: 1324
    ymin: 443
    xmax: 1402
    ymax: 499
  - 
    Class: "car"
    probability: 0.964575469494
    xmin: 924
    ymin: 400
    xmax: 967
    ymax: 433
  - 
    Class: "car"
    probability: 0.965128839016
    xmin: 1285
    ymin: 499
    xmax: 1378
    ymax: 571
  - 
    Class: "car"
    probability: 0.952290296555
    xmin: 1248
    ymin: 455
    xmax: 1342
    ymax: 503
  - 
    Class: "car"
    probability: 0.946914732456
    xmin: 1017
    ymin: 387
    xmax: 1060
    ymax: 420
  - 
    Class: "car"
    probability: 0.923226058483
    xmin: 1094
    ymin: 394
    xmax: 1133
    ymax: 420
  - 
    Class: "car"
    probability: 0.806953787804
    xmin: 828
    ymin: 450
    xmax: 875
    ymax: 488
---
header: 
  seq: 2621
  stamp: 
    secs: 1562112927
    nsecs: 909230573
  frame_id: "detection"
image_header: 
  seq: 4469
  stamp: 
    secs: 1562112927
    nsecs: 721728041
  frame_id: "videofile_frame"
bounding_boxes: 
  - 
    Class: "car"
    probability: 0.994236826897
    xmin: 1283
    ymin: 497
    xmax: 1387
    ymax: 577
  - 
    Class: "car"
    probability: 0.98917889595
    xmin: 1336
    ymin: 454
    xmax: 1407
    ymax: 499
  - 
    Class: "car"
    probability: 0.892130732536
    xmin: 1142
    ymin: 597
    xmax: 1269
    ymax: 713
  - 
    Class: "car"
    probability: 0.988909959793
    xmin: 1256
    ymin: 467
    xmax: 1342
    ymax: 508
  - 
    Class: "car"
    probability: 0.961390078068
    xmin: 1165
    ymin: 419
    xmax: 1223
    ymax: 476
  - 
    Class: "car"
    probability: 0.961747169495
    xmin: 921
    ymin: 398
    xmax: 967
    ymax: 433
  - 
    Class: "car"
    probability: 0.954033195972
    xmin: 1176
    ymin: 449
    xmax: 1227
    ymax: 500
  - 
    Class: "car"
    probability: 0.946070849895
    xmin: 1017
    ymin: 388
    xmax: 1063
    ymax: 422
  - 
    Class: "car"
    probability: 0.892996966839
    xmin: 1096
    ymin: 396
    xmax: 1132
    ymax: 422
  - 
    Class: "car"
    probability: 0.84040170908
    xmin: 851
    ymin: 384
    xmax: 887
    ymax: 415
  - 
    Class: "car"
    probability: 0.835927605629
    xmin: 883
    ymin: 359
    xmax: 918
    ymax: 385
---
header: 
  seq: 2622
  stamp: 
    secs: 1562112927
    nsecs: 970094059
  frame_id: "detection"
image_header: 
  seq: 4471
  stamp: 
    secs: 1562112927
    nsecs: 784131729
  frame_id: "videofile_frame"
bounding_boxes: 
  - 
    Class: "car"
    probability: 0.994456589222
    xmin: 1341
    ymin: 456
    xmax: 1416
    ymax: 503
  - 
    Class: "car"
    probability: 0.995768070221
    xmin: 1274
    ymin: 466
    xmax: 1347
    ymax: 509
  - 
    Class: "car"
    probability: 0.973808348179
    xmin: 1134
    ymin: 580
    xmax: 1252
    ymax: 689
  - 
    Class: "car"
    probability: 0.985034108162
    xmin: 1312
    ymin: 508
    xmax: 1405
    ymax: 577
  - 
    Class: "car"
    probability: 0.982528209686
    xmin: 1021
    ymin: 389
    xmax: 1066
    ymax: 422
  - 
    Class: "car"
    probability: 0.974661827087
    xmin: 1174
    ymin: 441
    xmax: 1244
    ymax: 504
  - 
    Class: "car"
    probability: 0.947246789932
    xmin: 920
    ymin: 393
    xmax: 964
    ymax: 430
  - 
    Class: "car"
    probability: 0.884247899055
    xmin: 1099
    ymin: 396
    xmax: 1136
    ymax: 422
  - 
    Class: "car"
    probability: 0.885637879372
    xmin: 882
    ymin: 360
    xmax: 918
    ymax: 389
  - 
    Class: "car"
    probability: 0.854002773762
    xmin: 808
    ymin: 361
    xmax: 839
    ymax: 393
---
header: 
  seq: 2623
  stamp: 
    secs: 1562112928
    nsecs:   8938616
  frame_id: "detection"
image_header: 
  seq: 4473
  stamp: 
    secs: 1562112927
    nsecs: 850817487
  frame_id: "videofile_frame"
bounding_boxes: 
  - 
    Class: "car"
    probability: 0.996269524097
    xmin: 1290
    ymin: 466
    xmax: 1355
    ymax: 514
  - 
    Class: "car"
    probability: 0.974531710148
    xmin: 1121
    ymin: 568
    xmax: 1230
    ymax: 676
  - 
    Class: "car"
    probability: 0.988509237766
    xmin: 1358
    ymin: 456
    xmax: 1432
    ymax: 507
  - 
    Class: "car"
    probability: 0.986596286297
    xmin: 1023
    ymin: 390
    xmax: 1067
    ymax: 425
  - 
    Class: "car"
    probability: 0.98397475481
    xmin: 917
    ymin: 396
    xmax: 963
    ymax: 430
  - 
    Class: "car"
    probability: 0.981456339359
    xmin: 1315
    ymin: 515
    xmax: 1427
    ymax: 577
  - 
    Class: "car"
    probability: 0.952136814594
    xmin: 1178
    ymin: 448
    xmax: 1250
    ymax: 505
  - 
    Class: "car"
    probability: 0.944161534309
    xmin: 1177
    ymin: 424
    xmax: 1236
    ymax: 470
  - 
    Class: "car"
    probability: 0.907890856266
    xmin: 1102
    ymin: 397
    xmax: 1139
    ymax: 422
  - 
    Class: "car"
    probability: 0.876388788223
    xmin: 956
    ymin: 369
    xmax: 996
    ymax: 396
  - 
    Class: "car"
    probability: 0.872410535812
    xmin: 886
    ymin: 357
    xmax: 922
    ymax: 383
---
header: 
  seq: 2624
  stamp: 
    secs: 1562112928
    nsecs:  94742677
  frame_id: "detection"
image_header: 
  seq: 4474
  stamp: 
    secs: 1562112927
    nsecs: 884099752
  frame_id: "videofile_frame"
bounding_boxes: 
  - 
    Class: "car"
    probability: 0.986016988754
    xmin: 1106
    ymin: 551
    xmax: 1207
    ymax: 651
  - 
    Class: "car"
    probability: 0.988315761089
    xmin: 1029
    ymin: 395
    xmax: 1072
    ymax: 429
  - 
    Class: "car"
    probability: 0.988780081272
    xmin: 1301
    ymin: 470
    xmax: 1379
    ymax: 524
  - 
    Class: "car"
    probability: 0.982760190964
    xmin: 1186
    ymin: 455
    xmax: 1266
    ymax: 516
  - 
    Class: "car"
    probability: 0.974529981613
    xmin: 1376
    ymin: 459
    xmax: 1446
    ymax: 514
  - 
    Class: "car"
    probability: 0.972199320793
    xmin: 1340
    ymin: 522
    xmax: 1448
    ymax: 595
  - 
    Class: "car"
    probability: 0.967399060726
    xmin: 1106
    ymin: 401
    xmax: 1148
    ymax: 426
  - 
    Class: "car"
    probability: 0.928997397423
    xmin: 750
    ymin: 415
    xmax: 791
    ymax: 465
  - 
    Class: "car"
    probability: 0.821231663227
    xmin: 914
    ymin: 388
    xmax: 958
    ymax: 425
---
header: 
  seq: 2625
  stamp: 
    secs: 1562112928
    nsecs: 147495028
  frame_id: "detection"
image_header: 
  seq: 4476
  stamp: 
    secs: 1562112927
    nsecs: 950927763
  frame_id: "videofile_frame"
bounding_boxes: 
  - 
    Class: "car"
    probability: 0.986016988754
    xmin: 1106
    ymin: 551
    xmax: 1207
    ymax: 651
  - 
    Class: "car"
    probability: 0.988315761089
    xmin: 1029
    ymin: 395
    xmax: 1072
    ymax: 429
  - 
    Class: "car"
    probability: 0.988780081272
    xmin: 1301
    ymin: 470
    xmax: 1379
    ymax: 524
  - 
    Class: "car"
    probability: 0.982760190964
    xmin: 1186
    ymin: 455
    xmax: 1266
    ymax: 516
  - 
    Class: "car"
    probability: 0.974529981613
    xmin: 1376
    ymin: 459
    xmax: 1446
    ymax: 514
  - 
    Class: "car"
    probability: 0.972199320793
    xmin: 1340
    ymin: 522
    xmax: 1448
    ymax: 595
  - 
    Class: "car"
    probability: 0.967399060726
    xmin: 1106
    ymin: 401
    xmax: 1148
    ymax: 426
  - 
    Class: "car"
    probability: 0.928997397423
    xmin: 750
    ymin: 415
    xmax: 791
    ymax: 465
  - 
    Class: "car"
    probability: 0.821231663227
    xmin: 914
    ymin: 388
    xmax: 958
    ymax: 425
---
header: 
  seq: 2626
  stamp: 
    secs: 1562112928
    nsecs: 217852419
  frame_id: "detection"
image_header: 
  seq: 4478
  stamp: 
    secs: 1562112928
    nsecs:  15944256
  frame_id: "videofile_frame"
bounding_boxes: 
  - 
    Class: "car"
    probability: 0.983737289906
    xmin: 1204
    ymin: 460
    xmax: 1288
    ymax: 530
  - 
    Class: "car"
    probability: 0.921137630939
    xmin: 1082
    ymin: 534
    xmax: 1173
    ymax: 629
  - 
    Class: "car"
    probability: 0.980903625488
    xmin: 1380
    ymin: 539
    xmax: 1483
    ymax: 606
  - 
    Class: "car"
    probability: 0.979259610176
    xmin: 1317
    ymin: 481
    xmax: 1421
    ymax: 535
  - 
    Class: "car"
    probability: 0.971748173237
    xmin: 1037
    ymin: 400
    xmax: 1083
    ymax: 434
  - 
    Class: "car"
    probability: 0.955866158009
    xmin: 1202
    ymin: 433
    xmax: 1260
    ymax: 472
  - 
    Class: "car"
    probability: 0.941091775894
    xmin: 1115
    ymin: 401
    xmax: 1157
    ymax: 428
  - 
    Class: "car"
    probability: 0.922917485237
    xmin: 908
    ymin: 391
    xmax: 952
    ymax: 425
  - 
    Class: "car"
    probability: 0.923914074898
    xmin: 1391
    ymin: 464
    xmax: 1478
    ymax: 518
  - 
    Class: "car"
    probability: 0.907332777977
    xmin: 749
    ymin: 417
    xmax: 790
    ymax: 463
  - 
    Class: "car"
    probability: 0.848029494286
    xmin: 884
    ymin: 355
    xmax: 923
    ymax: 380
  - 
    Class: "truck"
    probability: 0.888855278492
    xmin: 1190
    ymin: 781
    xmax: 1682
    ymax: 1067
---
header: 
  seq: 2627
  stamp: 
    secs: 1562112928
    nsecs: 259093420
  frame_id: "detection"
image_header: 
  seq: 4480
  stamp: 
    secs: 1562112928
    nsecs:  83123556
  frame_id: "videofile_frame"
bounding_boxes: 
  - 
    Class: "car"
    probability: 0.983737289906
    xmin: 1204
    ymin: 460
    xmax: 1288
    ymax: 530
  - 
    Class: "car"
    probability: 0.921137630939
    xmin: 1082
    ymin: 534
    xmax: 1173
    ymax: 629
  - 
    Class: "car"
    probability: 0.980903625488
    xmin: 1380
    ymin: 539
    xmax: 1483
    ymax: 606
  - 
    Class: "car"
    probability: 0.979259610176
    xmin: 1317
    ymin: 481
    xmax: 1421
    ymax: 535
  - 
    Class: "car"
    probability: 0.971748173237
    xmin: 1037
    ymin: 400
    xmax: 1083
    ymax: 434
  - 
    Class: "car"
    probability: 0.955866158009
    xmin: 1202
    ymin: 433
    xmax: 1260
    ymax: 472
  - 
    Class: "car"
    probability: 0.941091775894
    xmin: 1115
    ymin: 401
    xmax: 1157
    ymax: 428
  - 
    Class: "car"
    probability: 0.922917485237
    xmin: 908
    ymin: 391
    xmax: 952
    ymax: 425
  - 
    Class: "car"
    probability: 0.923914074898
    xmin: 1391
    ymin: 464
    xmax: 1478
    ymax: 518
  - 
    Class: "car"
    probability: 0.907332777977
    xmin: 749
    ymin: 417
    xmax: 790
    ymax: 463
  - 
    Class: "car"
    probability: 0.848029494286
    xmin: 884
    ymin: 355
    xmax: 923
    ymax: 380
  - 
    Class: "truck"
    probability: 0.888855278492
    xmin: 1190
    ymin: 781
    xmax: 1682
    ymax: 1067
---
header: 
  seq: 2628
  stamp: 
    secs: 1562112928
    nsecs: 317488207
  frame_id: "detection"
image_header: 
  seq: 4481
  stamp: 
    secs: 1562112928
    nsecs: 118852331
  frame_id: "videofile_frame"
bounding_boxes: 
  - 
    Class: "car"
    probability: 0.985483884811
    xmin: 1074
    ymin: 533
    xmax: 1170
    ymax: 612
  - 
    Class: "car"
    probability: 0.993155777454
    xmin: 1332
    ymin: 483
    xmax: 1424
    ymax: 538
  - 
    Class: "car"
    probability: 0.981186807156
    xmin: 1201
    ymin: 429
    xmax: 1265
    ymax: 471
  - 
    Class: "car"
    probability: 0.967560350895
    xmin: 1040
    ymin: 398
    xmax: 1085
    ymax: 433
  - 
    Class: "car"
    probability: 0.958134531975
    xmin: 1394
    ymin: 540
    xmax: 1489
    ymax: 618
  - 
    Class: "car"
    probability: 0.954364836216
    xmin: 1207
    ymin: 460
    xmax: 1289
    ymax: 528
  - 
    Class: "car"
    probability: 0.951752841473
    xmin: 1407
    ymin: 465
    xmax: 1485
    ymax: 532
  - 
    Class: "car"
    probability: 0.845278084278
    xmin: 1118
    ymin: 402
    xmax: 1160
    ymax: 429
  - 
    Class: "truck"
    probability: 0.872508108616
    xmin: 1191
    ymin: 764
    xmax: 1866
    ymax: 1080
---
header: 
  seq: 2629
  stamp: 
    secs: 1562112928
    nsecs: 373067021
  frame_id: "detection"
image_header: 
  seq: 4483
  stamp: 
    secs: 1562112928
    nsecs: 185631084
  frame_id: "videofile_frame"
bounding_boxes: 
  - 
    Class: "car"
    probability: 0.992253601551
    xmin: 1063
    ymin: 526
    xmax: 1158
    ymax: 610
  - 
    Class: "car"
    probability: 0.990593254566
    xmin: 1400
    ymin: 547
    xmax: 1518
    ymax: 623
  - 
    Class: "car"
    probability: 0.979372441769
    xmin: 1219
    ymin: 464
    xmax: 1305
    ymax: 534
  - 
    Class: "car"
    probability: 0.97306317091
    xmin: 1347
    ymin: 484
    xmax: 1440
    ymax: 539
  - 
    Class: "car"
    probability: 0.96767270565
    xmin: 1422
    ymin: 477
    xmax: 1508
    ymax: 536
  - 
    Class: "car"
    probability: 0.957651436329
    xmin: 1203
    ymin: 432
    xmax: 1273
    ymax: 472
  - 
    Class: "car"
    probability: 0.902945101261
    xmin: 1041
    ymin: 403
    xmax: 1088
    ymax: 435
  - 
    Class: "car"
    probability: 0.822200596333
    xmin: 850
    ymin: 365
    xmax: 884
    ymax: 393
  - 
    Class: "truck"
    probability: 0.952391028404
    xmin: 1152
    ymin: 690
    xmax: 1865
    ymax: 1080
---
header: 
  seq: 2630
  stamp: 
    secs: 1562112928
    nsecs: 425923497
  frame_id: "detection"
image_header: 
  seq: 4485
  stamp: 
    secs: 1562112928
    nsecs: 251445121
  frame_id: "videofile_frame"
bounding_boxes: 
  - 
    Class: "car"
    probability: 0.992152094841
    xmin: 1417
    ymin: 556
    xmax: 1544
    ymax: 634
  - 
    Class: "car"
    probability: 0.989563345909
    xmin: 1061
    ymin: 513
    xmax: 1145
    ymax: 596
  - 
    Class: "car"
    probability: 0.983291983604
    xmin: 1238
    ymin: 474
    xmax: 1321
    ymax: 539
  - 
    Class: "car"
    probability: 0.973444521427
    xmin: 1213
    ymin: 432
    xmax: 1277
    ymax: 475
  - 
    Class: "car"
    probability: 0.968036830425
    xmin: 1361
    ymin: 492
    xmax: 1455
    ymax: 549
  - 
    Class: "car"
    probability: 0.948711693287
    xmin: 1134
    ymin: 404
    xmax: 1178
    ymax: 431
  - 
    Class: "car"
    probability: 0.931666493416
    xmin: 1058
    ymin: 400
    xmax: 1094
    ymax: 435
  - 
    Class: "car"
    probability: 0.91618680954
    xmin: 1443
    ymin: 480
    xmax: 1520
    ymax: 543
  - 
    Class: "car"
    probability: 0.888544559479
    xmin: 750
    ymin: 413
    xmax: 788
    ymax: 458
  - 
    Class: "car"
    probability: 0.87478685379
    xmin: 827
    ymin: 431
    xmax: 863
    ymax: 464
---
header: 
  seq: 2631
  stamp: 
    secs: 1562112928
    nsecs: 466806223
  frame_id: "detection"
image_header: 
  seq: 4486
  stamp: 
    secs: 1562112928
    nsecs: 284787096
  frame_id: "videofile_frame"
bounding_boxes: 
  - 
    Class: "car"
    probability: 0.99503082037
    xmin: 1424
    ymin: 560
    xmax: 1559
    ymax: 636
  - 
    Class: "car"
    probability: 0.986062586308
    xmin: 1237
    ymin: 476
    xmax: 1325
    ymax: 540
  - 
    Class: "car"
    probability: 0.991821885109
    xmin: 1368
    ymin: 496
    xmax: 1456
    ymax: 552
  - 
    Class: "car"
    probability: 0.956880629063
    xmin: 1052
    ymin: 512
    xmax: 1141
    ymax: 595
  - 
    Class: "car"
    probability: 0.981951236725
    xmin: 1441
    ymin: 486
    xmax: 1534
    ymax: 542
  - 
    Class: "car"
    probability: 0.964690685272
    xmin: 1134
    ymin: 406
    xmax: 1178
    ymax: 432
  - 
    Class: "car"
    probability: 0.950146615505
    xmin: 1218
    ymin: 431
    xmax: 1282
    ymax: 472
  - 
    Class: "car"
    probability: 0.929722011089
    xmin: 1056
    ymin: 403
    xmax: 1097
    ymax: 436
  - 
    Class: "car"
    probability: 0.884815275669
    xmin: 751
    ymin: 414
    xmax: 789
    ymax: 457
  - 
    Class: "car"
    probability: 0.804946839809
    xmin: 988
    ymin: 383
    xmax: 1024
    ymax: 418
---
header: 
  seq: 2632
  stamp: 
    secs: 1562112928
    nsecs: 532643547
  frame_id: "detection"
image_header: 
  seq: 4488
  stamp: 
    secs: 1562112928
    nsecs: 351694784
  frame_id: "videofile_frame"
bounding_boxes: 
  - 
    Class: "car"
    probability: 0.99215233326
    xmin: 1446
    ymin: 564
    xmax: 1587
    ymax: 652
  - 
    Class: "car"
    probability: 0.989592254162
    xmin: 1456
    ymin: 484
    xmax: 1556
    ymax: 545
  - 
    Class: "car"
    probability: 0.981767475605
    xmin: 1060
    ymin: 402
    xmax: 1103
    ymax: 438
  - 
    Class: "car"
    probability: 0.984708845615
    xmin: 1376
    ymin: 496
    xmax: 1477
    ymax: 554
  - 
    Class: "car"
    probability: 0.950438737869
    xmin: 1250
    ymin: 475
    xmax: 1341
    ymax: 543
  - 
    Class: "car"
    probability: 0.973171412945
    xmin: 1230
    ymin: 434
    xmax: 1292
    ymax: 474
  - 
    Class: "car"
    probability: 0.968618988991
    xmin: 826
    ymin: 426
    xmax: 867
    ymax: 462
  - 
    Class: "car"
    probability: 0.933790504932
    xmin: 1044
    ymin: 510
    xmax: 1134
    ymax: 580
  - 
    Class: "car"
    probability: 0.951993763447
    xmin: 1138
    ymin: 409
    xmax: 1181
    ymax: 436
  - 
    Class: "car"
    probability: 0.879488825798
    xmin: 845
    ymin: 492
    xmax: 908
    ymax: 554
  - 
    Class: "car"
    probability: 0.892871797085
    xmin: 752
    ymin: 399
    xmax: 788
    ymax: 438
  - 
    Class: "car"
    probability: 0.853766381741
    xmin: 988
    ymin: 386
    xmax: 1024
    ymax: 420
---
header: 
  seq: 2633
  stamp: 
    secs: 1562112928
    nsecs: 595768545
  frame_id: "detection"
image_header: 
  seq: 4490
  stamp: 
    secs: 1562112928
    nsecs: 417063224
  frame_id: "videofile_frame"
bounding_boxes: 
  - 
    Class: "car"
    probability: 0.983413994312
    xmin: 1467
    ymin: 576
    xmax: 1622
    ymax: 665
  - 
    Class: "car"
    probability: 0.9854991436
    xmin: 1061
    ymin: 405
    xmax: 1105
    ymax: 440
  - 
    Class: "car"
    probability: 0.987766742706
    xmin: 1390
    ymin: 503
    xmax: 1498
    ymax: 569
  - 
    Class: "car"
    probability: 0.975662648678
    xmin: 1255
    ymin: 486
    xmax: 1352
    ymax: 547
  - 
    Class: "car"
    probability: 0.982615232468
    xmin: 1238
    ymin: 440
    xmax: 1302
    ymax: 479
  - 
    Class: "car"
    probability: 0.970557570457
    xmin: 1476
    ymin: 491
    xmax: 1566
    ymax: 549
  - 
    Class: "car"
    probability: 0.967445313931
    xmin: 1039
    ymin: 502
    xmax: 1120
    ymax: 570
  - 
    Class: "car"
    probability: 0.956724524498
    xmin: 1142
    ymin: 410
    xmax: 1185
    ymax: 438
  - 
    Class: "car"
    probability: 0.93531358242
    xmin: 750
    ymin: 393
    xmax: 791
    ymax: 439
  - 
    Class: "car"
    probability: 0.933346927166
    xmin: 987
    ymin: 385
    xmax: 1027
    ymax: 418
---
header: 
  seq: 2634
  stamp: 
    secs: 1562112928
    nsecs: 650377076
  frame_id: "detection"
image_header: 
  seq: 4491
  stamp: 
    secs: 1562112928
    nsecs: 451865778
  frame_id: "videofile_frame"
bounding_boxes: 
  - 
    Class: "car"
    probability: 0.989085257053
    xmin: 1477
    ymin: 576
    xmax: 1640
    ymax: 673
  - 
    Class: "car"
    probability: 0.972795128822
    xmin: 1062
    ymin: 402
    xmax: 1109
    ymax: 442
  - 
    Class: "car"
    probability: 0.974168002605
    xmin: 1259
    ymin: 487
    xmax: 1360
    ymax: 547
  - 
    Class: "car"
    probability: 0.980367422104
    xmin: 1396
    ymin: 503
    xmax: 1504
    ymax: 568
  - 
    Class: "car"
    probability: 0.975344657898
    xmin: 1146
    ymin: 408
    xmax: 1191
    ymax: 440
  - 
    Class: "car"
    probability: 0.969354748726
    xmin: 1244
    ymin: 438
    xmax: 1308
    ymax: 481
  - 
    Class: "car"
    probability: 0.951392173767
    xmin: 1028
    ymin: 497
    xmax: 1121
    ymax: 567
  - 
    Class: "car"
    probability: 0.94525629282
    xmin: 750
    ymin: 392
    xmax: 791
    ymax: 435
  - 
    Class: "car"
    probability: 0.955625593662
    xmin: 1484
    ymin: 493
    xmax: 1573
    ymax: 552
  - 
    Class: "car"
    probability: 0.877449810505
    xmin: 990
    ymin: 384
    xmax: 1027
    ymax: 416
---
header: 
  seq: 2635
  stamp: 
    secs: 1562112928
    nsecs: 705024967
  frame_id: "detection"
image_header: 
  seq: 4493
  stamp: 
    secs: 1562112928
    nsecs: 517760489
  frame_id: "videofile_frame"
bounding_boxes: 
  - 
    Class: "car"
    probability: 0.956715524197
    xmin: 1499
    ymin: 587
    xmax: 1663
    ymax: 690
  - 
    Class: "car"
    probability: 0.976079821587
    xmin: 822
    ymin: 423
    xmax: 862
    ymax: 458
  - 
    Class: "car"
    probability: 0.971446573734
    xmin: 1267
    ymin: 488
    xmax: 1373
    ymax: 558
  - 
    Class: "car"
    probability: 0.96813082695
    xmin: 1246
    ymin: 450
    xmax: 1320
    ymax: 493
  - 
    Class: "car"
    probability: 0.947172939777
    xmin: 1023
    ymin: 491
    xmax: 1110
    ymax: 564
  - 
    Class: "car"
    probability: 0.959802389145
    xmin: 994
    ymin: 384
    xmax: 1034
    ymax: 419
  - 
    Class: "car"
    probability: 0.948909044266
    xmin: 1468
    ymin: 494
    xmax: 1592
    ymax: 565
  - 
    Class: "car"
    probability: 0.932407915592
    xmin: 751
    ymin: 397
    xmax: 789
    ymax: 435
  - 
    Class: "car"
    probability: 0.93249464035
    xmin: 1152
    ymin: 412
    xmax: 1193
    ymax: 440
  - 
    Class: "car"
    probability: 0.916576743126
    xmin: 1068
    ymin: 406
    xmax: 1113
    ymax: 444
  - 
    Class: "car"
    probability: 0.882237195969
    xmin: 844
    ymin: 484
    xmax: 903
    ymax: 542
  - 
    Class: "car"
    probability: 0.892988920212
    xmin: 1411
    ymin: 510
    xmax: 1528
    ymax: 578
  - 
    Class: "car"
    probability: 0.809125781059
    xmin: 787
    ymin: 356
    xmax: 814
    ymax: 384
  - 
    Class: "car"
    probability: 0.80101197958
    xmin: 923
    ymin: 364
    xmax: 953
    ymax: 388
---
header: 
  seq: 2636
  stamp: 
    secs: 1562112928
    nsecs: 758110055
  frame_id: "detection"
image_header: 
  seq: 4495
  stamp: 
    secs: 1562112928
    nsecs: 583493212
  frame_id: "videofile_frame"
bounding_boxes: 
  - 
    Class: "car"
    probability: 0.979884386063
    xmin: 1526
    ymin: 593
    xmax: 1702
    ymax: 698
  - 
    Class: "car"
    probability: 0.984488785267
    xmin: 1021
    ymin: 490
    xmax: 1100
    ymax: 552
  - 
    Class: "car"
    probability: 0.975588440895
    xmin: 1286
    ymin: 500
    xmax: 1384
    ymax: 563
  - 
    Class: "car"
    probability: 0.949166893959
    xmin: 1076
    ymin: 406
    xmax: 1122
    ymax: 444
  - 
    Class: "car"
    probability: 0.944192171097
    xmin: 752
    ymin: 398
    xmax: 788
    ymax: 435
  - 
    Class: "car"
    probability: 0.931681752205
    xmin: 1439
    ymin: 511
    xmax: 1541
    ymax: 584
  - 
    Class: "car"
    probability: 0.896843910217
    xmin: 1507
    ymin: 496
    xmax: 1608
    ymax: 570
  - 
    Class: "car"
    probability: 0.895065963268
    xmin: 820
    ymin: 419
    xmax: 862
    ymax: 456
  - 
    Class: "car"
    probability: 0.870690226555
    xmin: 1261
    ymin: 449
    xmax: 1332
    ymax: 492
  - 
    Class: "car"
    probability: 0.868672549725
    xmin: 997
    ymin: 382
    xmax: 1038
    ymax: 417
  - 
    Class: "car"
    probability: 0.855491816998
    xmin: 889
    ymin: 384
    xmax: 924
    ymax: 413
  - 
    Class: "car"
    probability: 0.803311526775
    xmin: 787
    ymin: 361
    xmax: 813
    ymax: 387
---
header: 
  seq: 2637
  stamp: 
    secs: 1562112928
    nsecs: 813697563
  frame_id: "detection"
image_header: 
  seq: 4496
  stamp: 
    secs: 1562112928
    nsecs: 617731626
  frame_id: "videofile_frame"
bounding_boxes: 
  - 
    Class: "car"
    probability: 0.965501904488
    xmin: 1542
    ymin: 603
    xmax: 1720
    ymax: 715
  - 
    Class: "car"
    probability: 0.988150715828
    xmin: 1290
    ymin: 502
    xmax: 1391
    ymax: 568
  - 
    Class: "car"
    probability: 0.972584307194
    xmin: 1447
    ymin: 512
    xmax: 1554
    ymax: 589
  - 
    Class: "car"
    probability: 0.966408133507
    xmin: 1525
    ymin: 499
    xmax: 1620
    ymax: 571
  - 
    Class: "car"
    probability: 0.962967514992
    xmin: 1073
    ymin: 413
    xmax: 1127
    ymax: 451
  - 
    Class: "car"
    probability: 0.948570787907
    xmin: 750
    ymin: 397
    xmax: 788
    ymax: 435
  - 
    Class: "car"
    probability: 0.95596075058
    xmin: 1256
    ymin: 448
    xmax: 1336
    ymax: 495
  - 
    Class: "car"
    probability: 0.855143904686
    xmin: 1017
    ymin: 488
    xmax: 1094
    ymax: 549
  - 
    Class: "car"
    probability: 0.825444221497
    xmin: 840
    ymin: 476
    xmax: 902
    ymax: 540
  - 
    Class: "car"
    probability: 0.878402411938
    xmin: 995
    ymin: 383
    xmax: 1038
    ymax: 415
  - 
    Class: "car"
    probability: 0.80987393856
    xmin: 819
    ymin: 421
    xmax: 863
    ymax: 457
  - 
    Class: "truck"
    probability: 0.926777601242
    xmin: 1077
    ymin: 553
    xmax: 1665
    ymax: 1077
---
header: 
  seq: 2638
  stamp: 
    secs: 1562112928
    nsecs: 872782470
  frame_id: "detection"
image_header: 
  seq: 4498
  stamp: 
    secs: 1562112928
    nsecs: 684009941
  frame_id: "videofile_frame"
bounding_boxes: 
  - 
    Class: "car"
    probability: 0.951640248299
    xmin: 1568
    ymin: 615
    xmax: 1763
    ymax: 732
  - 
    Class: "car"
    probability: 0.980379879475
    xmin: 1309
    ymin: 499
    xmax: 1405
    ymax: 572
  - 
    Class: "car"
    probability: 0.977753162384
    xmin: 1269
    ymin: 448
    xmax: 1350
    ymax: 497
  - 
    Class: "car"
    probability: 0.972407579422
    xmin: 1075
    ymin: 413
    xmax: 1133
    ymax: 453
  - 
    Class: "car"
    probability: 0.952023267746
    xmin: 1012
    ymin: 485
    xmax: 1086
    ymax: 542
  - 
    Class: "car"
    probability: 0.961499214172
    xmin: 1469
    ymin: 528
    xmax: 1573
    ymax: 590
  - 
    Class: "car"
    probability: 0.954298734665
    xmin: 749
    ymin: 397
    xmax: 787
    ymax: 434
  - 
    Class: "car"
    probability: 0.955735683441
    xmin: 815
    ymin: 419
    xmax: 866
    ymax: 456
  - 
    Class: "car"
    probability: 0.938153445721
    xmin: 996
    ymin: 386
    xmax: 1046
    ymax: 419
  - 
    Class: "car"
    probability: 0.890211045742
    xmin: 839
    ymin: 477
    xmax: 898
    ymax: 535
  - 
    Class: "car"
    probability: 0.917974770069
    xmin: 1167
    ymin: 416
    xmax: 1216
    ymax: 447
  - 
    Class: "truck"
    probability: 0.972921729088
    xmin: 1050
    ymin: 541
    xmax: 1569
    ymax: 1074
---
header: 
  seq: 2639
  stamp: 
    secs: 1562112928
    nsecs: 915362780
  frame_id: "detection"
image_header: 
  seq: 4499
  stamp: 
    secs: 1562112928
    nsecs: 718066579
  frame_id: "videofile_frame"
bounding_boxes: 
  - 
    Class: "car"
    probability: 0.962951481342
    xmin: 1588
    ymin: 624
    xmax: 1789
    ymax: 739
  - 
    Class: "car"
    probability: 0.986878871918
    xmin: 1270
    ymin: 451
    xmax: 1355
    ymax: 502
  - 
    Class: "car"
    probability: 0.990109026432
    xmin: 1477
    ymin: 532
    xmax: 1580
    ymax: 598
  - 
    Class: "car"
    probability: 0.957605779171
    xmin: 1547
    ymin: 507
    xmax: 1653
    ymax: 588
  - 
    Class: "car"
    probability: 0.951990842819
    xmin: 1316
    ymin: 503
    xmax: 1411
    ymax: 582
  - 
    Class: "car"
    probability: 0.96616089344
    xmin: 746
    ymin: 394
    xmax: 786
    ymax: 432
  - 
    Class: "car"
    probability: 0.949650645256
    xmin: 815
    ymin: 417
    xmax: 864
    ymax: 455
  - 
    Class: "car"
    probability: 0.949209272861
    xmin: 1171
    ymin: 418
    xmax: 1217
    ymax: 448
  - 
    Class: "car"
    probability: 0.926877617836
    xmin: 1082
    ymin: 415
    xmax: 1136
    ymax: 458
  - 
    Class: "car"
    probability: 0.863640129566
    xmin: 1013
    ymin: 481
    xmax: 1078
    ymax: 541
  - 
    Class: "car"
    probability: 0.865120530128
    xmin: 782
    ymin: 356
    xmax: 814
    ymax: 387
  - 
    Class: "car"
    probability: 0.879305303097
    xmin: 1004
    ymin: 382
    xmax: 1051
    ymax: 417
  - 
    Class: "car"
    probability: 0.866449356079
    xmin: 839
    ymin: 474
    xmax: 897
    ymax: 523
  - 
    Class: "truck"
    probability: 0.992292165756
    xmin: 1054
    ymin: 543
    xmax: 1540
    ymax: 1074
---
header: 
  seq: 2640
  stamp: 
    secs: 1562112928
    nsecs: 974776471
  frame_id: "detection"
image_header: 
  seq: 4501
  stamp: 
    secs: 1562112928
    nsecs: 783595938
  frame_id: "videofile_frame"
bounding_boxes: 
  - 
    Class: "car"
    probability: 0.918929219246
    xmin: 1631
    ymin: 643
    xmax: 1821
    ymax: 755
  - 
    Class: "car"
    probability: 0.964610397816
    xmin: 1324
    ymin: 504
    xmax: 1424
    ymax: 590
  - 
    Class: "car"
    probability: 0.986479878426
    xmin: 1279
    ymin: 451
    xmax: 1368
    ymax: 507
  - 
    Class: "car"
    probability: 0.985086977482
    xmin: 1087
    ymin: 415
    xmax: 1142
    ymax: 461
  - 
    Class: "car"
    probability: 0.982780814171
    xmin: 1496
    ymin: 534
    xmax: 1615
    ymax: 604
  - 
    Class: "car"
    probability: 0.979995071888
    xmin: 1173
    ymin: 419
    xmax: 1221
    ymax: 449
  - 
    Class: "car"
    probability: 0.968870639801
    xmin: 748
    ymin: 392
    xmax: 789
    ymax: 429
  - 
    Class: "car"
    probability: 0.922174274921
    xmin: 1002
    ymin: 474
    xmax: 1073
    ymax: 535
  - 
    Class: "car"
    probability: 0.936501979828
    xmin: 840
    ymin: 472
    xmax: 898
    ymax: 518
  - 
    Class: "car"
    probability: 0.87497740984
    xmin: 781
    ymin: 357
    xmax: 811
    ymax: 386
  - 
    Class: "car"
    probability: 0.860506355762
    xmin: 1579
    ymin: 513
    xmax: 1683
    ymax: 595
  - 
    Class: "truck"
    probability: 0.995941638947
    xmin: 1032
    ymin: 545
    xmax: 1483
    ymax: 1039
---
header: 
  seq: 2641
  stamp: 
    secs: 1562112929
    nsecs:  29520821
  frame_id: "detection"
image_header: 
  seq: 4503
  stamp: 
    secs: 1562112928
    nsecs: 850114659
  frame_id: "videofile_frame"
bounding_boxes: 
  - 
    Class: "car"
    probability: 0.974763631821
    xmin: 1657
    ymin: 659
    xmax: 1877
    ymax: 779
  - 
    Class: "car"
    probability: 0.969447612762
    xmin: 1348
    ymin: 512
    xmax: 1448
    ymax: 598
  - 
    Class: "car"
    probability: 0.986123621464
    xmin: 1092
    ymin: 413
    xmax: 1143
    ymax: 462
  - 
    Class: "car"
    probability: 0.948756039143
    xmin: 1587
    ymin: 518
    xmax: 1703
    ymax: 601
  - 
    Class: "car"
    probability: 0.979032993317
    xmin: 1521
    ymin: 539
    xmax: 1636
    ymax: 623
  - 
    Class: "car"
    probability: 0.97865909338
    xmin: 1293
    ymin: 456
    xmax: 1372
    ymax: 512
  - 
    Class: "car"
    probability: 0.96524566412
    xmin: 747
    ymin: 395
    xmax: 788
    ymax: 433
  - 
    Class: "car"
    probability: 0.971089303493
    xmin: 1181
    ymin: 419
    xmax: 1228
    ymax: 452
  - 
    Class: "car"
    probability: 0.939651966095
    xmin: 812
    ymin: 418
    xmax: 864
    ymax: 453
  - 
    Class: "car"
    probability: 0.931343793869
    xmin: 840
    ymin: 468
    xmax: 896
    ymax: 518
  - 
    Class: "car"
    probability: 0.882409334183
    xmin: 1021
    ymin: 389
    xmax: 1059
    ymax: 420
  - 
    Class: "truck"
    probability: 0.987709343433
    xmin: 1034
    ymin: 517
    xmax: 1422
    ymax: 1059
---
header: 
  seq: 2642
  stamp: 
    secs: 1562112929
    nsecs:  81398226
  frame_id: "detection"
image_header: 
  seq: 4505
  stamp: 
    secs: 1562112928
    nsecs: 916959501
  frame_id: "videofile_frame"
bounding_boxes: 
  - 
    Class: "car"
    probability: 0.956986784935
    xmin: 1358
    ymin: 513
    xmax: 1461
    ymax: 599
  - 
    Class: "car"
    probability: 0.993504106998
    xmin: 1543
    ymin: 548
    xmax: 1662
    ymax: 627
  - 
    Class: "car"
    probability: 0.984504938126
    xmin: 1704
    ymin: 677
    xmax: 1904
    ymax: 797
  - 
    Class: "car"
    probability: 0.987017154694
    xmin: 1098
    ymin: 419
    xmax: 1149
    ymax: 463
  - 
    Class: "car"
    probability: 0.977115154266
    xmin: 1615
    ymin: 523
    xmax: 1731
    ymax: 616
  - 
    Class: "car"
    probability: 0.987098395824
    xmin: 1303
    ymin: 463
    xmax: 1383
    ymax: 517
  - 
    Class: "car"
    probability: 0.957113146782
    xmin: 748
    ymin: 390
    xmax: 782
    ymax: 423
  - 
    Class: "car"
    probability: 0.964567899704
    xmin: 1186
    ymin: 425
    xmax: 1236
    ymax: 453
  - 
    Class: "car"
    probability: 0.960748255253
    xmin: 840
    ymin: 462
    xmax: 896
    ymax: 514
  - 
    Class: "car"
    probability: 0.932237267494
    xmin: 1022
    ymin: 392
    xmax: 1062
    ymax: 428
  - 
    Class: "car"
    probability: 0.880813717842
    xmin: 998
    ymin: 467
    xmax: 1059
    ymax: 519
  - 
    Class: "car"
    probability: 0.855297923088
    xmin: 816
    ymin: 413
    xmax: 861
    ymax: 453
  - 
    Class: "truck"
    probability: 0.984157443047
    xmin: 1020
    ymin: 531
    xmax: 1393
    ymax: 1056
---
header: 
  seq: 2643
  stamp: 
    secs: 1562112929
    nsecs: 146360469
  frame_id: "detection"
image_header: 
  seq: 4506
  stamp: 
    secs: 1562112928
    nsecs: 951110388
  frame_id: "videofile_frame"
bounding_boxes: 
  - 
    Class: "car"
    probability: 0.9767318964
    xmin: 1720
    ymin: 686
    xmax: 1920
    ymax: 815
  - 
    Class: "car"
    probability: 0.966979384422
    xmin: 1363
    ymin: 521
    xmax: 1479
    ymax: 605
  - 
    Class: "car"
    probability: 0.993939101696
    xmin: 1549
    ymin: 552
    xmax: 1671
    ymax: 630
  - 
    Class: "car"
    probability: 0.952057957649
    xmin: 1622
    ymin: 522
    xmax: 1751
    ymax: 618
  - 
    Class: "car"
    probability: 0.988352477551
    xmin: 1099
    ymin: 418
    xmax: 1152
    ymax: 463
  - 
    Class: "car"
    probability: 0.987358510494
    xmin: 1309
    ymin: 465
    xmax: 1386
    ymax: 516
  - 
    Class: "car"
    probability: 0.979993462563
    xmin: 748
    ymin: 390
    xmax: 783
    ymax: 424
  - 
    Class: "car"
    probability: 0.972670376301
    xmin: 993
    ymin: 464
    xmax: 1060
    ymax: 514
  - 
    Class: "car"
    probability: 0.968569219112
    xmin: 841
    ymin: 464
    xmax: 896
    ymax: 512
  - 
    Class: "car"
    probability: 0.945666372776
    xmin: 1187
    ymin: 423
    xmax: 1239
    ymax: 453
  - 
    Class: "car"
    probability: 0.845392525196
    xmin: 1026
    ymin: 391
    xmax: 1064
    ymax: 427
  - 
    Class: "car"
    probability: 0.807237744331
    xmin: 921
    ymin: 362
    xmax: 963
    ymax: 391
  - 
    Class: "truck"
    probability: 0.98218536377
    xmin: 991
    ymin: 520
    xmax: 1353
    ymax: 1052
---
header: 
  seq: 2644
  stamp: 
    secs: 1562112929
    nsecs: 205198081
  frame_id: "detection"
image_header: 
  seq: 4508
  stamp: 
    secs: 1562112929
    nsecs:  17284100
  frame_id: "videofile_frame"
bounding_boxes: 
  - 
    Class: "car"
    probability: 0.846020638943
    xmin: 1373
    ymin: 522
    xmax: 1501
    ymax: 621
  - 
    Class: "car"
    probability: 0.986462533474
    xmin: 1572
    ymin: 562
    xmax: 1709
    ymax: 642
  - 
    Class: "car"
    probability: 0.985140562057
    xmin: 1105
    ymin: 420
    xmax: 1160
    ymax: 468
  - 
    Class: "car"
    probability: 0.980002760887
    xmin: 840
    ymin: 458
    xmax: 892
    ymax: 507
  - 
    Class: "car"
    probability: 0.967608571053
    xmin: 1321
    ymin: 458
    xmax: 1403
    ymax: 520
  - 
    Class: "car"
    probability: 0.909810245037
    xmin: 1657
    ymin: 539
    xmax: 1777
    ymax: 623
  - 
    Class: "car"
    probability: 0.969802975655
    xmin: 748
    ymin: 392
    xmax: 783
    ymax: 425
  - 
    Class: "car"
    probability: 0.972355008125
    xmin: 989
    ymin: 459
    xmax: 1052
    ymax: 505
  - 
    Class: "car"
    probability: 0.962312102318
    xmin: 1027
    ymin: 391
    xmax: 1067
    ymax: 429
  - 
    Class: "car"
    probability: 0.96529096365
    xmin: 1199
    ymin: 425
    xmax: 1248
    ymax: 457
  - 
    Class: "car"
    probability: 0.940429329872
    xmin: 813
    ymin: 414
    xmax: 865
    ymax: 449
  - 
    Class: "truck"
    probability: 0.993089139462
    xmin: 997
    ymin: 485
    xmax: 1331
    ymax: 984
---
header: 
  seq: 2645
  stamp: 
    secs: 1562112929
    nsecs: 255435424
  frame_id: "detection"
image_header: 
  seq: 4509
  stamp: 
    secs: 1562112929
    nsecs:  52206391
  frame_id: "videofile_frame"
bounding_boxes: 
  - 
    Class: "car"
    probability: 0.938489794731
    xmin: 1385
    ymin: 520
    xmax: 1507
    ymax: 626
  - 
    Class: "car"
    probability: 0.994070231915
    xmin: 1586
    ymin: 566
    xmax: 1723
    ymax: 646
  - 
    Class: "car"
    probability: 0.953138232231
    xmin: 1663
    ymin: 537
    xmax: 1795
    ymax: 625
  - 
    Class: "car"
    probability: 0.984733402729
    xmin: 1109
    ymin: 419
    xmax: 1166
    ymax: 466
  - 
    Class: "car"
    probability: 0.985733270645
    xmin: 1205
    ymin: 427
    xmax: 1252
    ymax: 459
  - 
    Class: "car"
    probability: 0.975634992123
    xmin: 1029
    ymin: 396
    xmax: 1069
    ymax: 432
  - 
    Class: "car"
    probability: 0.974138915539
    xmin: 747
    ymin: 390
    xmax: 785
    ymax: 424
  - 
    Class: "car"
    probability: 0.97267216444
    xmin: 838
    ymin: 454
    xmax: 891
    ymax: 507
  - 
    Class: "car"
    probability: 0.971229076385
    xmin: 983
    ymin: 458
    xmax: 1052
    ymax: 500
  - 
    Class: "car"
    probability: 0.942678570747
    xmin: 1799
    ymin: 712
    xmax: 1917
    ymax: 853
  - 
    Class: "car"
    probability: 0.944758594036
    xmin: 1329
    ymin: 463
    xmax: 1412
    ymax: 527
  - 
    Class: "car"
    probability: 0.816907525063
    xmin: 781
    ymin: 359
    xmax: 807
    ymax: 385
  - 
    Class: "truck"
    probability: 0.995657980442
    xmin: 991
    ymin: 479
    xmax: 1324
    ymax: 975
---
header: 
  seq: 2646
  stamp: 
    secs: 1562112929
    nsecs: 312301903
  frame_id: "detection"
image_header: 
  seq: 4511
  stamp: 
    secs: 1562112929
    nsecs: 118303155
  frame_id: "videofile_frame"
bounding_boxes: 
  - 
    Class: "car"
    probability: 0.973234117031
    xmin: 1403
    ymin: 538
    xmax: 1537
    ymax: 635
  - 
    Class: "car"
    probability: 0.991862535477
    xmin: 1208
    ymin: 425
    xmax: 1255
    ymax: 462
  - 
    Class: "car"
    probability: 0.984238266945
    xmin: 1608
    ymin: 574
    xmax: 1764
    ymax: 665
  - 
    Class: "car"
    probability: 0.925285160542
    xmin: 1690
    ymin: 550
    xmax: 1829
    ymax: 637
  - 
    Class: "car"
    probability: 0.9780382514
    xmin: 837
    ymin: 449
    xmax: 889
    ymax: 504
  - 
    Class: "car"
    probability: 0.971295893192
    xmin: 746
    ymin: 392
    xmax: 783
    ymax: 424
  - 
    Class: "car"
    probability: 0.962057054043
    xmin: 1111
    ymin: 425
    xmax: 1167
    ymax: 468
  - 
    Class: "car"
    probability: 0.961109101772
    xmin: 1337
    ymin: 467
    xmax: 1420
    ymax: 522
  - 
    Class: "car"
    probability: 0.957316279411
    xmin: 1032
    ymin: 395
    xmax: 1071
    ymax: 431
  - 
    Class: "car"
    probability: 0.833566308022
    xmin: 779
    ymin: 357
    xmax: 809
    ymax: 387
  - 
    Class: "car"
    probability: 0.802371740341
    xmin: 979
    ymin: 454
    xmax: 1038
    ymax: 497
  - 
    Class: "truck"
    probability: 0.982528746128
    xmin: 971
    ymin: 463
    xmax: 1313
    ymax: 934
---
header: 
  seq: 2647
  stamp: 
    secs: 1562112929
    nsecs: 362170342
  frame_id: "detection"
image_header: 
  seq: 4513
  stamp: 
    secs: 1562112929
    nsecs: 184750267
  frame_id: "videofile_frame"
bounding_boxes: 
  - 
    Class: "car"
    probability: 0.920211851597
    xmin: 1419
    ymin: 544
    xmax: 1561
    ymax: 644
  - 
    Class: "car"
    probability: 0.989113867283
    xmin: 1639
    ymin: 584
    xmax: 1795
    ymax: 671
  - 
    Class: "car"
    probability: 0.990079402924
    xmin: 1214
    ymin: 430
    xmax: 1261
    ymax: 463
  - 
    Class: "car"
    probability: 0.882631599903
    xmin: 1718
    ymin: 554
    xmax: 1862
    ymax: 650
  - 
    Class: "car"
    probability: 0.980457961559
    xmin: 746
    ymin: 391
    xmax: 785
    ymax: 425
  - 
    Class: "car"
    probability: 0.971592783928
    xmin: 835
    ymin: 446
    xmax: 887
    ymax: 502
  - 
    Class: "car"
    probability: 0.960288643837
    xmin: 1034
    ymin: 391
    xmax: 1072
    ymax: 428
  - 
    Class: "car"
    probability: 0.951941907406
    xmin: 1120
    ymin: 420
    xmax: 1175
    ymax: 474
  - 
    Class: "car"
    probability: 0.937302350998
    xmin: 1347
    ymin: 474
    xmax: 1448
    ymax: 542
  - 
    Class: "car"
    probability: 0.924116790295
    xmin: 1343
    ymin: 464
    xmax: 1424
    ymax: 508
  - 
    Class: "car"
    probability: 0.868036448956
    xmin: 776
    ymin: 356
    xmax: 806
    ymax: 385
  - 
    Class: "car"
    probability: 0.812870740891
    xmin: 921
    ymin: 362
    xmax: 964
    ymax: 390
  - 
    Class: "truck"
    probability: 0.989542484283
    xmin: 967
    ymin: 454
    xmax: 1274
    ymax: 874
---
header: 
  seq: 2648
  stamp: 
    secs: 1562112929
    nsecs: 414121829
  frame_id: "detection"
image_header: 
  seq: 4514
  stamp: 
    secs: 1562112929
    nsecs: 219913386
  frame_id: "videofile_frame"
bounding_boxes: 
  - 
    Class: "car"
    probability: 0.930633842945
    xmin: 1428
    ymin: 549
    xmax: 1573
    ymax: 644
  - 
    Class: "car"
    probability: 0.99014621973
    xmin: 1217
    ymin: 433
    xmax: 1264
    ymax: 465
  - 
    Class: "car"
    probability: 0.981166899204
    xmin: 1654
    ymin: 587
    xmax: 1806
    ymax: 679
  - 
    Class: "car"
    probability: 0.883496284485
    xmin: 1726
    ymin: 554
    xmax: 1878
    ymax: 651
  - 
    Class: "car"
    probability: 0.982088267803
    xmin: 745
    ymin: 391
    xmax: 784
    ymax: 424
  - 
    Class: "car"
    probability: 0.967203617096
    xmin: 1127
    ymin: 426
    xmax: 1179
    ymax: 476
  - 
    Class: "car"
    probability: 0.968298137188
    xmin: 835
    ymin: 448
    xmax: 887
    ymax: 502
  - 
    Class: "car"
    probability: 0.928695142269
    xmin: 1039
    ymin: 393
    xmax: 1077
    ymax: 435
  - 
    Class: "car"
    probability: 0.946512639523
    xmin: 1350
    ymin: 461
    xmax: 1427
    ymax: 503
  - 
    Class: "car"
    probability: 0.917474389076
    xmin: 1359
    ymin: 485
    xmax: 1454
    ymax: 541
  - 
    Class: "truck"
    probability: 0.993247032166
    xmin: 974
    ymin: 459
    xmax: 1255
    ymax: 846
---
header: 
  seq: 2649
  stamp: 
    secs: 1562112929
    nsecs: 468295857
  frame_id: "detection"
image_header: 
  seq: 4516
  stamp: 
    secs: 1562112929
    nsecs: 286265776
  frame_id: "videofile_frame"
bounding_boxes: 
  - 
    Class: "car"
    probability: 0.931081712246
    xmin: 1447
    ymin: 549
    xmax: 1600
    ymax: 666
  - 
    Class: "car"
    probability: 0.988525032997
    xmin: 1223
    ymin: 432
    xmax: 1273
    ymax: 465
  - 
    Class: "car"
    probability: 0.979170680046
    xmin: 1131
    ymin: 428
    xmax: 1182
    ymax: 474
  - 
    Class: "car"
    probability: 0.978786468506
    xmin: 746
    ymin: 391
    xmax: 782
    ymax: 421
  - 
    Class: "car"
    probability: 0.827929258347
    xmin: 1754
    ymin: 564
    xmax: 1920
    ymax: 672
  - 
    Class: "car"
    probability: 0.971571445465
    xmin: 1685
    ymin: 597
    xmax: 1844
    ymax: 691
  - 
    Class: "car"
    probability: 0.970578432083
    xmin: 1363
    ymin: 472
    xmax: 1460
    ymax: 550
  - 
    Class: "car"
    probability: 0.957157313824
    xmin: 835
    ymin: 445
    xmax: 885
    ymax: 499
  - 
    Class: "car"
    probability: 0.920216798782
    xmin: 1048
    ymin: 396
    xmax: 1082
    ymax: 434
  - 
    Class: "truck"
    probability: 0.983036875725
    xmin: 962
    ymin: 436
    xmax: 1233
    ymax: 855
---
header: 
  seq: 2650
  stamp: 
    secs: 1562112929
    nsecs: 522616940
  frame_id: "detection"
image_header: 
  seq: 4518
  stamp: 
    secs: 1562112929
    nsecs: 351225732
  frame_id: "videofile_frame"
bounding_boxes: 
  - 
    Class: "car"
    probability: 0.850676178932
    xmin: 1468
    ymin: 553
    xmax: 1638
    ymax: 688
  - 
    Class: "car"
    probability: 0.98521733284
    xmin: 1720
    ymin: 616
    xmax: 1887
    ymax: 710
  - 
    Class: "car"
    probability: 0.983670175076
    xmin: 744
    ymin: 390
    xmax: 780
    ymax: 421
  - 
    Class: "car"
    probability: 0.976249337196
    xmin: 1135
    ymin: 427
    xmax: 1191
    ymax: 476
  - 
    Class: "car"
    probability: 0.9547996521
    xmin: 1234
    ymin: 439
    xmax: 1286
    ymax: 471
  - 
    Class: "car"
    probability: 0.934747636318
    xmin: 831
    ymin: 446
    xmax: 884
    ymax: 494
  - 
    Class: "car"
    probability: 0.917581439018
    xmin: 1375
    ymin: 472
    xmax: 1452
    ymax: 511
  - 
    Class: "car"
    probability: 0.870111227036
    xmin: 811
    ymin: 400
    xmax: 853
    ymax: 433
  - 
    Class: "car"
    probability: 0.811637639999
    xmin: 1376
    ymin: 475
    xmax: 1478
    ymax: 555
  - 
    Class: "car"
    probability: 0.815626144409
    xmin: 884
    ymin: 361
    xmax: 918
    ymax: 388
  - 
    Class: "truck"
    probability: 0.98531627655
    xmin: 961
    ymin: 448
    xmax: 1213
    ymax: 805
---
header: 
  seq: 2651
  stamp: 
    secs: 1562112929
    nsecs: 577586861
  frame_id: "detection"
image_header: 
  seq: 4519
  stamp: 
    secs: 1562112929
    nsecs: 385095627
  frame_id: "videofile_frame"
bounding_boxes: 
  - 
    Class: "car"
    probability: 0.92164760828
    xmin: 1482
    ymin: 569
    xmax: 1647
    ymax: 682
  - 
    Class: "car"
    probability: 0.9839630723
    xmin: 1742
    ymin: 620
    xmax: 1914
    ymax: 721
  - 
    Class: "car"
    probability: 0.976998567581
    xmin: 745
    ymin: 390
    xmax: 780
    ymax: 420
  - 
    Class: "car"
    probability: 0.975155591965
    xmin: 1238
    ymin: 438
    xmax: 1290
    ymax: 471
  - 
    Class: "car"
    probability: 0.967294573784
    xmin: 1140
    ymin: 427
    xmax: 1196
    ymax: 476
  - 
    Class: "car"
    probability: 0.969058454037
    xmin: 1377
    ymin: 470
    xmax: 1450
    ymax: 508
  - 
    Class: "car"
    probability: 0.918785512447
    xmin: 834
    ymin: 446
    xmax: 881
    ymax: 491
  - 
    Class: "car"
    probability: 0.838625431061
    xmin: 1397
    ymin: 499
    xmax: 1493
    ymax: 564
  - 
    Class: "truck"
    probability: 0.97942596674
    xmin: 956
    ymin: 446
    xmax: 1204
    ymax: 802
---
header: 
  seq: 2652
  stamp: 
    secs: 1562112929
    nsecs: 626659224
  frame_id: "detection"
image_header: 
  seq: 4521
  stamp: 
    secs: 1562112929
    nsecs: 450329540
  frame_id: "videofile_frame"
bounding_boxes: 
  - 
    Class: "car"
    probability: 0.96798402071
    xmin: 1509
    ymin: 574
    xmax: 1678
    ymax: 701
  - 
    Class: "car"
    probability: 0.983579874039
    xmin: 745
    ymin: 389
    xmax: 781
    ymax: 421
  - 
    Class: "car"
    probability: 0.976112008095
    xmin: 1784
    ymin: 614
    xmax: 1919
    ymax: 745
  - 
    Class: "car"
    probability: 0.976384460926
    xmin: 1244
    ymin: 441
    xmax: 1295
    ymax: 474
  - 
    Class: "car"
    probability: 0.957935869694
    xmin: 1144
    ymin: 427
    xmax: 1203
    ymax: 480
  - 
    Class: "car"
    probability: 0.946031928062
    xmin: 831
    ymin: 439
    xmax: 880
    ymax: 481
  - 
    Class: "car"
    probability: 0.942975282669
    xmin: 1404
    ymin: 496
    xmax: 1502
    ymax: 559
  - 
    Class: "car"
    probability: 0.941345691681
    xmin: 1392
    ymin: 468
    xmax: 1465
    ymax: 506
  - 
    Class: "car"
    probability: 0.816490769386
    xmin: 1057
    ymin: 402
    xmax: 1095
    ymax: 439
  - 
    Class: "car"
    probability: 0.807689547539
    xmin: 813
    ymin: 401
    xmax: 849
    ymax: 428
  - 
    Class: "truck"
    probability: 0.9469217062
    xmin: 963
    ymin: 435
    xmax: 1169
    ymax: 751
---
header: 
  seq: 2653
  stamp: 
    secs: 1562112929
    nsecs: 678658423
  frame_id: "detection"
image_header: 
  seq: 4522
  stamp: 
    secs: 1562112929
    nsecs: 485630413
  frame_id: "videofile_frame"
bounding_boxes: 
  - 
    Class: "car"
    probability: 0.902307271957
    xmin: 1513
    ymin: 583
    xmax: 1707
    ymax: 707
  - 
    Class: "car"
    probability: 0.978276073933
    xmin: 745
    ymin: 389
    xmax: 780
    ymax: 420
  - 
    Class: "car"
    probability: 0.982506930828
    xmin: 1246
    ymin: 443
    xmax: 1299
    ymax: 475
  - 
    Class: "car"
    probability: 0.95767557621
    xmin: 1801
    ymin: 637
    xmax: 1918
    ymax: 759
  - 
    Class: "car"
    probability: 0.965247988701
    xmin: 830
    ymin: 436
    xmax: 879
    ymax: 483
  - 
    Class: "car"
    probability: 0.953195095062
    xmin: 1146
    ymin: 426
    xmax: 1201
    ymax: 473
  - 
    Class: "car"
    probability: 0.947793781757
    xmin: 1396
    ymin: 464
    xmax: 1465
    ymax: 510
  - 
    Class: "car"
    probability: 0.91303306818
    xmin: 1407
    ymin: 499
    xmax: 1503
    ymax: 552
  - 
    Class: "truck"
    probability: 0.95116096735
    xmin: 959
    ymin: 432
    xmax: 1168
    ymax: 744
---
header: 
  seq: 2654
  stamp: 
    secs: 1562112929
    nsecs: 743748449
  frame_id: "detection"
image_header: 
  seq: 4524
  stamp: 
    secs: 1562112929
    nsecs: 551800757
  frame_id: "videofile_frame"
bounding_boxes: 
  - 
    Class: "car"
    probability: 0.964198887348
    xmin: 746
    ymin: 387
    xmax: 779
    ymax: 419
  - 
    Class: "car"
    probability: 0.953264355659
    xmin: 830
    ymin: 438
    xmax: 880
    ymax: 482
  - 
    Class: "car"
    probability: 0.949114263058
    xmin: 1160
    ymin: 444
    xmax: 1218
    ymax: 496
  - 
    Class: "car"
    probability: 0.93525326252
    xmin: 1838
    ymin: 622
    xmax: 1920
    ymax: 784
  - 
    Class: "car"
    probability: 0.942420184612
    xmin: 1251
    ymin: 445
    xmax: 1306
    ymax: 477
  - 
    Class: "car"
    probability: 0.856324315071
    xmin: 1409
    ymin: 477
    xmax: 1491
    ymax: 515
  - 
    Class: "truck"
    probability: 0.843256950378
    xmin: 955
    ymin: 430
    xmax: 1158
    ymax: 728
---
header: 
  seq: 2655
  stamp: 
    secs: 1562112929
    nsecs: 792067966
  frame_id: "detection"
image_header: 
  seq: 4526
  stamp: 
    secs: 1562112929
    nsecs: 617963546
  frame_id: "videofile_frame"
bounding_boxes: 
  - 
    Class: "car"
    probability: 0.815725147724
    xmin: 1576
    ymin: 611
    xmax: 1778
    ymax: 740
  - 
    Class: "car"
    probability: 0.976099789143
    xmin: 1166
    ymin: 448
    xmax: 1227
    ymax: 499
  - 
    Class: "car"
    probability: 0.950809657574
    xmin: 1446
    ymin: 508
    xmax: 1551
    ymax: 586
  - 
    Class: "car"
    probability: 0.938410460949
    xmin: 828
    ymin: 438
    xmax: 878
    ymax: 482
  - 
    Class: "car"
    probability: 0.934745788574
    xmin: 747
    ymin: 388
    xmax: 778
    ymax: 418
  - 
    Class: "car"
    probability: 0.926876783371
    xmin: 1422
    ymin: 474
    xmax: 1509
    ymax: 515
  - 
    Class: "car"
    probability: 0.847789347172
    xmin: 1064
    ymin: 415
    xmax: 1109
    ymax: 459
  - 
    Class: "car"
    probability: 0.813444852829
    xmin: 775
    ymin: 355
    xmax: 802
    ymax: 378
  - 
    Class: "car"
    probability: 0.825264632702
    xmin: 1260
    ymin: 444
    xmax: 1315
    ymax: 476
  - 
    Class: "truck"
    probability: 0.970140993595
    xmin: 939
    ymin: 426
    xmax: 1144
    ymax: 714
---
header: 
  seq: 2656
  stamp: 
    secs: 1562112929
    nsecs: 844712554
  frame_id: "detection"
image_header: 
  seq: 4527
  stamp: 
    secs: 1562112929
    nsecs: 650905729
  frame_id: "videofile_frame"
bounding_boxes: 
  - 
    Class: "car"
    probability: 0.802963674068
    xmin: 1582
    ymin: 617
    xmax: 1801
    ymax: 748
  - 
    Class: "car"
    probability: 0.978746533394
    xmin: 1172
    ymin: 447
    xmax: 1230
    ymax: 500
  - 
    Class: "car"
    probability: 0.953332364559
    xmin: 746
    ymin: 386
    xmax: 778
    ymax: 417
  - 
    Class: "car"
    probability: 0.931306660175
    xmin: 828
    ymin: 436
    xmax: 876
    ymax: 480
  - 
    Class: "car"
    probability: 0.892746865749
    xmin: 1160
    ymin: 432
    xmax: 1218
    ymax: 480
  - 
    Class: "car"
    probability: 0.908254206181
    xmin: 1268
    ymin: 446
    xmax: 1326
    ymax: 478
  - 
    Class: "car"
    probability: 0.887303650379
    xmin: 1455
    ymin: 512
    xmax: 1562
    ymax: 585
  - 
    Class: "car"
    probability: 0.866184532642
    xmin: 1069
    ymin: 418
    xmax: 1111
    ymax: 460
  - 
    Class: "car"
    probability: 0.800192594528
    xmin: 1425
    ymin: 479
    xmax: 1515
    ymax: 532
  - 
    Class: "truck"
    probability: 0.954126656055
    xmin: 943
    ymin: 415
    xmax: 1141
    ymax: 710
---
header: 
  seq: 2657
  stamp: 
    secs: 1562112929
    nsecs: 895326696
  frame_id: "detection"
image_header: 
  seq: 4529
  stamp: 
    secs: 1562112929
    nsecs: 718169058
  frame_id: "videofile_frame"
bounding_boxes: 
  - 
    Class: "car"
    probability: 0.986867249012
    xmin: 1177
    ymin: 451
    xmax: 1242
    ymax: 503
  - 
    Class: "car"
    probability: 0.975368082523
    xmin: 1474
    ymin: 520
    xmax: 1581
    ymax: 599
  - 
    Class: "car"
    probability: 0.975829720497
    xmin: 744
    ymin: 386
    xmax: 779
    ymax: 417
  - 
    Class: "car"
    probability: 0.935212492943
    xmin: 1429
    ymin: 483
    xmax: 1543
    ymax: 534
  - 
    Class: "car"
    probability: 0.925823509693
    xmin: 1274
    ymin: 445
    xmax: 1332
    ymax: 479
  - 
    Class: "car"
    probability: 0.917780160904
    xmin: 1072
    ymin: 419
    xmax: 1117
    ymax: 458
  - 
    Class: "car"
    probability: 0.910544574261
    xmin: 828
    ymin: 436
    xmax: 876
    ymax: 473
  - 
    Class: "car"
    probability: 0.892205536366
    xmin: 810
    ymin: 401
    xmax: 845
    ymax: 429
  - 
    Class: "car"
    probability: 0.809105455875
    xmin: 1098
    ymin: 517
    xmax: 1148
    ymax: 590
---
header: 
  seq: 2658
  stamp: 
    secs: 1562112929
    nsecs: 952509091
  frame_id: "detection"
image_header: 
  seq: 4531
  stamp: 
    secs: 1562112929
    nsecs: 783965224
  frame_id: "videofile_frame"
bounding_boxes: 
  - 
    Class: "car"
    probability: 0.981795907021
    xmin: 1285
    ymin: 452
    xmax: 1344
    ymax: 486
  - 
    Class: "car"
    probability: 0.981297671795
    xmin: 1449
    ymin: 483
    xmax: 1558
    ymax: 541
  - 
    Class: "car"
    probability: 0.976231336594
    xmin: 1502
    ymin: 531
    xmax: 1607
    ymax: 602
  - 
    Class: "car"
    probability: 0.971500635147
    xmin: 1075
    ymin: 419
    xmax: 1121
    ymax: 460
  - 
    Class: "car"
    probability: 0.954117715359
    xmin: 743
    ymin: 385
    xmax: 779
    ymax: 417
  - 
    Class: "car"
    probability: 0.955607354641
    xmin: 1178
    ymin: 445
    xmax: 1251
    ymax: 504
  - 
    Class: "car"
    probability: 0.901686489582
    xmin: 1175
    ymin: 433
    xmax: 1227
    ymax: 473
  - 
    Class: "car"
    probability: 0.815280795097
    xmin: 811
    ymin: 397
    xmax: 844
    ymax: 425
---
header: 
  seq: 2659
  stamp: 
    secs: 1562112930
    nsecs:   5291967
  frame_id: "detection"
image_header: 
  seq: 4532
  stamp: 
    secs: 1562112929
    nsecs: 816997837
  frame_id: "videofile_frame"
bounding_boxes: 
  - 
    Class: "car"
    probability: 0.992429733276
    xmin: 1507
    ymin: 536
    xmax: 1612
    ymax: 605
  - 
    Class: "car"
    probability: 0.976824760437
    xmin: 1290
    ymin: 455
    xmax: 1349
    ymax: 489
  - 
    Class: "car"
    probability: 0.94014364481
    xmin: 742
    ymin: 386
    xmax: 778
    ymax: 418
  - 
    Class: "car"
    probability: 0.944631695747
    xmin: 1186
    ymin: 457
    xmax: 1259
    ymax: 509
  - 
    Class: "car"
    probability: 0.937757134438
    xmin: 1462
    ymin: 486
    xmax: 1553
    ymax: 544
  - 
    Class: "car"
    probability: 0.924151718616
    xmin: 1078
    ymin: 423
    xmax: 1124
    ymax: 464
  - 
    Class: "car"
    probability: 0.920475900173
    xmin: 1175
    ymin: 432
    xmax: 1231
    ymax: 479
  - 
    Class: "car"
    probability: 0.863674342632
    xmin: 808
    ymin: 396
    xmax: 843
    ymax: 425
  - 
    Class: "train"
    probability: 0.882489800453
    xmin: 929
    ymin: 414
    xmax: 1108
    ymax: 678
---
header: 
  seq: 2660
  stamp: 
    secs: 1562112930
    nsecs:  59767599
  frame_id: "detection"
image_header: 
  seq: 4534
  stamp: 
    secs: 1562112929
    nsecs: 884682359
  frame_id: "videofile_frame"
bounding_boxes: 
  - 
    Class: "car"
    probability: 0.989890158176
    xmin: 1190
    ymin: 460
    xmax: 1266
    ymax: 514
  - 
    Class: "car"
    probability: 0.981584429741
    xmin: 1480
    ymin: 494
    xmax: 1579
    ymax: 547
  - 
    Class: "car"
    probability: 0.980062365532
    xmin: 1295
    ymin: 454
    xmax: 1355
    ymax: 491
  - 
    Class: "car"
    probability: 0.971588075161
    xmin: 1526
    ymin: 534
    xmax: 1640
    ymax: 605
  - 
    Class: "car"
    probability: 0.933683872223
    xmin: 743
    ymin: 386
    xmax: 776
    ymax: 415
  - 
    Class: "car"
    probability: 0.91669690609
    xmin: 809
    ymin: 397
    xmax: 844
    ymax: 427
  - 
    Class: "car"
    probability: 0.874038875103
    xmin: 1087
    ymin: 428
    xmax: 1134
    ymax: 465
---
header: 
  seq: 2661
  stamp: 
    secs: 1562112930
    nsecs: 116079714
  frame_id: "detection"
image_header: 
  seq: 4535
  stamp: 
    secs: 1562112929
    nsecs: 917206270
  frame_id: "videofile_frame"
bounding_boxes: 
  - 
    Class: "car"
    probability: 0.991842210293
    xmin: 1193
    ymin: 463
    xmax: 1267
    ymax: 513
  - 
    Class: "car"
    probability: 0.980527281761
    xmin: 1538
    ymin: 542
    xmax: 1650
    ymax: 622
  - 
    Class: "car"
    probability: 0.980110943317
    xmin: 1090
    ymin: 432
    xmax: 1140
    ymax: 468
  - 
    Class: "car"
    probability: 0.979886293411
    xmin: 1486
    ymin: 493
    xmax: 1587
    ymax: 549
  - 
    Class: "car"
    probability: 0.970184087753
    xmin: 1308
    ymin: 458
    xmax: 1360
    ymax: 493
  - 
    Class: "car"
    probability: 0.828697025776
    xmin: 1735
    ymin: 682
    xmax: 1920
    ymax: 828
  - 
    Class: "car"
    probability: 0.922135472298
    xmin: 744
    ymin: 386
    xmax: 776
    ymax: 414
  - 
    Class: "car"
    probability: 0.847693443298
    xmin: 808
    ymin: 398
    xmax: 843
    ymax: 427
  - 
    Class: "train"
    probability: 0.820808708668
    xmin: 937
    ymin: 400
    xmax: 1086
    ymax: 655
---
header: 
  seq: 2662
  stamp: 
    secs: 1562112930
    nsecs: 164732159
  frame_id: "detection"
image_header: 
  seq: 4537
  stamp: 
    secs: 1562112929
    nsecs: 984487586
  frame_id: "videofile_frame"
bounding_boxes: 
  - 
    Class: "car"
    probability: 0.994539380074
    xmin: 1312
    ymin: 454
    xmax: 1370
    ymax: 499
  - 
    Class: "car"
    probability: 0.984974145889
    xmin: 1558
    ymin: 550
    xmax: 1683
    ymax: 630
  - 
    Class: "car"
    probability: 0.989464759827
    xmin: 1201
    ymin: 461
    xmax: 1276
    ymax: 518
  - 
    Class: "car"
    probability: 0.986449241638
    xmin: 1092
    ymin: 434
    xmax: 1144
    ymax: 469
  - 
    Class: "car"
    probability: 0.959821224213
    xmin: 743
    ymin: 386
    xmax: 776
    ymax: 414
  - 
    Class: "car"
    probability: 0.955839335918
    xmin: 1506
    ymin: 499
    xmax: 1609
    ymax: 553
  - 
    Class: "car"
    probability: 0.941087305546
    xmin: 822
    ymin: 424
    xmax: 866
    ymax: 459
---
header: 
  seq: 2663
  stamp: 
    secs: 1562112930
    nsecs: 227740154
  frame_id: "detection"
image_header: 
  seq: 4539
  stamp: 
    secs: 1562112930
    nsecs:  49828028
  frame_id: "videofile_frame"
bounding_boxes: 
  - 
    Class: "car"
    probability: 0.975551366806
    xmin: 1575
    ymin: 558
    xmax: 1712
    ymax: 639
  - 
    Class: "car"
    probability: 0.994798779488
    xmin: 1321
    ymin: 462
    xmax: 1380
    ymax: 498
  - 
    Class: "car"
    probability: 0.987771570683
    xmin: 1098
    ymin: 435
    xmax: 1147
    ymax: 470
  - 
    Class: "car"
    probability: 0.969579279423
    xmin: 1209
    ymin: 459
    xmax: 1282
    ymax: 513
  - 
    Class: "car"
    probability: 0.916069328785
    xmin: 1525
    ymin: 502
    xmax: 1629
    ymax: 569
  - 
    Class: "car"
    probability: 0.937055468559
    xmin: 744
    ymin: 388
    xmax: 776
    ymax: 414
  - 
    Class: "car"
    probability: 0.916769862175
    xmin: 1201
    ymin: 443
    xmax: 1257
    ymax: 477
  - 
    Class: "car"
    probability: 0.891921341419
    xmin: 822
    ymin: 420
    xmax: 864
    ymax: 455
---
header: 
  seq: 2664
  stamp: 
    secs: 1562112930
    nsecs: 282476772
  frame_id: "detection"
image_header: 
  seq: 4540
  stamp: 
    secs: 1562112930
    nsecs:  84094004
  frame_id: "videofile_frame"
bounding_boxes: 
  - 
    Class: "car"
    probability: 0.9915548563
    xmin: 1589
    ymin: 562
    xmax: 1725
    ymax: 642
  - 
    Class: "car"
    probability: 0.99744361639
    xmin: 1325
    ymin: 462
    xmax: 1388
    ymax: 503
  - 
    Class: "car"
    probability: 0.991083979607
    xmin: 1103
    ymin: 435
    xmax: 1149
    ymax: 472
  - 
    Class: "car"
    probability: 0.949581980705
    xmin: 821
    ymin: 418
    xmax: 865
    ymax: 456
  - 
    Class: "car"
    probability: 0.934701442719
    xmin: 1535
    ymin: 514
    xmax: 1645
    ymax: 570
  - 
    Class: "car"
    probability: 0.952918469906
    xmin: 1204
    ymin: 441
    xmax: 1262
    ymax: 477
  - 
    Class: "car"
    probability: 0.941350579262
    xmin: 744
    ymin: 387
    xmax: 776
    ymax: 413
  - 
    Class: "car"
    probability: 0.867769062519
    xmin: 1211
    ymin: 451
    xmax: 1283
    ymax: 502
  - 
    Class: "car"
    probability: 0.843285441399
    xmin: 1028
    ymin: 389
    xmax: 1071
    ymax: 417
  - 
    Class: "car"
    probability: 0.817085325718
    xmin: 1220
    ymin: 473
    xmax: 1298
    ymax: 522
---
header: 
  seq: 2665
  stamp: 
    secs: 1562112930
    nsecs: 328140952
  frame_id: "detection"
image_header: 
  seq: 4542
  stamp: 
    secs: 1562112930
    nsecs: 152926330
  frame_id: "videofile_frame"
bounding_boxes: 
  - 
    Class: "car"
    probability: 0.987074792385
    xmin: 1617
    ymin: 569
    xmax: 1757
    ymax: 648
  - 
    Class: "car"
    probability: 0.984784781933
    xmin: 1108
    ymin: 435
    xmax: 1157
    ymax: 474
  - 
    Class: "car"
    probability: 0.966761171818
    xmin: 1551
    ymin: 514
    xmax: 1661
    ymax: 578
  - 
    Class: "car"
    probability: 0.970196485519
    xmin: 1232
    ymin: 477
    xmax: 1307
    ymax: 535
  - 
    Class: "car"
    probability: 0.96194934845
    xmin: 820
    ymin: 416
    xmax: 866
    ymax: 457
  - 
    Class: "car"
    probability: 0.966055393219
    xmin: 1337
    ymin: 467
    xmax: 1404
    ymax: 503
  - 
    Class: "car"
    probability: 0.930245399475
    xmin: 1211
    ymin: 441
    xmax: 1264
    ymax: 480
  - 
    Class: "car"
    probability: 0.901842832565
    xmin: 890
    ymin: 1013
    xmax: 1120
    ymax: 1080
  - 
    Class: "car"
    probability: 0.906396329403
    xmin: 745
    ymin: 387
    xmax: 776
    ymax: 412
  - 
    Class: "car"
    probability: 0.823735356331
    xmin: 748
    ymin: 366
    xmax: 779
    ymax: 389
  - 
    Class: "car"
    probability: 0.815166652203
    xmin: 1036
    ymin: 394
    xmax: 1073
    ymax: 424
---
header: 
  seq: 2666
  stamp: 
    secs: 1562112930
    nsecs: 391665129
  frame_id: "detection"
image_header: 
  seq: 4543
  stamp: 
    secs: 1562112930
    nsecs: 185440268
  frame_id: "videofile_frame"
bounding_boxes: 
  - 
    Class: "car"
    probability: 0.987740576267
    xmin: 1625
    ymin: 573
    xmax: 1783
    ymax: 667
  - 
    Class: "car"
    probability: 0.993055582047
    xmin: 1342
    ymin: 468
    xmax: 1406
    ymax: 507
  - 
    Class: "car"
    probability: 0.991572856903
    xmin: 1108
    ymin: 436
    xmax: 1160
    ymax: 476
  - 
    Class: "car"
    probability: 0.975353658199
    xmin: 1567
    ymin: 512
    xmax: 1671
    ymax: 584
  - 
    Class: "car"
    probability: 0.966331064701
    xmin: 869
    ymin: 987
    xmax: 1102
    ymax: 1080
  - 
    Class: "car"
    probability: 0.968201100826
    xmin: 1237
    ymin: 477
    xmax: 1312
    ymax: 536
  - 
    Class: "car"
    probability: 0.902833878994
    xmin: 820
    ymin: 416
    xmax: 862
    ymax: 455
  - 
    Class: "car"
    probability: 0.863628208637
    xmin: 810
    ymin: 394
    xmax: 843
    ymax: 421
  - 
    Class: "car"
    probability: 0.841960012913
    xmin: 746
    ymin: 387
    xmax: 774
    ymax: 411
  - 
    Class: "car"
    probability: 0.837590754032
    xmin: 749
    ymin: 365
    xmax: 777
    ymax: 389
  - 
    Class: "car"
    probability: 0.816132426262
    xmin: 1037
    ymin: 393
    xmax: 1073
    ymax: 427
---
header: 
  seq: 2667
  stamp: 
    secs: 1562112930
    nsecs: 441263709
  frame_id: "detection"
image_header: 
  seq: 4545
  stamp: 
    secs: 1562112930
    nsecs: 250671872
  frame_id: "videofile_frame"
bounding_boxes: 
  - 
    Class: "car"
    probability: 0.995277404785
    xmin: 1347
    ymin: 470
    xmax: 1415
    ymax: 509
  - 
    Class: "car"
    probability: 0.98113232851
    xmin: 1653
    ymin: 584
    xmax: 1808
    ymax: 674
  - 
    Class: "car"
    probability: 0.92370480299
    xmin: 854
    ymin: 926
    xmax: 1097
    ymax: 1076
  - 
    Class: "car"
    probability: 0.983884692192
    xmin: 1578
    ymin: 520
    xmax: 1692
    ymax: 593
  - 
    Class: "car"
    probability: 0.988828122616
    xmin: 1245
    ymin: 481
    xmax: 1331
    ymax: 540
  - 
    Class: "car"
    probability: 0.963343024254
    xmin: 818
    ymin: 417
    xmax: 858
    ymax: 456
  - 
    Class: "car"
    probability: 0.943299651146
    xmin: 1111
    ymin: 439
    xmax: 1164
    ymax: 474
  - 
    Class: "car"
    probability: 0.864959061146
    xmin: 745
    ymin: 385
    xmax: 773
    ymax: 411
  - 
    Class: "car"
    probability: 0.824289858341
    xmin: 810
    ymin: 394
    xmax: 844
    ymax: 422
  - 
    Class: "car"
    probability: 0.822765171528
    xmin: 1222
    ymin: 440
    xmax: 1275
    ymax: 481
---
header: 
  seq: 2668
  stamp: 
    secs: 1562112930
    nsecs: 493337941
  frame_id: "detection"
image_header: 
  seq: 4547
  stamp: 
    secs: 1562112930
    nsecs: 318232768
  frame_id: "videofile_frame"
bounding_boxes: 
  - 
    Class: "car"
    probability: 0.995214939117
    xmin: 1363
    ymin: 473
    xmax: 1424
    ymax: 511
  - 
    Class: "car"
    probability: 0.989149034023
    xmin: 1682
    ymin: 593
    xmax: 1843
    ymax: 682
  - 
    Class: "car"
    probability: 0.808864951134
    xmin: 858
    ymin: 879
    xmax: 1075
    ymax: 1073
  - 
    Class: "car"
    probability: 0.979710996151
    xmin: 1602
    ymin: 521
    xmax: 1715
    ymax: 600
  - 
    Class: "car"
    probability: 0.98353689909
    xmin: 1251
    ymin: 486
    xmax: 1345
    ymax: 545
  - 
    Class: "car"
    probability: 0.949877619743
    xmin: 816
    ymin: 414
    xmax: 856
    ymax: 454
  - 
    Class: "car"
    probability: 0.92140775919
    xmin: 1234
    ymin: 456
    xmax: 1299
    ymax: 495
  - 
    Class: "car"
    probability: 0.888384580612
    xmin: 743
    ymin: 383
    xmax: 774
    ymax: 410
  - 
    Class: "car"
    probability: 0.861021578312
    xmin: 1024
    ymin: 390
    xmax: 1068
    ymax: 429
  - 
    Class: "car"
    probability: 0.875886321068
    xmin: 1121
    ymin: 440
    xmax: 1174
    ymax: 480
  - 
    Class: "car"
    probability: 0.85023021698
    xmin: 809
    ymin: 397
    xmax: 848
    ymax: 428
  - 
    Class: "car"
    probability: 0.827013552189
    xmin: 1109
    ymin: 400
    xmax: 1145
    ymax: 424
  - 
    Class: "car"
    probability: 0.802129268646
    xmin: 747
    ymin: 365
    xmax: 774
    ymax: 389
---
header: 
  seq: 2669
  stamp: 
    secs: 1562112930
    nsecs: 542790282
  frame_id: "detection"
image_header: 
  seq: 4549
  stamp: 
    secs: 1562112930
    nsecs: 384248907
  frame_id: "videofile_frame"
bounding_boxes: 
  - 
    Class: "car"
    probability: 0.988942325115
    xmin: 1624
    ymin: 530
    xmax: 1745
    ymax: 606
  - 
    Class: "car"
    probability: 0.984074771404
    xmin: 1267
    ymin: 488
    xmax: 1352
    ymax: 545
  - 
    Class: "car"
    probability: 0.981317579746
    xmin: 1717
    ymin: 606
    xmax: 1887
    ymax: 705
  - 
    Class: "car"
    probability: 0.972524881363
    xmin: 1372
    ymin: 477
    xmax: 1443
    ymax: 516
  - 
    Class: "car"
    probability: 0.965041697025
    xmin: 1244
    ymin: 448
    xmax: 1305
    ymax: 495
  - 
    Class: "car"
    probability: 0.946228384972
    xmin: 816
    ymin: 415
    xmax: 854
    ymax: 451
  - 
    Class: "car"
    probability: 0.901087760925
    xmin: 1025
    ymin: 391
    xmax: 1071
    ymax: 429
  - 
    Class: "car"
    probability: 0.890406847
    xmin: 1112
    ymin: 403
    xmax: 1153
    ymax: 430
  - 
    Class: "car"
    probability: 0.871857523918
    xmin: 744
    ymin: 366
    xmax: 772
    ymax: 388
  - 
    Class: "car"
    probability: 0.817828297615
    xmin: 810
    ymin: 398
    xmax: 845
    ymax: 426
  - 
    Class: "car"
    probability: 0.819372057915
    xmin: 1121
    ymin: 441
    xmax: 1180
    ymax: 483
---
header: 
  seq: 2670
  stamp: 
    secs: 1562112930
    nsecs: 591806528
  frame_id: "detection"
image_header: 
  seq: 4550
  stamp: 
    secs: 1562112930
    nsecs: 417318933
  frame_id: "videofile_frame"
bounding_boxes: 
  - 
    Class: "car"
    probability: 0.993079602718
    xmin: 1735
    ymin: 616
    xmax: 1909
    ymax: 711
  - 
    Class: "car"
    probability: 0.993698239326
    xmin: 1272
    ymin: 490
    xmax: 1359
    ymax: 552
  - 
    Class: "car"
    probability: 0.840526878834
    xmin: 857
    ymin: 821
    xmax: 1051
    ymax: 1043
  - 
    Class: "car"
    probability: 0.992883443832
    xmin: 1377
    ymin: 477
    xmax: 1447
    ymax: 520
  - 
    Class: "car"
    probability: 0.971556544304
    xmin: 1636
    ymin: 531
    xmax: 1751
    ymax: 605
  - 
    Class: "car"
    probability: 0.97457665205
    xmin: 1246
    ymin: 453
    xmax: 1315
    ymax: 500
  - 
    Class: "car"
    probability: 0.934856772423
    xmin: 814
    ymin: 415
    xmax: 853
    ymax: 451
  - 
    Class: "car"
    probability: 0.924404919147
    xmin: 1123
    ymin: 440
    xmax: 1182
    ymax: 483
  - 
    Class: "car"
    probability: 0.918902873993
    xmin: 745
    ymin: 365
    xmax: 773
    ymax: 388
  - 
    Class: "car"
    probability: 0.855695903301
    xmin: 1028
    ymin: 392
    xmax: 1071
    ymax: 429
  - 
    Class: "car"
    probability: 0.830698370934
    xmin: 809
    ymin: 398
    xmax: 845
    ymax: 428
---
header: 
  seq: 2671
  stamp: 
    secs: 1562112930
    nsecs: 645720675
  frame_id: "detection"
image_header: 
  seq: 4552
  stamp: 
    secs: 1562112930
    nsecs: 484237738
  frame_id: "videofile_frame"
bounding_boxes: 
  - 
    Class: "car"
    probability: 0.974926590919
    xmin: 1658
    ymin: 543
    xmax: 1792
    ymax: 620
  - 
    Class: "car"
    probability: 0.985607266426
    xmin: 1767
    ymin: 619
    xmax: 1918
    ymax: 730
  - 
    Class: "car"
    probability: 0.987448811531
    xmin: 1249
    ymin: 456
    xmax: 1324
    ymax: 504
  - 
    Class: "car"
    probability: 0.897816956043
    xmin: 861
    ymin: 786
    xmax: 1035
    ymax: 994
  - 
    Class: "car"
    probability: 0.984005391598
    xmin: 1389
    ymin: 478
    xmax: 1457
    ymax: 520
  - 
    Class: "car"
    probability: 0.948388278484
    xmin: 1279
    ymin: 487
    xmax: 1371
    ymax: 561
  - 
    Class: "car"
    probability: 0.930186271667
    xmin: 807
    ymin: 400
    xmax: 844
    ymax: 433
  - 
    Class: "car"
    probability: 0.887595534325
    xmin: 509
    ymin: 1021
    xmax: 699
    ymax: 1080
  - 
    Class: "car"
    probability: 0.907377541065
    xmin: 1138
    ymin: 447
    xmax: 1191
    ymax: 489
  - 
    Class: "car"
    probability: 0.865370929241
    xmin: 1063
    ymin: 399
    xmax: 1108
    ymax: 428
  - 
    Class: "car"
    probability: 0.811481356621
    xmin: 813
    ymin: 413
    xmax: 852
    ymax: 450
  - 
    Class: "car"
    probability: 0.809271216393
    xmin: 748
    ymin: 365
    xmax: 774
    ymax: 386
---
header: 
  seq: 2672
  stamp: 
    secs: 1562112930
    nsecs: 710256772
  frame_id: "detection"
image_header: 
  seq: 4553
  stamp: 
    secs: 1562112930
    nsecs: 519690568
  frame_id: "videofile_frame"
bounding_boxes: 
  - 
    Class: "car"
    probability: 0.976217031479
    xmin: 867
    ymin: 773
    xmax: 1018
    ymax: 922
  - 
    Class: "car"
    probability: 0.980238258839
    xmin: 1672
    ymin: 544
    xmax: 1805
    ymax: 632
  - 
    Class: "car"
    probability: 0.989622890949
    xmin: 1279
    ymin: 498
    xmax: 1388
    ymax: 568
  - 
    Class: "car"
    probability: 0.986276984215
    xmin: 1397
    ymin: 482
    xmax: 1470
    ymax: 527
  - 
    Class: "car"
    probability: 0.983429789543
    xmin: 1141
    ymin: 451
    xmax: 1195
    ymax: 488
  - 
    Class: "car"
    probability: 0.976451098919
    xmin: 1790
    ymin: 626
    xmax: 1919
    ymax: 733
  - 
    Class: "car"
    probability: 0.90231359005
    xmin: 510
    ymin: 982
    xmax: 701
    ymax: 1080
  - 
    Class: "car"
    probability: 0.940734088421
    xmin: 808
    ymin: 400
    xmax: 845
    ymax: 432
  - 
    Class: "car"
    probability: 0.933991312981
    xmin: 1255
    ymin: 456
    xmax: 1320
    ymax: 503
  - 
    Class: "car"
    probability: 0.910483181477
    xmin: 1066
    ymin: 399
    xmax: 1105
    ymax: 428
  - 
    Class: "car"
    probability: 0.824134171009
    xmin: 1034
    ymin: 396
    xmax: 1071
    ymax: 430
  - 
    Class: "car"
    probability: 0.823089241982
    xmin: 1129
    ymin: 404
    xmax: 1169
    ymax: 430
  - 
    Class: "car"
    probability: 0.825963675976
    xmin: 747
    ymin: 365
    xmax: 775
    ymax: 387
---
header: 
  seq: 2673
  stamp: 
    secs: 1562112930
    nsecs: 753795050
  frame_id: "detection"
image_header: 
  seq: 4555
  stamp: 
    secs: 1562112930
    nsecs: 585017203
  frame_id: "videofile_frame"
bounding_boxes: 
  - 
    Class: "car"
    probability: 0.975156486034
    xmin: 1689
    ymin: 556
    xmax: 1840
    ymax: 634
  - 
    Class: "car"
    probability: 0.993029415607
    xmin: 1405
    ymin: 482
    xmax: 1483
    ymax: 532
  - 
    Class: "car"
    probability: 0.98108202219
    xmin: 862
    ymin: 740
    xmax: 1009
    ymax: 897
  - 
    Class: "car"
    probability: 0.987598061562
    xmin: 1261
    ymin: 464
    xmax: 1340
    ymax: 505
  - 
    Class: "car"
    probability: 0.986458361149
    xmin: 1145
    ymin: 448
    xmax: 1202
    ymax: 493
  - 
    Class: "car"
    probability: 0.833997547626
    xmin: 535
    ymin: 932
    xmax: 695
    ymax: 1080
  - 
    Class: "car"
    probability: 0.975083649158
    xmin: 1301
    ymin: 508
    xmax: 1392
    ymax: 566
  - 
    Class: "car"
    probability: 0.941431701183
    xmin: 806
    ymin: 402
    xmax: 844
    ymax: 433
  - 
    Class: "car"
    probability: 0.941666424274
    xmin: 1129
    ymin: 404
    xmax: 1172
    ymax: 434
  - 
    Class: "car"
    probability: 0.909361958504
    xmin: 1825
    ymin: 639
    xmax: 1920
    ymax: 769
  - 
    Class: "car"
    probability: 0.879260540009
    xmin: 1034
    ymin: 398
    xmax: 1073
    ymax: 433
  - 
    Class: "car"
    probability: 0.859996318817
    xmin: 747
    ymin: 365
    xmax: 777
    ymax: 389
  - 
    Class: "car"
    probability: 0.839748501778
    xmin: 1068
    ymin: 400
    xmax: 1106
    ymax: 430
---
header: 
  seq: 2674
  stamp: 
    secs: 1562112930
    nsecs: 813248162
  frame_id: "detection"
image_header: 
  seq: 4557
  stamp: 
    secs: 1562112930
    nsecs: 650895297
  frame_id: "videofile_frame"
bounding_boxes: 
  - 
    Class: "car"
    probability: 0.975411534309
    xmin: 1719
    ymin: 557
    xmax: 1871
    ymax: 645
  - 
    Class: "car"
    probability: 0.995423316956
    xmin: 1417
    ymin: 488
    xmax: 1500
    ymax: 533
  - 
    Class: "car"
    probability: 0.991547107697
    xmin: 1273
    ymin: 463
    xmax: 1355
    ymax: 510
  - 
    Class: "car"
    probability: 0.909772396088
    xmin: 553
    ymin: 898
    xmax: 713
    ymax: 1078
  - 
    Class: "car"
    probability: 0.964275538921
    xmin: 1316
    ymin: 508
    xmax: 1411
    ymax: 577
  - 
    Class: "car"
    probability: 0.955678403378
    xmin: 1133
    ymin: 406
    xmax: 1176
    ymax: 433
  - 
    Class: "car"
    probability: 0.939969599247
    xmin: 805
    ymin: 402
    xmax: 842
    ymax: 432
  - 
    Class: "car"
    probability: 0.912158429623
    xmin: 1034
    ymin: 397
    xmax: 1079
    ymax: 433
  - 
    Class: "car"
    probability: 0.927638530731
    xmin: 867
    ymin: 718
    xmax: 996
    ymax: 855
  - 
    Class: "car"
    probability: 0.91670280695
    xmin: 744
    ymin: 366
    xmax: 774
    ymax: 390
  - 
    Class: "car"
    probability: 0.921602487564
    xmin: 1149
    ymin: 455
    xmax: 1206
    ymax: 493
---
header: 
  seq: 2675
  stamp: 
    secs: 1562112930
    nsecs: 860820162
  frame_id: "detection"
image_header: 
  seq: 4558
  stamp: 
    secs: 1562112930
    nsecs: 684862328
  frame_id: "videofile_frame"
bounding_boxes: 
  - 
    Class: "car"
    probability: 0.997563421726
    xmin: 1423
    ymin: 487
    xmax: 1512
    ymax: 535
  - 
    Class: "car"
    probability: 0.98802292347
    xmin: 1321
    ymin: 508
    xmax: 1419
    ymax: 582
  - 
    Class: "car"
    probability: 0.990263879299
    xmin: 1277
    ymin: 463
    xmax: 1360
    ymax: 510
  - 
    Class: "car"
    probability: 0.972966790199
    xmin: 1738
    ymin: 561
    xmax: 1885
    ymax: 656
  - 
    Class: "car"
    probability: 0.9105027318
    xmin: 561
    ymin: 874
    xmax: 711
    ymax: 1065
  - 
    Class: "car"
    probability: 0.964095592499
    xmin: 805
    ymin: 401
    xmax: 843
    ymax: 433
  - 
    Class: "car"
    probability: 0.944463610649
    xmin: 1136
    ymin: 407
    xmax: 1179
    ymax: 434
  - 
    Class: "car"
    probability: 0.939524292946
    xmin: 1061
    ymin: 401
    xmax: 1110
    ymax: 432
  - 
    Class: "car"
    probability: 0.91119068861
    xmin: 743
    ymin: 366
    xmax: 770
    ymax: 388
  - 
    Class: "car"
    probability: 0.911465585232
    xmin: 1156
    ymin: 457
    xmax: 1214
    ymax: 495
  - 
    Class: "car"
    probability: 0.866482615471
    xmin: 1035
    ymin: 399
    xmax: 1077
    ymax: 433
  - 
    Class: "car"
    probability: 0.834500670433
    xmin: 862
    ymin: 699
    xmax: 992
    ymax: 844
---
header: 
  seq: 2676
  stamp: 
    secs: 1562112930
    nsecs: 915928324
  frame_id: "detection"
image_header: 
  seq: 4559
  stamp: 
    secs: 1562112930
    nsecs: 718568478
  frame_id: "videofile_frame"
bounding_boxes: 
  - 
    Class: "car"
    probability: 0.995466589928
    xmin: 1430
    ymin: 486
    xmax: 1515
    ymax: 539
  - 
    Class: "car"
    probability: 0.986390650272
    xmin: 1159
    ymin: 454
    xmax: 1216
    ymax: 497
  - 
    Class: "car"
    probability: 0.986227214336
    xmin: 1283
    ymin: 464
    xmax: 1360
    ymax: 513
  - 
    Class: "car"
    probability: 0.964042305946
    xmin: 1750
    ymin: 576
    xmax: 1910
    ymax: 661
  - 
    Class: "car"
    probability: 0.964911282063
    xmin: 807
    ymin: 403
    xmax: 845
    ymax: 433
  - 
    Class: "car"
    probability: 0.962463200092
    xmin: 1326
    ymin: 512
    xmax: 1424
    ymax: 582
  - 
    Class: "car"
    probability: 0.935855925083
    xmin: 1035
    ymin: 395
    xmax: 1081
    ymax: 432
  - 
    Class: "car"
    probability: 0.902393221855
    xmin: 566
    ymin: 855
    xmax: 723
    ymax: 1039
  - 
    Class: "car"
    probability: 0.877261459827
    xmin: 1064
    ymin: 397
    xmax: 1110
    ymax: 431
  - 
    Class: "car"
    probability: 0.867192447186
    xmin: 744
    ymin: 365
    xmax: 771
    ymax: 386
---
header: 
  seq: 2677
  stamp: 
    secs: 1562112930
    nsecs: 957901178
  frame_id: "detection"
image_header: 
  seq: 4561
  stamp: 
    secs: 1562112930
    nsecs: 785723847
  frame_id: "videofile_frame"
bounding_boxes: 
  - 
    Class: "car"
    probability: 0.994675517082
    xmin: 1450
    ymin: 498
    xmax: 1528
    ymax: 544
  - 
    Class: "car"
    probability: 0.985913813114
    xmin: 1346
    ymin: 516
    xmax: 1443
    ymax: 592
  - 
    Class: "car"
    probability: 0.980544149876
    xmin: 596
    ymin: 823
    xmax: 722
    ymax: 975
  - 
    Class: "car"
    probability: 0.985829651356
    xmin: 1296
    ymin: 471
    xmax: 1371
    ymax: 522
  - 
    Class: "car"
    probability: 0.983172535896
    xmin: 1166
    ymin: 458
    xmax: 1223
    ymax: 504
  - 
    Class: "car"
    probability: 0.947941303253
    xmin: 1787
    ymin: 580
    xmax: 1915
    ymax: 672
  - 
    Class: "car"
    probability: 0.966053664684
    xmin: 856
    ymin: 672
    xmax: 976
    ymax: 815
  - 
    Class: "car"
    probability: 0.965703785419
    xmin: 1138
    ymin: 411
    xmax: 1185
    ymax: 439
  - 
    Class: "car"
    probability: 0.947088062763
    xmin: 804
    ymin: 403
    xmax: 840
    ymax: 432
  - 
    Class: "car"
    probability: 0.906518161297
    xmin: 1065
    ymin: 399
    xmax: 1112
    ymax: 434
  - 
    Class: "car"
    probability: 0.815417468548
    xmin: 1042
    ymin: 401
    xmax: 1082
    ymax: 436
---
header: 
  seq: 2678
  stamp: 
    secs: 1562112931
    nsecs:  19445116
  frame_id: "detection"
image_header: 
  seq: 4563
  stamp: 
    secs: 1562112930
    nsecs: 850402282
  frame_id: "videofile_frame"
bounding_boxes: 
  - 
    Class: "car"
    probability: 0.997929692268
    xmin: 1459
    ymin: 497
    xmax: 1549
    ymax: 547
  - 
    Class: "car"
    probability: 0.995424389839
    xmin: 1362
    ymin: 522
    xmax: 1452
    ymax: 599
  - 
    Class: "car"
    probability: 0.992511510849
    xmin: 1175
    ymin: 457
    xmax: 1233
    ymax: 504
  - 
    Class: "car"
    probability: 0.992727696896
    xmin: 1303
    ymin: 471
    xmax: 1384
    ymax: 524
  - 
    Class: "car"
    probability: 0.973683416843
    xmin: 860
    ymin: 656
    xmax: 968
    ymax: 774
  - 
    Class: "car"
    probability: 0.960121810436
    xmin: 807
    ymin: 400
    xmax: 844
    ymax: 430
  - 
    Class: "car"
    probability: 0.922246396542
    xmin: 1811
    ymin: 580
    xmax: 1919
    ymax: 681
  - 
    Class: "car"
    probability: 0.936973571777
    xmin: 1065
    ymin: 400
    xmax: 1110
    ymax: 437
  - 
    Class: "car"
    probability: 0.930022537708
    xmin: 610
    ymin: 790
    xmax: 736
    ymax: 935
  - 
    Class: "car"
    probability: 0.931951642036
    xmin: 1145
    ymin: 410
    xmax: 1189
    ymax: 437
  - 
    Class: "car"
    probability: 0.838661730289
    xmin: 745
    ymin: 363
    xmax: 770
    ymax: 386
---
header: 
  seq: 2679
  stamp: 
    secs: 1562112931
    nsecs:  75216417
  frame_id: "detection"
image_header: 
  seq: 4564
  stamp: 
    secs: 1562112930
    nsecs: 883986264
  frame_id: "videofile_frame"
bounding_boxes: 
  - 
    Class: "car"
    probability: 0.99357187748
    xmin: 1369
    ymin: 529
    xmax: 1467
    ymax: 606
  - 
    Class: "car"
    probability: 0.991263449192
    xmin: 1463
    ymin: 497
    xmax: 1552
    ymax: 548
  - 
    Class: "car"
    probability: 0.989979505539
    xmin: 1177
    ymin: 463
    xmax: 1237
    ymax: 505
  - 
    Class: "car"
    probability: 0.969160497189
    xmin: 805
    ymin: 399
    xmax: 842
    ymax: 430
  - 
    Class: "car"
    probability: 0.971649348736
    xmin: 1307
    ymin: 472
    xmax: 1388
    ymax: 525
  - 
    Class: "car"
    probability: 0.950259327888
    xmin: 615
    ymin: 777
    xmax: 742
    ymax: 927
  - 
    Class: "car"
    probability: 0.902554094791
    xmin: 1829
    ymin: 574
    xmax: 1920
    ymax: 695
  - 
    Class: "car"
    probability: 0.936692714691
    xmin: 857
    ymin: 645
    xmax: 959
    ymax: 771
  - 
    Class: "car"
    probability: 0.879232525826
    xmin: 1061
    ymin: 399
    xmax: 1103
    ymax: 435
  - 
    Class: "car"
    probability: 0.905493080616
    xmin: 1145
    ymin: 412
    xmax: 1191
    ymax: 437
  - 
    Class: "car"
    probability: 0.838296234608
    xmin: 744
    ymin: 363
    xmax: 769
    ymax: 387
---
header: 
  seq: 2680
  stamp: 
    secs: 1562112931
    nsecs: 126102777
  frame_id: "detection"
image_header: 
  seq: 4566
  stamp: 
    secs: 1562112930
    nsecs: 952643472
  frame_id: "videofile_frame"
bounding_boxes: 
  - 
    Class: "car"
    probability: 0.989392101765
    xmin: 1386
    ymin: 528
    xmax: 1487
    ymax: 614
  - 
    Class: "car"
    probability: 0.992677211761
    xmin: 1485
    ymin: 508
    xmax: 1568
    ymax: 558
  - 
    Class: "car"
    probability: 0.991436719894
    xmin: 1181
    ymin: 461
    xmax: 1244
    ymax: 506
  - 
    Class: "car"
    probability: 0.982883512974
    xmin: 807
    ymin: 401
    xmax: 844
    ymax: 432
  - 
    Class: "car"
    probability: 0.971429646015
    xmin: 624
    ymin: 751
    xmax: 746
    ymax: 889
  - 
    Class: "car"
    probability: 0.953872442245
    xmin: 1057
    ymin: 402
    xmax: 1106
    ymax: 438
  - 
    Class: "car"
    probability: 0.928542733192
    xmin: 854
    ymin: 632
    xmax: 959
    ymax: 726
  - 
    Class: "car"
    probability: 0.917487800121
    xmin: 1324
    ymin: 473
    xmax: 1413
    ymax: 539
  - 
    Class: "car"
    probability: 0.878326296806
    xmin: 994
    ymin: 382
    xmax: 1036
    ymax: 415
---
header: 
  seq: 2681
  stamp: 
    secs: 1562112931
    nsecs: 177523075
  frame_id: "detection"
image_header: 
  seq: 4567
  stamp: 
    secs: 1562112930
    nsecs: 985513151
  frame_id: "videofile_frame"
bounding_boxes: 
  - 
    Class: "car"
    probability: 0.993710517883
    xmin: 1391
    ymin: 530
    xmax: 1494
    ymax: 617
  - 
    Class: "car"
    probability: 0.993894219398
    xmin: 1485
    ymin: 506
    xmax: 1583
    ymax: 561
  - 
    Class: "car"
    probability: 0.976035952568
    xmin: 807
    ymin: 402
    xmax: 842
    ymax: 431
  - 
    Class: "car"
    probability: 0.973853707314
    xmin: 1315
    ymin: 477
    xmax: 1425
    ymax: 540
  - 
    Class: "car"
    probability: 0.955607295036
    xmin: 854
    ymin: 627
    xmax: 957
    ymax: 732
  - 
    Class: "car"
    probability: 0.930310726166
    xmin: 1058
    ymin: 399
    xmax: 1108
    ymax: 438
  - 
    Class: "car"
    probability: 0.899394869804
    xmin: 990
    ymin: 380
    xmax: 1037
    ymax: 415
  - 
    Class: "car"
    probability: 0.887466490269
    xmin: 1185
    ymin: 464
    xmax: 1245
    ymax: 510
  - 
    Class: "car"
    probability: 0.86778742075
    xmin: 628
    ymin: 738
    xmax: 743
    ymax: 875
  - 
    Class: "car"
    probability: 0.846202850342
    xmin: 1888
    ymin: 589
    xmax: 1918
    ymax: 686
---
header: 
  seq: 2682
  stamp: 
    secs: 1562112931
    nsecs: 242960600
  frame_id: "detection"
image_header: 
  seq: 4569
  stamp: 
    secs: 1562112931
    nsecs:  51131124
  frame_id: "videofile_frame"
bounding_boxes: 
  - 
    Class: "car"
    probability: 0.991821229458
    xmin: 1410
    ymin: 543
    xmax: 1528
    ymax: 630
  - 
    Class: "car"
    probability: 0.990257263184
    xmin: 1336
    ymin: 482
    xmax: 1436
    ymax: 539
  - 
    Class: "car"
    probability: 0.987822055817
    xmin: 1193
    ymin: 472
    xmax: 1260
    ymax: 517
  - 
    Class: "car"
    probability: 0.969200730324
    xmin: 803
    ymin: 397
    xmax: 839
    ymax: 426
  - 
    Class: "car"
    probability: 0.951635479927
    xmin: 638
    ymin: 716
    xmax: 750
    ymax: 844
  - 
    Class: "car"
    probability: 0.936137199402
    xmin: 1060
    ymin: 400
    xmax: 1108
    ymax: 439
  - 
    Class: "car"
    probability: 0.934140086174
    xmin: 995
    ymin: 381
    xmax: 1038
    ymax: 417
  - 
    Class: "car"
    probability: 0.935051500797
    xmin: 852
    ymin: 608
    xmax: 947
    ymax: 712
  - 
    Class: "car"
    probability: 0.879147946835
    xmin: 741
    ymin: 363
    xmax: 765
    ymax: 385
  - 
    Class: "car"
    probability: 0.89107131958
    xmin: 1165
    ymin: 417
    xmax: 1208
    ymax: 444
  - 
    Class: "car"
    probability: 0.850118100643
    xmin: 1510
    ymin: 513
    xmax: 1603
    ymax: 573
---
header: 
  seq: 2683
  stamp: 
    secs: 1562112931
    nsecs: 284489939
  frame_id: "detection"
image_header: 
  seq: 4571
  stamp: 
    secs: 1562112931
    nsecs: 117571476
  frame_id: "videofile_frame"
bounding_boxes: 
  - 
    Class: "car"
    probability: 0.989433944225
    xmin: 1422
    ymin: 549
    xmax: 1551
    ymax: 641
  - 
    Class: "car"
    probability: 0.969894886017
    xmin: 807
    ymin: 399
    xmax: 839
    ymax: 427
  - 
    Class: "car"
    probability: 0.978171288967
    xmin: 1202
    ymin: 475
    xmax: 1267
    ymax: 517
  - 
    Class: "car"
    probability: 0.972138345242
    xmin: 1347
    ymin: 477
    xmax: 1449
    ymax: 545
  - 
    Class: "car"
    probability: 0.97052693367
    xmin: 1511
    ymin: 511
    xmax: 1619
    ymax: 577
  - 
    Class: "car"
    probability: 0.957629740238
    xmin: 852
    ymin: 597
    xmax: 946
    ymax: 687
  - 
    Class: "car"
    probability: 0.912682592869
    xmin: 1000
    ymin: 383
    xmax: 1041
    ymax: 417
  - 
    Class: "car"
    probability: 0.915437340736
    xmin: 1067
    ymin: 398
    xmax: 1109
    ymax: 436
  - 
    Class: "car"
    probability: 0.877638459206
    xmin: 645
    ymin: 696
    xmax: 751
    ymax: 817
  - 
    Class: "car"
    probability: 0.917041957378
    xmin: 1170
    ymin: 415
    xmax: 1218
    ymax: 447
  - 
    Class: "car"
    probability: 0.852567672729
    xmin: 740
    ymin: 369
    xmax: 764
    ymax: 390
---
header: 
  seq: 2684
  stamp: 
    secs: 1562112931
    nsecs: 338885250
  frame_id: "detection"
image_header: 
  seq: 4572
  stamp: 
    secs: 1562112931
    nsecs: 150831478
  frame_id: "videofile_frame"
bounding_boxes: 
  - 
    Class: "car"
    probability: 0.987549781799
    xmin: 1430
    ymin: 556
    xmax: 1564
    ymax: 644
  - 
    Class: "car"
    probability: 0.986658334732
    xmin: 1203
    ymin: 472
    xmax: 1275
    ymax: 520
  - 
    Class: "car"
    probability: 0.982060313225
    xmin: 1530
    ymin: 513
    xmax: 1634
    ymax: 579
  - 
    Class: "car"
    probability: 0.971848666668
    xmin: 806
    ymin: 397
    xmax: 840
    ymax: 426
  - 
    Class: "car"
    probability: 0.967720925808
    xmin: 1360
    ymin: 486
    xmax: 1455
    ymax: 548
  - 
    Class: "car"
    probability: 0.957226336002
    xmin: 1174
    ymin: 416
    xmax: 1223
    ymax: 447
  - 
    Class: "car"
    probability: 0.87411481142
    xmin: 1002
    ymin: 386
    xmax: 1041
    ymax: 419
  - 
    Class: "car"
    probability: 0.871563673019
    xmin: 1069
    ymin: 411
    xmax: 1123
    ymax: 458
  - 
    Class: "car"
    probability: 0.818421959877
    xmin: 742
    ymin: 367
    xmax: 765
    ymax: 388
  - 
    Class: "car"
    probability: 0.80548787117
    xmin: 1070
    ymin: 396
    xmax: 1113
    ymax: 432
---
header: 
  seq: 2685
  stamp: 
    secs: 1562112931
    nsecs: 391823152
  frame_id: "detection"
image_header: 
  seq: 4574
  stamp: 
    secs: 1562112931
    nsecs: 217066424
  frame_id: "videofile_frame"
bounding_boxes: 
  - 
    Class: "car"
    probability: 0.975937306881
    xmin: 1451
    ymin: 558
    xmax: 1584
    ymax: 661
  - 
    Class: "car"
    probability: 0.969676196575
    xmin: 1546
    ymin: 516
    xmax: 1655
    ymax: 588
  - 
    Class: "car"
    probability: 0.964218437672
    xmin: 1374
    ymin: 490
    xmax: 1466
    ymax: 550
  - 
    Class: "car"
    probability: 0.945796489716
    xmin: 805
    ymin: 397
    xmax: 839
    ymax: 425
  - 
    Class: "car"
    probability: 0.944590687752
    xmin: 1177
    ymin: 418
    xmax: 1229
    ymax: 448
  - 
    Class: "car"
    probability: 0.926648199558
    xmin: 1215
    ymin: 480
    xmax: 1290
    ymax: 530
  - 
    Class: "car"
    probability: 0.919354736805
    xmin: 844
    ymin: 582
    xmax: 939
    ymax: 669
  - 
    Class: "car"
    probability: 0.827578425407
    xmin: 1070
    ymin: 411
    xmax: 1128
    ymax: 461
  - 
    Class: "car"
    probability: 0.85151797533
    xmin: 1001
    ymin: 386
    xmax: 1045
    ymax: 416
  - 
    Class: "car"
    probability: 0.830151438713
    xmin: 660
    ymin: 671
    xmax: 751
    ymax: 788
---
header: 
  seq: 2686
  stamp: 
    secs: 1562112931
    nsecs: 452199961
  frame_id: "detection"
image_header: 
  seq: 4575
  stamp: 
    secs: 1562112931
    nsecs: 253357372
  frame_id: "videofile_frame"
bounding_boxes: 
  - 
    Class: "car"
    probability: 0.979868113995
    xmin: 1463
    ymin: 564
    xmax: 1607
    ymax: 672
  - 
    Class: "car"
    probability: 0.988429188728
    xmin: 1552
    ymin: 521
    xmax: 1669
    ymax: 589
  - 
    Class: "car"
    probability: 0.967470228672
    xmin: 804
    ymin: 396
    xmax: 838
    ymax: 424
  - 
    Class: "car"
    probability: 0.955033302307
    xmin: 844
    ymin: 577
    xmax: 936
    ymax: 660
  - 
    Class: "car"
    probability: 0.942236840725
    xmin: 1370
    ymin: 481
    xmax: 1477
    ymax: 563
  - 
    Class: "car"
    probability: 0.941046476364
    xmin: 664
    ymin: 667
    xmax: 756
    ymax: 768
  - 
    Class: "car"
    probability: 0.947754859924
    xmin: 1182
    ymin: 419
    xmax: 1233
    ymax: 450
  - 
    Class: "car"
    probability: 0.887170493603
    xmin: 1000
    ymin: 387
    xmax: 1043
    ymax: 421
  - 
    Class: "car"
    probability: 0.844732880592
    xmin: 1093
    ymin: 413
    xmax: 1146
    ymax: 456
  - 
    Class: "car"
    probability: 0.851527810097
    xmin: 1215
    ymin: 472
    xmax: 1290
    ymax: 526
---
header: 
  seq: 2687
  stamp: 
    secs: 1562112931
    nsecs: 511125615
  frame_id: "detection"
image_header: 
  seq: 4577
  stamp: 
    secs: 1562112931
    nsecs: 318528288
  frame_id: "videofile_frame"
bounding_boxes: 
  - 
    Class: "car"
    probability: 0.967229306698
    xmin: 1487
    ymin: 576
    xmax: 1637
    ymax: 678
  - 
    Class: "car"
    probability: 0.991259932518
    xmin: 1579
    ymin: 524
    xmax: 1687
    ymax: 598
  - 
    Class: "car"
    probability: 0.986453652382
    xmin: 1228
    ymin: 480
    xmax: 1301
    ymax: 535
  - 
    Class: "car"
    probability: 0.96677428484
    xmin: 804
    ymin: 396
    xmax: 839
    ymax: 423
  - 
    Class: "car"
    probability: 0.9571403265
    xmin: 1387
    ymin: 490
    xmax: 1488
    ymax: 563
  - 
    Class: "car"
    probability: 0.9434710145
    xmin: 668
    ymin: 647
    xmax: 758
    ymax: 751
  - 
    Class: "car"
    probability: 0.92642891407
    xmin: 1099
    ymin: 411
    xmax: 1149
    ymax: 458
  - 
    Class: "car"
    probability: 0.902629256248
    xmin: 1190
    ymin: 419
    xmax: 1235
    ymax: 449
  - 
    Class: "car"
    probability: 0.833653211594
    xmin: 1073
    ymin: 400
    xmax: 1112
    ymax: 431
  - 
    Class: "car"
    probability: 0.81024068594
    xmin: 845
    ymin: 563
    xmax: 934
    ymax: 648
  - 
    Class: "car"
    probability: 0.807368159294
    xmin: 740
    ymin: 365
    xmax: 765
    ymax: 384
---
header: 
  seq: 2688
  stamp: 
    secs: 1562112931
    nsecs: 554397897
  frame_id: "detection"
image_header: 
  seq: 4579
  stamp: 
    secs: 1562112931
    nsecs: 383183936
  frame_id: "videofile_frame"
bounding_boxes: 
  - 
    Class: "car"
    probability: 0.915356397629
    xmin: 1511
    ymin: 582
    xmax: 1669
    ymax: 703
  - 
    Class: "car"
    probability: 0.986671566963
    xmin: 1405
    ymin: 499
    xmax: 1506
    ymax: 571
  - 
    Class: "car"
    probability: 0.986516177654
    xmin: 1599
    ymin: 536
    xmax: 1717
    ymax: 602
  - 
    Class: "car"
    probability: 0.985565960407
    xmin: 1241
    ymin: 483
    xmax: 1316
    ymax: 538
  - 
    Class: "car"
    probability: 0.983238697052
    xmin: 673
    ymin: 634
    xmax: 765
    ymax: 729
  - 
    Class: "car"
    probability: 0.907967984676
    xmin: 530
    ymin: 931
    xmax: 761
    ymax: 1075
  - 
    Class: "car"
    probability: 0.96778345108
    xmin: 1096
    ymin: 415
    xmax: 1149
    ymax: 465
  - 
    Class: "car"
    probability: 0.951358139515
    xmin: 804
    ymin: 396
    xmax: 837
    ymax: 423
  - 
    Class: "car"
    probability: 0.93981564045
    xmin: 1199
    ymin: 425
    xmax: 1246
    ymax: 454
  - 
    Class: "car"
    probability: 0.886999964714
    xmin: 1019
    ymin: 383
    xmax: 1063
    ymax: 418
  - 
    Class: "car"
    probability: 0.83023917675
    xmin: 844
    ymin: 554
    xmax: 932
    ymax: 637
  - 
    Class: "car"
    probability: 0.81287676096
    xmin: 743
    ymin: 366
    xmax: 765
    ymax: 386
---
header: 
  seq: 2689
  stamp: 
    secs: 1562112931
    nsecs: 609574591
  frame_id: "detection"
image_header: 
  seq: 4580
  stamp: 
    secs: 1562112931
    nsecs: 417032499
  frame_id: "videofile_frame"
bounding_boxes: 
  - 
    Class: "car"
    probability: 0.984440982342
    xmin: 1523
    ymin: 582
    xmax: 1687
    ymax: 704
  - 
    Class: "car"
    probability: 0.992500007153
    xmin: 1612
    ymin: 537
    xmax: 1722
    ymax: 608
  - 
    Class: "car"
    probability: 0.994170188904
    xmin: 1247
    ymin: 484
    xmax: 1324
    ymax: 542
  - 
    Class: "car"
    probability: 0.982354700565
    xmin: 1414
    ymin: 498
    xmax: 1514
    ymax: 572
  - 
    Class: "car"
    probability: 0.970917284489
    xmin: 1094
    ymin: 414
    xmax: 1147
    ymax: 468
  - 
    Class: "car"
    probability: 0.973529398441
    xmin: 673
    ymin: 629
    xmax: 764
    ymax: 723
  - 
    Class: "car"
    probability: 0.96513158083
    xmin: 1199
    ymin: 424
    xmax: 1250
    ymax: 456
  - 
    Class: "car"
    probability: 0.953060925007
    xmin: 803
    ymin: 393
    xmax: 837
    ymax: 421
  - 
    Class: "car"
    probability: 0.877570271492
    xmin: 1019
    ymin: 382
    xmax: 1065
    ymax: 416
  - 
    Class: "car"
    probability: 0.809822440147
    xmin: 741
    ymin: 365
    xmax: 762
    ymax: 385
---
header: 
  seq: 2690
  stamp: 
    secs: 1562112931
    nsecs: 659875128
  frame_id: "detection"
image_header: 
  seq: 4582
  stamp: 
    secs: 1562112931
    nsecs: 484886831
  frame_id: "videofile_frame"
bounding_boxes: 
  - 
    Class: "car"
    probability: 0.929395020008
    xmin: 1555
    ymin: 599
    xmax: 1722
    ymax: 720
  - 
    Class: "car"
    probability: 0.958379328251
    xmin: 1633
    ymin: 548
    xmax: 1757
    ymax: 615
  - 
    Class: "car"
    probability: 0.92429292202
    xmin: 548
    ymin: 870
    xmax: 756
    ymax: 1080
  - 
    Class: "car"
    probability: 0.913845121861
    xmin: 1217
    ymin: 976
    xmax: 1482
    ymax: 1080
  - 
    Class: "car"
    probability: 0.966735124588
    xmin: 1099
    ymin: 416
    xmax: 1155
    ymax: 468
  - 
    Class: "car"
    probability: 0.919753551483
    xmin: 1434
    ymin: 502
    xmax: 1528
    ymax: 584
  - 
    Class: "car"
    probability: 0.969420552254
    xmin: 680
    ymin: 611
    xmax: 763
    ymax: 707
  - 
    Class: "car"
    probability: 0.969009876251
    xmin: 1251
    ymin: 490
    xmax: 1340
    ymax: 547
  - 
    Class: "car"
    probability: 0.95724606514
    xmin: 1205
    ymin: 423
    xmax: 1253
    ymax: 456
  - 
    Class: "car"
    probability: 0.938127398491
    xmin: 1024
    ymin: 387
    xmax: 1065
    ymax: 419
  - 
    Class: "car"
    probability: 0.885508358479
    xmin: 801
    ymin: 393
    xmax: 837
    ymax: 419
---
header: 
  seq: 2691
  stamp: 
    secs: 1562112931
    nsecs: 719367356
  frame_id: "detection"
image_header: 
  seq: 4583
  stamp: 
    secs: 1562112931
    nsecs: 518715291
  frame_id: "videofile_frame"
bounding_boxes: 
  - 
    Class: "car"
    probability: 0.969770848751
    xmin: 1642
    ymin: 551
    xmax: 1769
    ymax: 619
  - 
    Class: "car"
    probability: 0.909281432629
    xmin: 1571
    ymin: 606
    xmax: 1735
    ymax: 729
  - 
    Class: "car"
    probability: 0.972145140171
    xmin: 1191
    ymin: 945
    xmax: 1476
    ymax: 1080
  - 
    Class: "car"
    probability: 0.979729890823
    xmin: 1440
    ymin: 504
    xmax: 1540
    ymax: 586
  - 
    Class: "car"
    probability: 0.988280713558
    xmin: 1258
    ymin: 492
    xmax: 1343
    ymax: 549
  - 
    Class: "car"
    probability: 0.920823931694
    xmin: 564
    ymin: 857
    xmax: 754
    ymax: 1078
  - 
    Class: "car"
    probability: 0.976651728153
    xmin: 1101
    ymin: 420
    xmax: 1156
    ymax: 466
  - 
    Class: "car"
    probability: 0.97386097908
    xmin: 1207
    ymin: 424
    xmax: 1255
    ymax: 458
  - 
    Class: "car"
    probability: 0.949375450611
    xmin: 681
    ymin: 607
    xmax: 762
    ymax: 702
  - 
    Class: "car"
    probability: 0.928545534611
    xmin: 802
    ymin: 391
    xmax: 835
    ymax: 418
  - 
    Class: "car"
    probability: 0.934030234814
    xmin: 1020
    ymin: 387
    xmax: 1065
    ymax: 421
  - 
    Class: "car"
    probability: 0.847013175488
    xmin: 844
    ymin: 542
    xmax: 921
    ymax: 618
---
header: 
  seq: 2692
  stamp: 
    secs: 1562112931
    nsecs: 774316886
  frame_id: "detection"
image_header: 
  seq: 4585
  stamp: 
    secs: 1562112931
    nsecs: 585538235
  frame_id: "videofile_frame"
bounding_boxes: 
  - 
    Class: "car"
    probability: 0.965233385563
    xmin: 1158
    ymin: 891
    xmax: 1434
    ymax: 1080
  - 
    Class: "car"
    probability: 0.984683573246
    xmin: 1673
    ymin: 555
    xmax: 1803
    ymax: 637
  - 
    Class: "car"
    probability: 0.983732104301
    xmin: 1602
    ymin: 616
    xmax: 1778
    ymax: 746
  - 
    Class: "car"
    probability: 0.993571162224
    xmin: 1274
    ymin: 501
    xmax: 1354
    ymax: 558
  - 
    Class: "car"
    probability: 0.954940080643
    xmin: 581
    ymin: 825
    xmax: 764
    ymax: 1029
  - 
    Class: "car"
    probability: 0.979657828808
    xmin: 1458
    ymin: 509
    xmax: 1562
    ymax: 591
  - 
    Class: "car"
    probability: 0.977673947811
    xmin: 1104
    ymin: 419
    xmax: 1160
    ymax: 468
  - 
    Class: "car"
    probability: 0.973606526852
    xmin: 1214
    ymin: 427
    xmax: 1262
    ymax: 462
  - 
    Class: "car"
    probability: 0.96274214983
    xmin: 1026
    ymin: 385
    xmax: 1068
    ymax: 423
  - 
    Class: "car"
    probability: 0.905326664448
    xmin: 692
    ymin: 597
    xmax: 767
    ymax: 683
  - 
    Class: "car"
    probability: 0.881996333599
    xmin: 801
    ymin: 393
    xmax: 833
    ymax: 419
  - 
    Class: "car"
    probability: 0.886337697506
    xmin: 1136
    ymin: 422
    xmax: 1182
    ymax: 460
  - 
    Class: "car"
    probability: 0.820388436317
    xmin: 962
    ymin: 388
    xmax: 997
    ymax: 419
---
header: 
  seq: 2693
  stamp: 
    secs: 1562112931
    nsecs: 821030056
  frame_id: "detection"
image_header: 
  seq: 4587
  stamp: 
    secs: 1562112931
    nsecs: 650421545
  frame_id: "videofile_frame"
bounding_boxes: 
  - 
    Class: "car"
    probability: 0.820938944817
    xmin: 1142
    ymin: 854
    xmax: 1384
    ymax: 1045
  - 
    Class: "car"
    probability: 0.990785777569
    xmin: 1692
    ymin: 562
    xmax: 1834
    ymax: 638
  - 
    Class: "car"
    probability: 0.984082639217
    xmin: 1471
    ymin: 516
    xmax: 1582
    ymax: 598
  - 
    Class: "car"
    probability: 0.983549892902
    xmin: 1643
    ymin: 631
    xmax: 1835
    ymax: 776
  - 
    Class: "car"
    probability: 0.985273182392
    xmin: 1028
    ymin: 385
    xmax: 1073
    ymax: 425
  - 
    Class: "car"
    probability: 0.979514539242
    xmin: 1275
    ymin: 500
    xmax: 1375
    ymax: 568
  - 
    Class: "car"
    probability: 0.931699335575
    xmin: 594
    ymin: 794
    xmax: 761
    ymax: 984
  - 
    Class: "car"
    probability: 0.969128191471
    xmin: 1219
    ymin: 426
    xmax: 1269
    ymax: 460
  - 
    Class: "car"
    probability: 0.965828061104
    xmin: 1102
    ymin: 415
    xmax: 1168
    ymax: 473
  - 
    Class: "car"
    probability: 0.931858360767
    xmin: 692
    ymin: 586
    xmax: 768
    ymax: 672
  - 
    Class: "car"
    probability: 0.922212362289
    xmin: 1132
    ymin: 418
    xmax: 1186
    ymax: 465
  - 
    Class: "car"
    probability: 0.858216285706
    xmin: 845
    ymin: 532
    xmax: 913
    ymax: 588
  - 
    Class: "car"
    probability: 0.801565825939
    xmin: 792
    ymin: 381
    xmax: 825
    ymax: 409
  - 
    Class: "truck"
    probability: 0.833754777908
    xmin: 872
    ymin: 365
    xmax: 967
    ymax: 483
---
header: 
  seq: 2694
  stamp: 
    secs: 1562112931
    nsecs: 870191391
  frame_id: "detection"
image_header: 
  seq: 4588
  stamp: 
    secs: 1562112931
    nsecs: 684491508
  frame_id: "videofile_frame"
bounding_boxes: 
  - 
    Class: "car"
    probability: 0.990553915501
    xmin: 1480
    ymin: 519
    xmax: 1595
    ymax: 597
  - 
    Class: "car"
    probability: 0.989497721195
    xmin: 1653
    ymin: 647
    xmax: 1863
    ymax: 784
  - 
    Class: "car"
    probability: 0.991143941879
    xmin: 1706
    ymin: 564
    xmax: 1851
    ymax: 647
  - 
    Class: "car"
    probability: 0.985423922539
    xmin: 1029
    ymin: 387
    xmax: 1072
    ymax: 425
  - 
    Class: "car"
    probability: 0.981338620186
    xmin: 1282
    ymin: 502
    xmax: 1383
    ymax: 569
  - 
    Class: "car"
    probability: 0.931461334229
    xmin: 609
    ymin: 776
    xmax: 763
    ymax: 965
  - 
    Class: "car"
    probability: 0.96638584137
    xmin: 1222
    ymin: 428
    xmax: 1275
    ymax: 462
  - 
    Class: "car"
    probability: 0.954435288906
    xmin: 1123
    ymin: 424
    xmax: 1186
    ymax: 470
  - 
    Class: "car"
    probability: 0.926760435104
    xmin: 846
    ymin: 528
    xmax: 915
    ymax: 585
  - 
    Class: "car"
    probability: 0.904159188271
    xmin: 697
    ymin: 583
    xmax: 768
    ymax: 662
  - 
    Class: "car"
    probability: 0.859582066536
    xmin: 962
    ymin: 386
    xmax: 1000
    ymax: 416
  - 
    Class: "car"
    probability: 0.851738095284
    xmin: 781
    ymin: 366
    xmax: 808
    ymax: 388
  - 
    Class: "car"
    probability: 0.823651611805
    xmin: 1095
    ymin: 400
    xmax: 1145
    ymax: 434
---
header: 
  seq: 2695
  stamp: 
    secs: 1562112931
    nsecs: 938413171
  frame_id: "detection"
image_header: 
  seq: 4590
  stamp: 
    secs: 1562112931
    nsecs: 751236965
  frame_id: "videofile_frame"
bounding_boxes: 
  - 
    Class: "car"
    probability: 0.993976354599
    xmin: 1504
    ymin: 527
    xmax: 1633
    ymax: 616
  - 
    Class: "car"
    probability: 0.96720546484
    xmin: 1719
    ymin: 676
    xmax: 1920
    ymax: 818
  - 
    Class: "car"
    probability: 0.975439250469
    xmin: 1748
    ymin: 581
    xmax: 1904
    ymax: 660
  - 
    Class: "car"
    probability: 0.966863453388
    xmin: 1107
    ymin: 767
    xmax: 1296
    ymax: 972
  - 
    Class: "car"
    probability: 0.987358629704
    xmin: 1307
    ymin: 511
    xmax: 1408
    ymax: 581
  - 
    Class: "car"
    probability: 0.97661447525
    xmin: 630
    ymin: 738
    xmax: 767
    ymax: 891
  - 
    Class: "car"
    probability: 0.976491987705
    xmin: 1033
    ymin: 392
    xmax: 1080
    ymax: 428
  - 
    Class: "car"
    probability: 0.971009731293
    xmin: 1242
    ymin: 436
    xmax: 1289
    ymax: 467
  - 
    Class: "car"
    probability: 0.957242310047
    xmin: 1128
    ymin: 427
    xmax: 1190
    ymax: 475
  - 
    Class: "car"
    probability: 0.94691824913
    xmin: 842
    ymin: 520
    xmax: 912
    ymax: 577
  - 
    Class: "car"
    probability: 0.915785431862
    xmin: 699
    ymin: 573
    xmax: 770
    ymax: 646
  - 
    Class: "car"
    probability: 0.872903883457
    xmin: 962
    ymin: 384
    xmax: 1001
    ymax: 412
  - 
    Class: "car"
    probability: 0.879768133163
    xmin: 791
    ymin: 382
    xmax: 824
    ymax: 409
  - 
    Class: "car"
    probability: 0.814022064209
    xmin: 741
    ymin: 362
    xmax: 765
    ymax: 381
  - 
    Class: "car"
    probability: 0.810804128647
    xmin: 1104
    ymin: 405
    xmax: 1150
    ymax: 434
---
header: 
  seq: 2696
  stamp: 
    secs: 1562112931
    nsecs: 975753477
  frame_id: "detection"
image_header: 
  seq: 4591
  stamp: 
    secs: 1562112931
    nsecs: 785497106
  frame_id: "videofile_frame"
bounding_boxes: 
  - 
    Class: "car"
    probability: 0.993976354599
    xmin: 1504
    ymin: 527
    xmax: 1633
    ymax: 616
  - 
    Class: "car"
    probability: 0.96720546484
    xmin: 1719
    ymin: 676
    xmax: 1920
    ymax: 818
  - 
    Class: "car"
    probability: 0.975439250469
    xmin: 1748
    ymin: 581
    xmax: 1904
    ymax: 660
  - 
    Class: "car"
    probability: 0.966863453388
    xmin: 1107
    ymin: 767
    xmax: 1296
    ymax: 972
  - 
    Class: "car"
    probability: 0.987358629704
    xmin: 1307
    ymin: 511
    xmax: 1408
    ymax: 581
  - 
    Class: "car"
    probability: 0.97661447525
    xmin: 630
    ymin: 738
    xmax: 767
    ymax: 891
  - 
    Class: "car"
    probability: 0.976491987705
    xmin: 1033
    ymin: 392
    xmax: 1080
    ymax: 428
  - 
    Class: "car"
    probability: 0.971009731293
    xmin: 1242
    ymin: 436
    xmax: 1289
    ymax: 467
  - 
    Class: "car"
    probability: 0.957242310047
    xmin: 1128
    ymin: 427
    xmax: 1190
    ymax: 475
  - 
    Class: "car"
    probability: 0.94691824913
    xmin: 842
    ymin: 520
    xmax: 912
    ymax: 577
  - 
    Class: "car"
    probability: 0.915785431862
    xmin: 699
    ymin: 573
    xmax: 770
    ymax: 646
  - 
    Class: "car"
    probability: 0.872903883457
    xmin: 962
    ymin: 384
    xmax: 1001
    ymax: 412
  - 
    Class: "car"
    probability: 0.879768133163
    xmin: 791
    ymin: 382
    xmax: 824
    ymax: 409
  - 
    Class: "car"
    probability: 0.814022064209
    xmin: 741
    ymin: 362
    xmax: 765
    ymax: 381
  - 
    Class: "car"
    probability: 0.810804128647
    xmin: 1104
    ymin: 405
    xmax: 1150
    ymax: 434
---
header: 
  seq: 2697
  stamp: 
    secs: 1562112932
    nsecs:  32762778
  frame_id: "detection"
image_header: 
  seq: 4593
  stamp: 
    secs: 1562112931
    nsecs: 852996990
  frame_id: "videofile_frame"
bounding_boxes: 
  - 
    Class: "car"
    probability: 0.93759149313
    xmin: 1526
    ymin: 533
    xmax: 1659
    ymax: 630
  - 
    Class: "car"
    probability: 0.974847137928
    xmin: 1780
    ymin: 587
    xmax: 1918
    ymax: 673
  - 
    Class: "car"
    probability: 0.962194979191
    xmin: 1085
    ymin: 730
    xmax: 1269
    ymax: 926
  - 
    Class: "car"
    probability: 0.98635160923
    xmin: 1319
    ymin: 513
    xmax: 1421
    ymax: 585
  - 
    Class: "car"
    probability: 0.985955536366
    xmin: 1247
    ymin: 437
    xmax: 1295
    ymax: 469
  - 
    Class: "car"
    probability: 0.980079054832
    xmin: 644
    ymin: 710
    xmax: 776
    ymax: 860
  - 
    Class: "car"
    probability: 0.967905879021
    xmin: 1133
    ymin: 424
    xmax: 1190
    ymax: 477
  - 
    Class: "car"
    probability: 0.96205496788
    xmin: 1035
    ymin: 391
    xmax: 1082
    ymax: 428
  - 
    Class: "car"
    probability: 0.846657454967
    xmin: 1767
    ymin: 687
    xmax: 1918
    ymax: 851
  - 
    Class: "car"
    probability: 0.89551448822
    xmin: 1170
    ymin: 425
    xmax: 1211
    ymax: 465
  - 
    Class: "car"
    probability: 0.881856679916
    xmin: 698
    ymin: 565
    xmax: 773
    ymax: 631
  - 
    Class: "car"
    probability: 0.847467064857
    xmin: 791
    ymin: 380
    xmax: 824
    ymax: 410
  - 
    Class: "car"
    probability: 0.840445816517
    xmin: 963
    ymin: 384
    xmax: 1005
    ymax: 413
  - 
    Class: "car"
    probability: 0.819783687592
    xmin: 779
    ymin: 367
    xmax: 806
    ymax: 389
---
header: 
  seq: 2698
  stamp: 
    secs: 1562112932
    nsecs:  89921089
  frame_id: "detection"
image_header: 
  seq: 4594
  stamp: 
    secs: 1562112931
    nsecs: 885379227
  frame_id: "videofile_frame"
bounding_boxes: 
  - 
    Class: "car"
    probability: 0.949201464653
    xmin: 1537
    ymin: 540
    xmax: 1669
    ymax: 632
  - 
    Class: "car"
    probability: 0.937221705914
    xmin: 1079
    ymin: 734
    xmax: 1252
    ymax: 897
  - 
    Class: "car"
    probability: 0.988062739372
    xmin: 1325
    ymin: 516
    xmax: 1427
    ymax: 591
  - 
    Class: "car"
    probability: 0.97452455759
    xmin: 1035
    ymin: 393
    xmax: 1084
    ymax: 432
  - 
    Class: "car"
    probability: 0.97939068079
    xmin: 1251
    ymin: 438
    xmax: 1297
    ymax: 469
  - 
    Class: "car"
    probability: 0.963840126991
    xmin: 1798
    ymin: 593
    xmax: 1918
    ymax: 675
  - 
    Class: "car"
    probability: 0.968255341053
    xmin: 647
    ymin: 709
    xmax: 770
    ymax: 848
  - 
    Class: "car"
    probability: 0.964557230473
    xmin: 1132
    ymin: 426
    xmax: 1192
    ymax: 483
  - 
    Class: "car"
    probability: 0.899375259876
    xmin: 845
    ymin: 504
    xmax: 907
    ymax: 555
  - 
    Class: "car"
    probability: 0.879020571709
    xmin: 779
    ymin: 369
    xmax: 806
    ymax: 391
  - 
    Class: "car"
    probability: 0.86962044239
    xmin: 709
    ymin: 558
    xmax: 771
    ymax: 629
  - 
    Class: "car"
    probability: 0.868503332138
    xmin: 1170
    ymin: 429
    xmax: 1214
    ymax: 467
  - 
    Class: "car"
    probability: 0.801264047623
    xmin: 790
    ymin: 380
    xmax: 823
    ymax: 409
  - 
    Class: "car"
    probability: 0.800192773342
    xmin: 1106
    ymin: 406
    xmax: 1154
    ymax: 439
---
header: 
  seq: 2699
  stamp: 
    secs: 1562112932
    nsecs: 149087004
  frame_id: "detection"
image_header: 
  seq: 4596
  stamp: 
    secs: 1562112931
    nsecs: 953141688
  frame_id: "videofile_frame"
bounding_boxes: 
  - 
    Class: "car"
    probability: 0.967366576195
    xmin: 1555
    ymin: 546
    xmax: 1706
    ymax: 641
  - 
    Class: "car"
    probability: 0.95291775465
    xmin: 1070
    ymin: 703
    xmax: 1227
    ymax: 859
  - 
    Class: "car"
    probability: 0.98643964529
    xmin: 1342
    ymin: 518
    xmax: 1445
    ymax: 598
  - 
    Class: "car"
    probability: 0.988551974297
    xmin: 1254
    ymin: 438
    xmax: 1304
    ymax: 471
  - 
    Class: "car"
    probability: 0.968908369541
    xmin: 1829
    ymin: 599
    xmax: 1920
    ymax: 688
  - 
    Class: "car"
    probability: 0.962570905685
    xmin: 659
    ymin: 688
    xmax: 777
    ymax: 814
  - 
    Class: "car"
    probability: 0.963247001171
    xmin: 844
    ymin: 503
    xmax: 901
    ymax: 550
  - 
    Class: "car"
    probability: 0.934466719627
    xmin: 1036
    ymin: 391
    xmax: 1087
    ymax: 432
  - 
    Class: "car"
    probability: 0.926597952843
    xmin: 708
    ymin: 548
    xmax: 774
    ymax: 621
  - 
    Class: "car"
    probability: 0.906703591347
    xmin: 1165
    ymin: 431
    xmax: 1217
    ymax: 470
  - 
    Class: "car"
    probability: 0.89005792141
    xmin: 778
    ymin: 370
    xmax: 806
    ymax: 392
  - 
    Class: "car"
    probability: 0.874582946301
    xmin: 1138
    ymin: 429
    xmax: 1204
    ymax: 488
  - 
    Class: "car"
    probability: 0.850717782974
    xmin: 789
    ymin: 381
    xmax: 821
    ymax: 407
---
header: 
  seq: 2700
  stamp: 
    secs: 1562112932
    nsecs: 207649558
  frame_id: "detection"
image_header: 
  seq: 4598
  stamp: 
    secs: 1562112932
    nsecs:  19515223
  frame_id: "videofile_frame"
bounding_boxes: 
  - 
    Class: "car"
    probability: 0.969551563263
    xmin: 1058
    ymin: 684
    xmax: 1201
    ymax: 824
  - 
    Class: "car"
    probability: 0.903921663761
    xmin: 1577
    ymin: 554
    xmax: 1732
    ymax: 651
  - 
    Class: "car"
    probability: 0.991570055485
    xmin: 1362
    ymin: 530
    xmax: 1465
    ymax: 605
  - 
    Class: "car"
    probability: 0.966621518135
    xmin: 1166
    ymin: 431
    xmax: 1222
    ymax: 477
  - 
    Class: "car"
    probability: 0.944546282291
    xmin: 1053
    ymin: 392
    xmax: 1100
    ymax: 434
  - 
    Class: "car"
    probability: 0.938591122627
    xmin: 843
    ymin: 498
    xmax: 900
    ymax: 544
  - 
    Class: "car"
    probability: 0.945813119411
    xmin: 1256
    ymin: 444
    xmax: 1316
    ymax: 476
  - 
    Class: "car"
    probability: 0.915805518627
    xmin: 788
    ymin: 381
    xmax: 824
    ymax: 408
  - 
    Class: "car"
    probability: 0.877283155918
    xmin: 776
    ymin: 371
    xmax: 806
    ymax: 393
  - 
    Class: "car"
    probability: 0.877194941044
    xmin: 989
    ymin: 385
    xmax: 1032
    ymax: 416
  - 
    Class: "car"
    probability: 0.831921458244
    xmin: 1142
    ymin: 441
    xmax: 1209
    ymax: 498
  - 
    Class: "car"
    probability: 0.816323399544
    xmin: 662
    ymin: 675
    xmax: 778
    ymax: 799
---
header: 
  seq: 2701
  stamp: 
    secs: 1562112932
    nsecs: 253125954
  frame_id: "detection"
image_header: 
  seq: 4600
  stamp: 
    secs: 1562112932
    nsecs:  85232092
  frame_id: "videofile_frame"
bounding_boxes: 
  - 
    Class: "car"
    probability: 0.867852032185
    xmin: 1606
    ymin: 565
    xmax: 1767
    ymax: 669
  - 
    Class: "car"
    probability: 0.978144347668
    xmin: 1048
    ymin: 668
    xmax: 1179
    ymax: 811
  - 
    Class: "car"
    probability: 0.989158570766
    xmin: 1378
    ymin: 534
    xmax: 1487
    ymax: 612
  - 
    Class: "car"
    probability: 0.963356733322
    xmin: 1054
    ymin: 396
    xmax: 1102
    ymax: 435
  - 
    Class: "car"
    probability: 0.954615056515
    xmin: 1277
    ymin: 445
    xmax: 1328
    ymax: 477
  - 
    Class: "car"
    probability: 0.945447862148
    xmin: 843
    ymin: 494
    xmax: 898
    ymax: 541
  - 
    Class: "car"
    probability: 0.944381356239
    xmin: 714
    ymin: 538
    xmax: 772
    ymax: 600
  - 
    Class: "car"
    probability: 0.940870583057
    xmin: 985
    ymin: 383
    xmax: 1030
    ymax: 417
  - 
    Class: "car"
    probability: 0.925988376141
    xmin: 791
    ymin: 382
    xmax: 820
    ymax: 407
  - 
    Class: "car"
    probability: 0.907250285149
    xmin: 1167
    ymin: 435
    xmax: 1229
    ymax: 480
  - 
    Class: "car"
    probability: 0.842984735966
    xmin: 679
    ymin: 657
    xmax: 784
    ymax: 758
  - 
    Class: "car"
    probability: 0.812284946442
    xmin: 782
    ymin: 373
    xmax: 807
    ymax: 393
---
header: 
  seq: 2702
  stamp: 
    secs: 1562112932
    nsecs: 306179002
  frame_id: "detection"
image_header: 
  seq: 4601
  stamp: 
    secs: 1562112932
    nsecs: 117779349
  frame_id: "videofile_frame"
bounding_boxes: 
  - 
    Class: "car"
    probability: 0.94668507576
    xmin: 1619
    ymin: 563
    xmax: 1787
    ymax: 677
  - 
    Class: "car"
    probability: 0.970192492008
    xmin: 1388
    ymin: 538
    xmax: 1496
    ymax: 625
  - 
    Class: "car"
    probability: 0.954826176167
    xmin: 1041
    ymin: 662
    xmax: 1167
    ymax: 795
  - 
    Class: "car"
    probability: 0.960302591324
    xmin: 1056
    ymin: 395
    xmax: 1104
    ymax: 436
  - 
    Class: "car"
    probability: 0.955874562263
    xmin: 986
    ymin: 384
    xmax: 1031
    ymax: 419
  - 
    Class: "car"
    probability: 0.959738969803
    xmin: 719
    ymin: 538
    xmax: 772
    ymax: 593
  - 
    Class: "car"
    probability: 0.954931437969
    xmin: 842
    ymin: 490
    xmax: 897
    ymax: 538
  - 
    Class: "car"
    probability: 0.948036968708
    xmin: 1278
    ymin: 445
    xmax: 1332
    ymax: 477
  - 
    Class: "car"
    probability: 0.936769843102
    xmin: 789
    ymin: 381
    xmax: 820
    ymax: 407
  - 
    Class: "car"
    probability: 0.933445513248
    xmin: 1169
    ymin: 431
    xmax: 1237
    ymax: 478
  - 
    Class: "car"
    probability: 0.846170127392
    xmin: 780
    ymin: 373
    xmax: 807
    ymax: 394
  - 
    Class: "car"
    probability: 0.805708110332
    xmin: 1157
    ymin: 444
    xmax: 1222
    ymax: 496
---
header: 
  seq: 2703
  stamp: 
    secs: 1562112932
    nsecs: 359217220
  frame_id: "detection"
image_header: 
  seq: 4603
  stamp: 
    secs: 1562112932
    nsecs: 184638272
  frame_id: "videofile_frame"
bounding_boxes: 
  - 
    Class: "car"
    probability: 0.906144618988
    xmin: 1639
    ymin: 575
    xmax: 1817
    ymax: 684
  - 
    Class: "car"
    probability: 0.98714619875
    xmin: 1398
    ymin: 549
    xmax: 1518
    ymax: 632
  - 
    Class: "car"
    probability: 0.96248292923
    xmin: 1030
    ymin: 641
    xmax: 1153
    ymax: 770
  - 
    Class: "car"
    probability: 0.972598016262
    xmin: 1063
    ymin: 393
    xmax: 1109
    ymax: 436
  - 
    Class: "car"
    probability: 0.972915887833
    xmin: 842
    ymin: 484
    xmax: 896
    ymax: 537
  - 
    Class: "car"
    probability: 0.97203540802
    xmin: 723
    ymin: 526
    xmax: 773
    ymax: 584
  - 
    Class: "car"
    probability: 0.962192118168
    xmin: 1166
    ymin: 447
    xmax: 1231
    ymax: 500
  - 
    Class: "car"
    probability: 0.942782580853
    xmin: 985
    ymin: 385
    xmax: 1033
    ymax: 421
  - 
    Class: "car"
    probability: 0.913779437542
    xmin: 788
    ymin: 381
    xmax: 818
    ymax: 407
  - 
    Class: "car"
    probability: 0.910768866539
    xmin: 1202
    ymin: 436
    xmax: 1251
    ymax: 474
  - 
    Class: "car"
    probability: 0.868530273438
    xmin: 1285
    ymin: 451
    xmax: 1343
    ymax: 485
  - 
    Class: "car"
    probability: 0.844615340233
    xmin: 1124
    ymin: 413
    xmax: 1183
    ymax: 450
  - 
    Class: "car"
    probability: 0.801803529263
    xmin: 783
    ymin: 373
    xmax: 809
    ymax: 395
---
header: 
  seq: 2704
  stamp: 
    secs: 1562112932
    nsecs: 412568093
  frame_id: "detection"
image_header: 
  seq: 4604
  stamp: 
    secs: 1562112932
    nsecs: 218916012
  frame_id: "videofile_frame"
bounding_boxes: 
  - 
    Class: "car"
    probability: 0.895981431007
    xmin: 1653
    ymin: 579
    xmax: 1836
    ymax: 694
  - 
    Class: "car"
    probability: 0.989749610424
    xmin: 1410
    ymin: 551
    xmax: 1532
    ymax: 634
  - 
    Class: "car"
    probability: 0.964566648006
    xmin: 1029
    ymin: 628
    xmax: 1144
    ymax: 758
  - 
    Class: "car"
    probability: 0.942883491516
    xmin: 1063
    ymin: 393
    xmax: 1109
    ymax: 438
  - 
    Class: "car"
    probability: 0.964172303677
    xmin: 1165
    ymin: 444
    xmax: 1245
    ymax: 502
  - 
    Class: "car"
    probability: 0.942860841751
    xmin: 841
    ymin: 483
    xmax: 894
    ymax: 534
  - 
    Class: "car"
    probability: 0.94086098671
    xmin: 720
    ymin: 524
    xmax: 772
    ymax: 580
  - 
    Class: "car"
    probability: 0.940745651722
    xmin: 1128
    ymin: 413
    xmax: 1190
    ymax: 452
  - 
    Class: "car"
    probability: 0.928207397461
    xmin: 991
    ymin: 386
    xmax: 1035
    ymax: 422
  - 
    Class: "car"
    probability: 0.91674041748
    xmin: 1288
    ymin: 450
    xmax: 1348
    ymax: 486
  - 
    Class: "car"
    probability: 0.847978174686
    xmin: 790
    ymin: 382
    xmax: 817
    ymax: 406
  - 
    Class: "car"
    probability: 0.818125188351
    xmin: 779
    ymin: 372
    xmax: 804
    ymax: 393
---
header: 
  seq: 2705
  stamp: 
    secs: 1562112932
    nsecs: 462378887
  frame_id: "detection"
image_header: 
  seq: 4606
  stamp: 
    secs: 1562112932
    nsecs: 284805918
  frame_id: "videofile_frame"
bounding_boxes: 
  - 
    Class: "car"
    probability: 0.9738920331
    xmin: 1428
    ymin: 556
    xmax: 1561
    ymax: 645
  - 
    Class: "car"
    probability: 0.891438126564
    xmin: 1690
    ymin: 595
    xmax: 1877
    ymax: 713
  - 
    Class: "car"
    probability: 0.970842897892
    xmin: 1020
    ymin: 622
    xmax: 1130
    ymax: 730
  - 
    Class: "car"
    probability: 0.987720191479
    xmin: 1170
    ymin: 451
    xmax: 1249
    ymax: 504
  - 
    Class: "car"
    probability: 0.953555464745
    xmin: 1066
    ymin: 395
    xmax: 1113
    ymax: 437
  - 
    Class: "car"
    probability: 0.970032036304
    xmin: 724
    ymin: 516
    xmax: 771
    ymax: 581
  - 
    Class: "car"
    probability: 0.965307533741
    xmin: 1131
    ymin: 416
    xmax: 1187
    ymax: 454
  - 
    Class: "car"
    probability: 0.948602080345
    xmin: 993
    ymin: 388
    xmax: 1036
    ymax: 423
  - 
    Class: "car"
    probability: 0.952135503292
    xmin: 1294
    ymin: 451
    xmax: 1355
    ymax: 487
  - 
    Class: "car"
    probability: 0.931046009064
    xmin: 693
    ymin: 617
    xmax: 788
    ymax: 712
  - 
    Class: "car"
    probability: 0.916961014271
    xmin: 843
    ymin: 474
    xmax: 894
    ymax: 522
  - 
    Class: "car"
    probability: 0.894873678684
    xmin: 775
    ymin: 372
    xmax: 801
    ymax: 393
  - 
    Class: "car"
    probability: 0.888258755207
    xmin: 788
    ymin: 382
    xmax: 819
    ymax: 406
---
header: 
  seq: 2706
  stamp: 
    secs: 1562112932
    nsecs: 513155781
  frame_id: "detection"
image_header: 
  seq: 4608
  stamp: 
    secs: 1562112932
    nsecs: 350286306
  frame_id: "videofile_frame"
bounding_boxes: 
  - 
    Class: "car"
    probability: 0.983074963093
    xmin: 1448
    ymin: 562
    xmax: 1585
    ymax: 659
  - 
    Class: "car"
    probability: 0.816011726856
    xmin: 1724
    ymin: 612
    xmax: 1914
    ymax: 725
  - 
    Class: "car"
    probability: 0.985017240047
    xmin: 1135
    ymin: 417
    xmax: 1196
    ymax: 451
  - 
    Class: "car"
    probability: 0.979671955109
    xmin: 994
    ymin: 388
    xmax: 1035
    ymax: 420
  - 
    Class: "car"
    probability: 0.97480905056
    xmin: 1176
    ymin: 448
    xmax: 1270
    ymax: 507
  - 
    Class: "car"
    probability: 0.869578301907
    xmin: 1011
    ymin: 603
    xmax: 1115
    ymax: 716
  - 
    Class: "car"
    probability: 0.977620482445
    xmin: 1310
    ymin: 452
    xmax: 1364
    ymax: 491
  - 
    Class: "car"
    probability: 0.952449142933
    xmin: 1070
    ymin: 394
    xmax: 1121
    ymax: 437
  - 
    Class: "car"
    probability: 0.968106687069
    xmin: 839
    ymin: 471
    xmax: 893
    ymax: 517
  - 
    Class: "car"
    probability: 0.903093516827
    xmin: 776
    ymin: 374
    xmax: 804
    ymax: 394
  - 
    Class: "car"
    probability: 0.835777342319
    xmin: 786
    ymin: 381
    xmax: 817
    ymax: 405
---
header: 
  seq: 2707
  stamp: 
    secs: 1562112932
    nsecs: 566256978
  frame_id: "detection"
image_header: 
  seq: 4609
  stamp: 
    secs: 1562112932
    nsecs: 384324094
  frame_id: "videofile_frame"
bounding_boxes: 
  - 
    Class: "car"
    probability: 0.968848288059
    xmin: 1460
    ymin: 573
    xmax: 1602
    ymax: 667
  - 
    Class: "car"
    probability: 0.901970267296
    xmin: 1740
    ymin: 618
    xmax: 1920
    ymax: 733
  - 
    Class: "car"
    probability: 0.989193618298
    xmin: 1314
    ymin: 453
    xmax: 1369
    ymax: 495
  - 
    Class: "car"
    probability: 0.977780282497
    xmin: 1179
    ymin: 451
    xmax: 1272
    ymax: 509
  - 
    Class: "car"
    probability: 0.974401593208
    xmin: 1134
    ymin: 415
    xmax: 1198
    ymax: 455
  - 
    Class: "car"
    probability: 0.930191993713
    xmin: 1013
    ymin: 598
    xmax: 1111
    ymax: 692
  - 
    Class: "car"
    probability: 0.975450694561
    xmin: 698
    ymin: 599
    xmax: 789
    ymax: 688
  - 
    Class: "car"
    probability: 0.958262562752
    xmin: 1070
    ymin: 396
    xmax: 1121
    ymax: 436
  - 
    Class: "car"
    probability: 0.973499238491
    xmin: 843
    ymin: 472
    xmax: 893
    ymax: 513
  - 
    Class: "car"
    probability: 0.965121328831
    xmin: 995
    ymin: 388
    xmax: 1035
    ymax: 420
  - 
    Class: "car"
    probability: 0.910844385624
    xmin: 775
    ymin: 373
    xmax: 805
    ymax: 396
  - 
    Class: "car"
    probability: 0.912958920002
    xmin: 726
    ymin: 511
    xmax: 772
    ymax: 560
  - 
    Class: "car"
    probability: 0.894372224808
    xmin: 783
    ymin: 381
    xmax: 817
    ymax: 406
---
header: 
  seq: 2708
  stamp: 
    secs: 1562112932
    nsecs: 617461718
  frame_id: "detection"
image_header: 
  seq: 4611
  stamp: 
    secs: 1562112932
    nsecs: 450702047
  frame_id: "videofile_frame"
bounding_boxes: 
  - 
    Class: "car"
    probability: 0.987391352654
    xmin: 1484
    ymin: 582
    xmax: 1636
    ymax: 678
  - 
    Class: "car"
    probability: 0.988176226616
    xmin: 1320
    ymin: 457
    xmax: 1382
    ymax: 495
  - 
    Class: "car"
    probability: 0.96088975668
    xmin: 1002
    ymin: 589
    xmax: 1099
    ymax: 688
  - 
    Class: "car"
    probability: 0.977636098862
    xmin: 1190
    ymin: 455
    xmax: 1282
    ymax: 512
  - 
    Class: "car"
    probability: 0.972205519676
    xmin: 844
    ymin: 470
    xmax: 889
    ymax: 509
  - 
    Class: "car"
    probability: 0.892938435078
    xmin: 1785
    ymin: 619
    xmax: 1916
    ymax: 769
  - 
    Class: "car"
    probability: 0.957905471325
    xmin: 997
    ymin: 388
    xmax: 1042
    ymax: 423
  - 
    Class: "car"
    probability: 0.94482088089
    xmin: 1073
    ymin: 396
    xmax: 1124
    ymax: 438
  - 
    Class: "car"
    probability: 0.93626511097
    xmin: 1145
    ymin: 422
    xmax: 1199
    ymax: 457
  - 
    Class: "car"
    probability: 0.916545808315
    xmin: 775
    ymin: 372
    xmax: 805
    ymax: 395
  - 
    Class: "car"
    probability: 0.913095414639
    xmin: 729
    ymin: 508
    xmax: 775
    ymax: 553
  - 
    Class: "car"
    probability: 0.899922311306
    xmin: 699
    ymin: 587
    xmax: 787
    ymax: 679
  - 
    Class: "car"
    probability: 0.85248786211
    xmin: 1075
    ymin: 413
    xmax: 1123
    ymax: 455
  - 
    Class: "car"
    probability: 0.829445242882
    xmin: 785
    ymin: 382
    xmax: 815
    ymax: 405
---
header: 
  seq: 2709
  stamp: 
    secs: 1562112932
    nsecs: 668006336
  frame_id: "detection"
image_header: 
  seq: 4612
  stamp: 
    secs: 1562112932
    nsecs: 486643962
  frame_id: "videofile_frame"
bounding_boxes: 
  - 
    Class: "car"
    probability: 0.98103260994
    xmin: 1499
    ymin: 588
    xmax: 1651
    ymax: 685
  - 
    Class: "car"
    probability: 0.99613404274
    xmin: 1323
    ymin: 456
    xmax: 1388
    ymax: 498
  - 
    Class: "car"
    probability: 0.992603063583
    xmin: 1194
    ymin: 456
    xmax: 1286
    ymax: 518
  - 
    Class: "car"
    probability: 0.977239966393
    xmin: 998
    ymin: 579
    xmax: 1091
    ymax: 680
  - 
    Class: "car"
    probability: 0.968074858189
    xmin: 1000
    ymin: 388
    xmax: 1043
    ymax: 422
  - 
    Class: "car"
    probability: 0.967596828938
    xmin: 839
    ymin: 464
    xmax: 889
    ymax: 507
  - 
    Class: "car"
    probability: 0.936101734638
    xmin: 1146
    ymin: 424
    xmax: 1198
    ymax: 458
  - 
    Class: "car"
    probability: 0.933020412922
    xmin: 1076
    ymin: 415
    xmax: 1126
    ymax: 456
  - 
    Class: "car"
    probability: 0.915805578232
    xmin: 776
    ymin: 373
    xmax: 805
    ymax: 395
  - 
    Class: "car"
    probability: 0.906939983368
    xmin: 728
    ymin: 506
    xmax: 775
    ymax: 553
  - 
    Class: "car"
    probability: 0.893896281719
    xmin: 1073
    ymin: 394
    xmax: 1123
    ymax: 433
  - 
    Class: "car"
    probability: 0.849114656448
    xmin: 1162
    ymin: 416
    xmax: 1217
    ymax: 453
---
header: 
  seq: 2710
  stamp: 
    secs: 1562112932
    nsecs: 719945091
  frame_id: "detection"
image_header: 
  seq: 4614
  stamp: 
    secs: 1562112932
    nsecs: 550993792
  frame_id: "videofile_frame"
bounding_boxes: 
  - 
    Class: "car"
    probability: 0.938325703144
    xmin: 1522
    ymin: 593
    xmax: 1684
    ymax: 698
  - 
    Class: "car"
    probability: 0.986652433872
    xmin: 1199
    ymin: 458
    xmax: 1301
    ymax: 527
  - 
    Class: "car"
    probability: 0.983937203884
    xmin: 1162
    ymin: 414
    xmax: 1226
    ymax: 461
  - 
    Class: "car"
    probability: 0.983633935452
    xmin: 1003
    ymin: 391
    xmax: 1047
    ymax: 424
  - 
    Class: "car"
    probability: 0.980862379074
    xmin: 838
    ymin: 460
    xmax: 889
    ymax: 502
  - 
    Class: "car"
    probability: 0.969239354134
    xmin: 991
    ymin: 574
    xmax: 1083
    ymax: 663
  - 
    Class: "car"
    probability: 0.958734869957
    xmin: 774
    ymin: 372
    xmax: 807
    ymax: 396
  - 
    Class: "car"
    probability: 0.93759894371
    xmin: 1339
    ymin: 459
    xmax: 1399
    ymax: 497
  - 
    Class: "car"
    probability: 0.890411198139
    xmin: 1094
    ymin: 399
    xmax: 1136
    ymax: 439
  - 
    Class: "car"
    probability: 0.823933005333
    xmin: 732
    ymin: 501
    xmax: 777
    ymax: 550
---
header: 
  seq: 2711
  stamp: 
    secs: 1562112932
    nsecs: 779537981
  frame_id: "detection"
image_header: 
  seq: 4615
  stamp: 
    secs: 1562112932
    nsecs: 584578446
  frame_id: "videofile_frame"
bounding_boxes: 
  - 
    Class: "car"
    probability: 0.890292465687
    xmin: 1539
    ymin: 603
    xmax: 1702
    ymax: 714
  - 
    Class: "car"
    probability: 0.992047846317
    xmin: 1345
    ymin: 463
    xmax: 1404
    ymax: 503
  - 
    Class: "car"
    probability: 0.977304279804
    xmin: 1161
    ymin: 417
    xmax: 1225
    ymax: 460
  - 
    Class: "car"
    probability: 0.976712226868
    xmin: 838
    ymin: 459
    xmax: 887
    ymax: 502
  - 
    Class: "car"
    probability: 0.96674990654
    xmin: 1004
    ymin: 391
    xmax: 1050
    ymax: 424
  - 
    Class: "car"
    probability: 0.948263406754
    xmin: 774
    ymin: 373
    xmax: 809
    ymax: 396
  - 
    Class: "car"
    probability: 0.905558288097
    xmin: 994
    ymin: 567
    xmax: 1079
    ymax: 652
  - 
    Class: "car"
    probability: 0.944415330887
    xmin: 1202
    ymin: 462
    xmax: 1299
    ymax: 528
  - 
    Class: "car"
    probability: 0.937755584717
    xmin: 1088
    ymin: 413
    xmax: 1138
    ymax: 459
  - 
    Class: "car"
    probability: 0.902276158333
    xmin: 729
    ymin: 499
    xmax: 776
    ymax: 545
---
header: 
  seq: 2712
  stamp: 
    secs: 1562112932
    nsecs: 821713113
  frame_id: "detection"
image_header: 
  seq: 4617
  stamp: 
    secs: 1562112932
    nsecs: 651271706
  frame_id: "videofile_frame"
bounding_boxes: 
  - 
    Class: "car"
    probability: 0.9590472579
    xmin: 1568
    ymin: 619
    xmax: 1738
    ymax: 729
  - 
    Class: "car"
    probability: 0.981106281281
    xmin: 983
    ymin: 565
    xmax: 1074
    ymax: 646
  - 
    Class: "car"
    probability: 0.992309391499
    xmin: 1354
    ymin: 464
    xmax: 1414
    ymax: 504
  - 
    Class: "car"
    probability: 0.986715555191
    xmin: 1165
    ymin: 424
    xmax: 1225
    ymax: 463
  - 
    Class: "car"
    probability: 0.982128798962
    xmin: 837
    ymin: 453
    xmax: 886
    ymax: 498
  - 
    Class: "car"
    probability: 0.976737320423
    xmin: 1095
    ymin: 419
    xmax: 1144
    ymax: 460
  - 
    Class: "car"
    probability: 0.963278234005
    xmin: 1219
    ymin: 457
    xmax: 1313
    ymax: 516
  - 
    Class: "car"
    probability: 0.928723990917
    xmin: 730
    ymin: 495
    xmax: 777
    ymax: 543
  - 
    Class: "car"
    probability: 0.931617438793
    xmin: 772
    ymin: 373
    xmax: 805
    ymax: 396
  - 
    Class: "car"
    probability: 0.854982018471
    xmin: 1015
    ymin: 390
    xmax: 1061
    ymax: 423
  - 
    Class: "car"
    probability: 0.829496622086
    xmin: 1098
    ymin: 400
    xmax: 1141
    ymax: 433
---
header: 
  seq: 2713
  stamp: 
    secs: 1562112932
    nsecs: 880832685
  frame_id: "detection"
image_header: 
  seq: 4618
  stamp: 
    secs: 1562112932
    nsecs: 686149653
  frame_id: "videofile_frame"
bounding_boxes: 
  - 
    Class: "car"
    probability: 0.983761310577
    xmin: 1584
    ymin: 625
    xmax: 1772
    ymax: 739
  - 
    Class: "car"
    probability: 0.996770560741
    xmin: 1358
    ymin: 465
    xmax: 1421
    ymax: 505
  - 
    Class: "car"
    probability: 0.974103927612
    xmin: 980
    ymin: 558
    xmax: 1071
    ymax: 638
  - 
    Class: "car"
    probability: 0.964473187923
    xmin: 1098
    ymin: 409
    xmax: 1146
    ymax: 461
  - 
    Class: "car"
    probability: 0.970591425896
    xmin: 1170
    ymin: 424
    xmax: 1227
    ymax: 463
  - 
    Class: "car"
    probability: 0.966617047787
    xmin: 1227
    ymin: 463
    xmax: 1318
    ymax: 522
  - 
    Class: "car"
    probability: 0.953169465065
    xmin: 837
    ymin: 454
    xmax: 886
    ymax: 496
  - 
    Class: "car"
    probability: 0.943312168121
    xmin: 772
    ymin: 373
    xmax: 806
    ymax: 396
  - 
    Class: "car"
    probability: 0.935264587402
    xmin: 730
    ymin: 491
    xmax: 777
    ymax: 539
  - 
    Class: "car"
    probability: 0.909842252731
    xmin: 1017
    ymin: 391
    xmax: 1061
    ymax: 427
  - 
    Class: "car"
    probability: 0.802833080292
    xmin: 718
    ymin: 567
    xmax: 799
    ymax: 630
---
header: 
  seq: 2714
  stamp: 
    secs: 1562112932
    nsecs: 928925215
  frame_id: "detection"
image_header: 
  seq: 4620
  stamp: 
    secs: 1562112932
    nsecs: 751542383
  frame_id: "videofile_frame"
bounding_boxes: 
  - 
    Class: "car"
    probability: 0.973700761795
    xmin: 1622
    ymin: 639
    xmax: 1805
    ymax: 761
  - 
    Class: "car"
    probability: 0.988018929958
    xmin: 1239
    ymin: 465
    xmax: 1329
    ymax: 533
  - 
    Class: "car"
    probability: 0.990367949009
    xmin: 1367
    ymin: 465
    xmax: 1431
    ymax: 508
  - 
    Class: "car"
    probability: 0.988697528839
    xmin: 1100
    ymin: 416
    xmax: 1148
    ymax: 462
  - 
    Class: "car"
    probability: 0.984647929668
    xmin: 1176
    ymin: 429
    xmax: 1231
    ymax: 468
  - 
    Class: "car"
    probability: 0.984303712845
    xmin: 835
    ymin: 451
    xmax: 885
    ymax: 494
  - 
    Class: "car"
    probability: 0.968154966831
    xmin: 972
    ymin: 543
    xmax: 1057
    ymax: 630
  - 
    Class: "car"
    probability: 0.951096534729
    xmin: 1022
    ymin: 397
    xmax: 1065
    ymax: 428
  - 
    Class: "car"
    probability: 0.942524969578
    xmin: 771
    ymin: 374
    xmax: 804
    ymax: 396
  - 
    Class: "car"
    probability: 0.937805175781
    xmin: 731
    ymin: 488
    xmax: 777
    ymax: 537
  - 
    Class: "car"
    probability: 0.836440742016
    xmin: 723
    ymin: 558
    xmax: 800
    ymax: 622
  - 
    Class: "car"
    probability: 0.844352960587
    xmin: 1100
    ymin: 400
    xmax: 1144
    ymax: 439
---
header: 
  seq: 2715
  stamp: 
    secs: 1562112932
    nsecs: 982936805
  frame_id: "detection"
image_header: 
  seq: 4622
  stamp: 
    secs: 1562112932
    nsecs: 817413226
  frame_id: "videofile_frame"
bounding_boxes: 
  - 
    Class: "car"
    probability: 0.991564393044
    xmin: 1655
    ymin: 657
    xmax: 1868
    ymax: 779
  - 
    Class: "car"
    probability: 0.993526697159
    xmin: 1379
    ymin: 472
    xmax: 1446
    ymax: 514
  - 
    Class: "car"
    probability: 0.989756643772
    xmin: 1106
    ymin: 419
    xmax: 1158
    ymax: 464
  - 
    Class: "car"
    probability: 0.981873333454
    xmin: 835
    ymin: 448
    xmax: 882
    ymax: 493
  - 
    Class: "car"
    probability: 0.972936093807
    xmin: 1179
    ymin: 433
    xmax: 1232
    ymax: 472
  - 
    Class: "car"
    probability: 0.942441642284
    xmin: 969
    ymin: 538
    xmax: 1049
    ymax: 621
  - 
    Class: "car"
    probability: 0.954315364361
    xmin: 1024
    ymin: 397
    xmax: 1066
    ymax: 429
  - 
    Class: "car"
    probability: 0.936063051224
    xmin: 769
    ymin: 372
    xmax: 803
    ymax: 395
  - 
    Class: "car"
    probability: 0.90893894434
    xmin: 1200
    ymin: 422
    xmax: 1256
    ymax: 463
  - 
    Class: "car"
    probability: 0.891071259975
    xmin: 1241
    ymin: 464
    xmax: 1339
    ymax: 534
  - 
    Class: "car"
    probability: 0.861949265003
    xmin: 1105
    ymin: 400
    xmax: 1153
    ymax: 436
  - 
    Class: "car"
    probability: 0.808803081512
    xmin: 731
    ymin: 487
    xmax: 780
    ymax: 537
---
header: 
  seq: 2716
  stamp: 
    secs: 1562112933
    nsecs:  24076721
  frame_id: "detection"
image_header: 
  seq: 4623
  stamp: 
    secs: 1562112932
    nsecs: 850038416
  frame_id: "videofile_frame"
bounding_boxes: 
  - 
    Class: "car"
    probability: 0.955228388309
    xmin: 1669
    ymin: 664
    xmax: 1890
    ymax: 797
  - 
    Class: "car"
    probability: 0.996015191078
    xmin: 1385
    ymin: 473
    xmax: 1452
    ymax: 517
  - 
    Class: "car"
    probability: 0.974835515022
    xmin: 1248
    ymin: 470
    xmax: 1342
    ymax: 541
  - 
    Class: "car"
    probability: 0.976919293404
    xmin: 1110
    ymin: 413
    xmax: 1160
    ymax: 462
  - 
    Class: "car"
    probability: 0.978445231915
    xmin: 1023
    ymin: 398
    xmax: 1067
    ymax: 431
  - 
    Class: "car"
    probability: 0.941035807133
    xmin: 769
    ymin: 372
    xmax: 803
    ymax: 394
  - 
    Class: "car"
    probability: 0.96365994215
    xmin: 831
    ymin: 447
    xmax: 881
    ymax: 491
  - 
    Class: "car"
    probability: 0.945052921772
    xmin: 967
    ymin: 534
    xmax: 1044
    ymax: 614
  - 
    Class: "car"
    probability: 0.935528039932
    xmin: 1181
    ymin: 434
    xmax: 1234
    ymax: 472
  - 
    Class: "car"
    probability: 0.893080174923
    xmin: 1203
    ymin: 421
    xmax: 1256
    ymax: 462
---
header: 
  seq: 2717
  stamp: 
    secs: 1562112933
    nsecs:  82764095
  frame_id: "detection"
image_header: 
  seq: 4625
  stamp: 
    secs: 1562112932
    nsecs: 917386314
  frame_id: "videofile_frame"
bounding_boxes: 
  - 
    Class: "car"
    probability: 0.9903408885
    xmin: 1715
    ymin: 685
    xmax: 1920
    ymax: 819
  - 
    Class: "car"
    probability: 0.995622873306
    xmin: 1393
    ymin: 473
    xmax: 1467
    ymax: 522
  - 
    Class: "car"
    probability: 0.982513666153
    xmin: 1258
    ymin: 468
    xmax: 1352
    ymax: 547
  - 
    Class: "car"
    probability: 0.986195325851
    xmin: 1028
    ymin: 400
    xmax: 1071
    ymax: 433
  - 
    Class: "car"
    probability: 0.97633343935
    xmin: 1112
    ymin: 421
    xmax: 1166
    ymax: 468
  - 
    Class: "car"
    probability: 0.942466437817
    xmin: 771
    ymin: 372
    xmax: 803
    ymax: 393
  - 
    Class: "car"
    probability: 0.950603306293
    xmin: 958
    ymin: 533
    xmax: 1044
    ymax: 602
  - 
    Class: "car"
    probability: 0.950790762901
    xmin: 1185
    ymin: 439
    xmax: 1237
    ymax: 475
  - 
    Class: "car"
    probability: 0.936886489391
    xmin: 740
    ymin: 477
    xmax: 780
    ymax: 514
  - 
    Class: "car"
    probability: 0.919627010822
    xmin: 1205
    ymin: 429
    xmax: 1260
    ymax: 466
  - 
    Class: "car"
    probability: 0.892932415009
    xmin: 833
    ymin: 446
    xmax: 878
    ymax: 489
---
header: 
  seq: 2718
  stamp: 
    secs: 1562112933
    nsecs: 133058544
  frame_id: "detection"
image_header: 
  seq: 4626
  stamp: 
    secs: 1562112932
    nsecs: 951037870
  frame_id: "videofile_frame"
bounding_boxes: 
  - 
    Class: "car"
    probability: 0.924559652805
    xmin: 1742
    ymin: 692
    xmax: 1920
    ymax: 840
  - 
    Class: "car"
    probability: 0.987018585205
    xmin: 1029
    ymin: 398
    xmax: 1073
    ymax: 432
  - 
    Class: "car"
    probability: 0.97188192606
    xmin: 1264
    ymin: 468
    xmax: 1359
    ymax: 548
  - 
    Class: "car"
    probability: 0.974306106567
    xmin: 1201
    ymin: 431
    xmax: 1267
    ymax: 469
  - 
    Class: "car"
    probability: 0.953248620033
    xmin: 771
    ymin: 371
    xmax: 804
    ymax: 393
  - 
    Class: "car"
    probability: 0.969804644585
    xmin: 1398
    ymin: 471
    xmax: 1471
    ymax: 521
  - 
    Class: "car"
    probability: 0.966289937496
    xmin: 739
    ymin: 474
    xmax: 779
    ymax: 513
  - 
    Class: "car"
    probability: 0.959189534187
    xmin: 1110
    ymin: 414
    xmax: 1171
    ymax: 465
  - 
    Class: "car"
    probability: 0.922391474247
    xmin: 828
    ymin: 441
    xmax: 879
    ymax: 483
  - 
    Class: "car"
    probability: 0.919919490814
    xmin: 960
    ymin: 530
    xmax: 1039
    ymax: 595
  - 
    Class: "car"
    probability: 0.885608613491
    xmin: 727
    ymin: 533
    xmax: 807
    ymax: 594
  - 
    Class: "car"
    probability: 0.807306289673
    xmin: 1102
    ymin: 400
    xmax: 1155
    ymax: 436
---
header: 
  seq: 2719
  stamp: 
    secs: 1562112933
    nsecs: 200691073
  frame_id: "detection"
image_header: 
  seq: 4628
  stamp: 
    secs: 1562112933
    nsecs:  18109869
  frame_id: "videofile_frame"
bounding_boxes: 
  - 
    Class: "car"
    probability: 0.990707695484
    xmin: 1031
    ymin: 401
    xmax: 1077
    ymax: 437
  - 
    Class: "car"
    probability: 0.973890960217
    xmin: 1277
    ymin: 471
    xmax: 1371
    ymax: 552
  - 
    Class: "car"
    probability: 0.984097182751
    xmin: 1418
    ymin: 482
    xmax: 1487
    ymax: 528
  - 
    Class: "car"
    probability: 0.966668248177
    xmin: 1121
    ymin: 422
    xmax: 1176
    ymax: 473
  - 
    Class: "car"
    probability: 0.971292674541
    xmin: 1206
    ymin: 436
    xmax: 1262
    ymax: 474
  - 
    Class: "car"
    probability: 0.966567635536
    xmin: 738
    ymin: 471
    xmax: 783
    ymax: 512
  - 
    Class: "car"
    probability: 0.945552229881
    xmin: 956
    ymin: 524
    xmax: 1030
    ymax: 590
  - 
    Class: "car"
    probability: 0.930650889874
    xmin: 769
    ymin: 371
    xmax: 801
    ymax: 394
  - 
    Class: "car"
    probability: 0.83377379179
    xmin: 1793
    ymin: 707
    xmax: 1917
    ymax: 898
  - 
    Class: "car"
    probability: 0.897987544537
    xmin: 831
    ymin: 442
    xmax: 875
    ymax: 482
  - 
    Class: "car"
    probability: 0.888498067856
    xmin: 734
    ymin: 526
    xmax: 805
    ymax: 586
  - 
    Class: "car"
    probability: 0.877718746662
    xmin: 1100
    ymin: 399
    xmax: 1146
    ymax: 432
---
header: 
  seq: 2720
  stamp: 
    secs: 1562112933
    nsecs: 247066934
  frame_id: "detection"
image_header: 
  seq: 4630
  stamp: 
    secs: 1562112933
    nsecs:  83164504
  frame_id: "videofile_frame"
bounding_boxes: 
  - 
    Class: "car"
    probability: 0.996933102608
    xmin: 1428
    ymin: 483
    xmax: 1506
    ymax: 534
  - 
    Class: "car"
    probability: 0.983000218868
    xmin: 1288
    ymin: 485
    xmax: 1383
    ymax: 558
  - 
    Class: "car"
    probability: 0.982777237892
    xmin: 1036
    ymin: 401
    xmax: 1080
    ymax: 437
  - 
    Class: "car"
    probability: 0.978445768356
    xmin: 953
    ymin: 518
    xmax: 1023
    ymax: 580
  - 
    Class: "car"
    probability: 0.967125833035
    xmin: 1127
    ymin: 423
    xmax: 1180
    ymax: 470
  - 
    Class: "car"
    probability: 0.932797908783
    xmin: 771
    ymin: 372
    xmax: 801
    ymax: 393
  - 
    Class: "car"
    probability: 0.953142464161
    xmin: 1209
    ymin: 440
    xmax: 1260
    ymax: 475
  - 
    Class: "car"
    probability: 0.92090523243
    xmin: 740
    ymin: 470
    xmax: 784
    ymax: 507
  - 
    Class: "car"
    probability: 0.877356886864
    xmin: 1303
    ymin: 469
    xmax: 1374
    ymax: 512
  - 
    Class: "car"
    probability: 0.873502075672
    xmin: 830
    ymin: 441
    xmax: 874
    ymax: 478
  - 
    Class: "car"
    probability: 0.836696326733
    xmin: 1246
    ymin: 433
    xmax: 1287
    ymax: 467
  - 
    Class: "car"
    probability: 0.809162080288
    xmin: 734
    ymin: 522
    xmax: 803
    ymax: 576
---
header: 
  seq: 2721
  stamp: 
    secs: 1562112933
    nsecs: 300198021
  frame_id: "detection"
image_header: 
  seq: 4631
  stamp: 
    secs: 1562112933
    nsecs: 119026442
  frame_id: "videofile_frame"
bounding_boxes: 
  - 
    Class: "car"
    probability: 0.994781017303
    xmin: 1430
    ymin: 486
    xmax: 1516
    ymax: 533
  - 
    Class: "car"
    probability: 0.982211351395
    xmin: 1297
    ymin: 491
    xmax: 1391
    ymax: 560
  - 
    Class: "car"
    probability: 0.981916308403
    xmin: 1038
    ymin: 401
    xmax: 1081
    ymax: 437
  - 
    Class: "car"
    probability: 0.974663794041
    xmin: 949
    ymin: 512
    xmax: 1021
    ymax: 579
  - 
    Class: "car"
    probability: 0.964585959911
    xmin: 1129
    ymin: 425
    xmax: 1183
    ymax: 474
  - 
    Class: "car"
    probability: 0.915112137794
    xmin: 771
    ymin: 371
    xmax: 800
    ymax: 391
  - 
    Class: "car"
    probability: 0.922484219074
    xmin: 739
    ymin: 466
    xmax: 785
    ymax: 508
  - 
    Class: "car"
    probability: 0.925825834274
    xmin: 1212
    ymin: 440
    xmax: 1258
    ymax: 478
  - 
    Class: "car"
    probability: 0.918255209923
    xmin: 1248
    ymin: 436
    xmax: 1288
    ymax: 469
  - 
    Class: "car"
    probability: 0.910594522953
    xmin: 832
    ymin: 438
    xmax: 874
    ymax: 475
  - 
    Class: "car"
    probability: 0.879108548164
    xmin: 1302
    ymin: 469
    xmax: 1378
    ymax: 507
---
header: 
  seq: 2722
  stamp: 
    secs: 1562112933
    nsecs: 351930127
  frame_id: "detection"
image_header: 
  seq: 4633
  stamp: 
    secs: 1562112933
    nsecs: 184353642
  frame_id: "videofile_frame"
bounding_boxes: 
  - 
    Class: "car"
    probability: 0.995560348034
    xmin: 1445
    ymin: 487
    xmax: 1529
    ymax: 539
  - 
    Class: "car"
    probability: 0.95849686861
    xmin: 1312
    ymin: 485
    xmax: 1409
    ymax: 570
  - 
    Class: "car"
    probability: 0.979257643223
    xmin: 1134
    ymin: 429
    xmax: 1188
    ymax: 474
  - 
    Class: "car"
    probability: 0.957400619984
    xmin: 1244
    ymin: 433
    xmax: 1293
    ymax: 468
  - 
    Class: "car"
    probability: 0.951178252697
    xmin: 830
    ymin: 435
    xmax: 876
    ymax: 470
  - 
    Class: "car"
    probability: 0.953346192837
    xmin: 1043
    ymin: 405
    xmax: 1088
    ymax: 440
  - 
    Class: "car"
    probability: 0.923669695854
    xmin: 738
    ymin: 463
    xmax: 786
    ymax: 506
  - 
    Class: "car"
    probability: 0.883008241653
    xmin: 772
    ymin: 369
    xmax: 801
    ymax: 389
  - 
    Class: "car"
    probability: 0.901148438454
    xmin: 947
    ymin: 510
    xmax: 1012
    ymax: 575
  - 
    Class: "car"
    probability: 0.844226002693
    xmin: 1106
    ymin: 399
    xmax: 1151
    ymax: 431
  - 
    Class: "car"
    probability: 0.834843158722
    xmin: 1215
    ymin: 440
    xmax: 1273
    ymax: 478
  - 
    Class: "car"
    probability: 0.820755898952
    xmin: 1314
    ymin: 468
    xmax: 1384
    ymax: 500
---
header: 
  seq: 2723
  stamp: 
    secs: 1562112933
    nsecs: 406561105
  frame_id: "detection"
image_header: 
  seq: 4634
  stamp: 
    secs: 1562112933
    nsecs: 218437745
  frame_id: "videofile_frame"
bounding_boxes: 
  - 
    Class: "car"
    probability: 0.996353566647
    xmin: 1454
    ymin: 489
    xmax: 1540
    ymax: 539
  - 
    Class: "car"
    probability: 0.978179812431
    xmin: 1138
    ymin: 428
    xmax: 1196
    ymax: 475
  - 
    Class: "car"
    probability: 0.971081674099
    xmin: 945
    ymin: 505
    xmax: 1015
    ymax: 562
  - 
    Class: "car"
    probability: 0.96053314209
    xmin: 1313
    ymin: 478
    xmax: 1411
    ymax: 568
  - 
    Class: "car"
    probability: 0.965832591057
    xmin: 1246
    ymin: 438
    xmax: 1300
    ymax: 472
  - 
    Class: "car"
    probability: 0.946835517883
    xmin: 740
    ymin: 462
    xmax: 787
    ymax: 504
  - 
    Class: "car"
    probability: 0.937433719635
    xmin: 1043
    ymin: 404
    xmax: 1087
    ymax: 438
  - 
    Class: "car"
    probability: 0.891548395157
    xmin: 773
    ymin: 370
    xmax: 802
    ymax: 390
  - 
    Class: "car"
    probability: 0.924846291542
    xmin: 1216
    ymin: 450
    xmax: 1270
    ymax: 488
  - 
    Class: "car"
    probability: 0.853821098804
    xmin: 830
    ymin: 436
    xmax: 874
    ymax: 470
  - 
    Class: "car"
    probability: 0.809361517429
    xmin: 1107
    ymin: 400
    xmax: 1146
    ymax: 430
---
header: 
  seq: 2724
  stamp: 
    secs: 1562112933
    nsecs: 461385024
  frame_id: "detection"
image_header: 
  seq: 4636
  stamp: 
    secs: 1562112933
    nsecs: 284316753
  frame_id: "videofile_frame"
bounding_boxes: 
  - 
    Class: "car"
    probability: 0.983625113964
    xmin: 1466
    ymin: 486
    xmax: 1553
    ymax: 544
  - 
    Class: "car"
    probability: 0.960928857327
    xmin: 1326
    ymin: 488
    xmax: 1435
    ymax: 572
  - 
    Class: "car"
    probability: 0.961457848549
    xmin: 1222
    ymin: 452
    xmax: 1276
    ymax: 490
  - 
    Class: "car"
    probability: 0.955465018749
    xmin: 935
    ymin: 504
    xmax: 1010
    ymax: 558
  - 
    Class: "car"
    probability: 0.950836062431
    xmin: 741
    ymin: 458
    xmax: 786
    ymax: 498
  - 
    Class: "car"
    probability: 0.937958598137
    xmin: 1142
    ymin: 425
    xmax: 1202
    ymax: 470
  - 
    Class: "car"
    probability: 0.887929916382
    xmin: 772
    ymin: 370
    xmax: 800
    ymax: 388
  - 
    Class: "car"
    probability: 0.8906686306
    xmin: 1107
    ymin: 398
    xmax: 1146
    ymax: 427
  - 
    Class: "car"
    probability: 0.890209436417
    xmin: 1343
    ymin: 476
    xmax: 1408
    ymax: 510
  - 
    Class: "car"
    probability: 0.878938138485
    xmin: 1254
    ymin: 441
    xmax: 1306
    ymax: 474
---
header: 
  seq: 2725
  stamp: 
    secs: 1562112933
    nsecs: 513307900
  frame_id: "detection"
image_header: 
  seq: 4637
  stamp: 
    secs: 1562112933
    nsecs: 318106004
  frame_id: "videofile_frame"
bounding_boxes: 
  - 
    Class: "car"
    probability: 0.992546916008
    xmin: 1476
    ymin: 493
    xmax: 1564
    ymax: 550
  - 
    Class: "car"
    probability: 0.966078460217
    xmin: 1339
    ymin: 505
    xmax: 1443
    ymax: 589
  - 
    Class: "car"
    probability: 0.960687339306
    xmin: 938
    ymin: 501
    xmax: 1008
    ymax: 554
  - 
    Class: "car"
    probability: 0.952357053757
    xmin: 1142
    ymin: 420
    xmax: 1210
    ymax: 470
  - 
    Class: "car"
    probability: 0.916397154331
    xmin: 771
    ymin: 367
    xmax: 800
    ymax: 387
  - 
    Class: "car"
    probability: 0.93684732914
    xmin: 742
    ymin: 457
    xmax: 785
    ymax: 495
  - 
    Class: "car"
    probability: 0.918559253216
    xmin: 1055
    ymin: 404
    xmax: 1095
    ymax: 439
  - 
    Class: "car"
    probability: 0.905696630478
    xmin: 1251
    ymin: 439
    xmax: 1306
    ymax: 475
  - 
    Class: "car"
    probability: 0.846274852753
    xmin: 1111
    ymin: 400
    xmax: 1150
    ymax: 427
  - 
    Class: "car"
    probability: 0.817818641663
    xmin: 1347
    ymin: 475
    xmax: 1412
    ymax: 512
---
header: 
  seq: 2726
  stamp: 
    secs: 1562112933
    nsecs: 563316722
  frame_id: "detection"
image_header: 
  seq: 4639
  stamp: 
    secs: 1562112933
    nsecs: 384931415
  frame_id: "videofile_frame"
bounding_boxes: 
  - 
    Class: "car"
    probability: 0.995082914829
    xmin: 1492
    ymin: 498
    xmax: 1580
    ymax: 551
  - 
    Class: "car"
    probability: 0.972772479057
    xmin: 1352
    ymin: 518
    xmax: 1458
    ymax: 592
  - 
    Class: "car"
    probability: 0.963108122349
    xmin: 1162
    ymin: 449
    xmax: 1221
    ymax: 495
  - 
    Class: "car"
    probability: 0.948729157448
    xmin: 935
    ymin: 495
    xmax: 1001
    ymax: 546
  - 
    Class: "car"
    probability: 0.947604596615
    xmin: 1239
    ymin: 449
    xmax: 1293
    ymax: 494
  - 
    Class: "car"
    probability: 0.931879103184
    xmin: 1138
    ymin: 407
    xmax: 1214
    ymax: 464
  - 
    Class: "car"
    probability: 0.926884233952
    xmin: 742
    ymin: 454
    xmax: 787
    ymax: 496
  - 
    Class: "car"
    probability: 0.912491679192
    xmin: 1057
    ymin: 406
    xmax: 1103
    ymax: 439
  - 
    Class: "car"
    probability: 0.883910596371
    xmin: 774
    ymin: 370
    xmax: 801
    ymax: 389
  - 
    Class: "car"
    probability: 0.861246943474
    xmin: 1278
    ymin: 445
    xmax: 1327
    ymax: 478
  - 
    Class: "car"
    probability: 0.824922800064
    xmin: 1003
    ymin: 370
    xmax: 1037
    ymax: 390
  - 
    Class: "car"
    probability: 0.811768114567
    xmin: 1353
    ymin: 476
    xmax: 1421
    ymax: 509
---
header: 
  seq: 2727
  stamp: 
    secs: 1562112933
    nsecs: 615081099
  frame_id: "detection"
image_header: 
  seq: 4641
  stamp: 
    secs: 1562112933
    nsecs: 451090471
  frame_id: "videofile_frame"
bounding_boxes: 
  - 
    Class: "car"
    probability: 0.97669583559
    xmin: 1363
    ymin: 516
    xmax: 1484
    ymax: 597
  - 
    Class: "car"
    probability: 0.98282200098
    xmin: 1511
    ymin: 506
    xmax: 1600
    ymax: 562
  - 
    Class: "car"
    probability: 0.977588534355
    xmin: 1173
    ymin: 452
    xmax: 1227
    ymax: 497
  - 
    Class: "car"
    probability: 0.975547134876
    xmin: 1243
    ymin: 453
    xmax: 1298
    ymax: 497
  - 
    Class: "car"
    probability: 0.966997087002
    xmin: 1063
    ymin: 413
    xmax: 1110
    ymax: 454
  - 
    Class: "car"
    probability: 0.95999622345
    xmin: 932
    ymin: 489
    xmax: 995
    ymax: 543
  - 
    Class: "car"
    probability: 0.948222219944
    xmin: 1282
    ymin: 440
    xmax: 1332
    ymax: 479
  - 
    Class: "car"
    probability: 0.923414885998
    xmin: 1153
    ymin: 418
    xmax: 1217
    ymax: 469
  - 
    Class: "car"
    probability: 0.895509302616
    xmin: 743
    ymin: 453
    xmax: 787
    ymax: 495
  - 
    Class: "car"
    probability: 0.856335997581
    xmin: 1007
    ymin: 371
    xmax: 1040
    ymax: 392
  - 
    Class: "car"
    probability: 0.824129879475
    xmin: 739
    ymin: 488
    xmax: 803
    ymax: 543
  - 
    Class: "car"
    probability: 0.813240110874
    xmin: 826
    ymin: 428
    xmax: 866
    ymax: 458
---
header: 
  seq: 2728
  stamp: 
    secs: 1562112933
    nsecs: 665657556
  frame_id: "detection"
image_header: 
  seq: 4642
  stamp: 
    secs: 1562112933
    nsecs: 484135097
  frame_id: "videofile_frame"
bounding_boxes: 
  - 
    Class: "car"
    probability: 0.991207778454
    xmin: 1510
    ymin: 507
    xmax: 1611
    ymax: 564
  - 
    Class: "car"
    probability: 0.951047956944
    xmin: 1374
    ymin: 510
    xmax: 1497
    ymax: 601
  - 
    Class: "car"
    probability: 0.97976487875
    xmin: 1247
    ymin: 457
    xmax: 1304
    ymax: 500
  - 
    Class: "car"
    probability: 0.971072971821
    xmin: 1176
    ymin: 453
    xmax: 1230
    ymax: 497
  - 
    Class: "car"
    probability: 0.95190256834
    xmin: 1066
    ymin: 414
    xmax: 1112
    ymax: 455
  - 
    Class: "car"
    probability: 0.948542654514
    xmin: 1280
    ymin: 441
    xmax: 1335
    ymax: 478
  - 
    Class: "car"
    probability: 0.92203783989
    xmin: 1158
    ymin: 417
    xmax: 1216
    ymax: 469
  - 
    Class: "car"
    probability: 0.92748105526
    xmin: 931
    ymin: 486
    xmax: 992
    ymax: 541
  - 
    Class: "car"
    probability: 0.864134609699
    xmin: 825
    ymin: 425
    xmax: 866
    ymax: 457
  - 
    Class: "car"
    probability: 0.813212513924
    xmin: 1380
    ymin: 479
    xmax: 1442
    ymax: 509
---
header: 
  seq: 2729
  stamp: 
    secs: 1562112933
    nsecs: 728733441
  frame_id: "detection"
image_header: 
  seq: 4644
  stamp: 
    secs: 1562112933
    nsecs: 550577498
  frame_id: "videofile_frame"
bounding_boxes: 
  - 
    Class: "car"
    probability: 0.947194099426
    xmin: 1379
    ymin: 515
    xmax: 1518
    ymax: 613
  - 
    Class: "car"
    probability: 0.972487032413
    xmin: 1072
    ymin: 415
    xmax: 1117
    ymax: 457
  - 
    Class: "car"
    probability: 0.966454267502
    xmin: 1256
    ymin: 462
    xmax: 1314
    ymax: 501
  - 
    Class: "car"
    probability: 0.963119745255
    xmin: 1183
    ymin: 452
    xmax: 1241
    ymax: 501
  - 
    Class: "car"
    probability: 0.948980867863
    xmin: 1163
    ymin: 413
    xmax: 1222
    ymax: 464
  - 
    Class: "car"
    probability: 0.94641327858
    xmin: 924
    ymin: 484
    xmax: 987
    ymax: 536
  - 
    Class: "car"
    probability: 0.926964402199
    xmin: 1525
    ymin: 508
    xmax: 1640
    ymax: 575
  - 
    Class: "car"
    probability: 0.903264224529
    xmin: 826
    ymin: 421
    xmax: 865
    ymax: 455
  - 
    Class: "car"
    probability: 0.843973338604
    xmin: 745
    ymin: 442
    xmax: 782
    ymax: 477
  - 
    Class: "car"
    probability: 0.838236987591
    xmin: 1068
    ymin: 402
    xmax: 1111
    ymax: 439
  - 
    Class: "car"
    probability: 0.819184482098
    xmin: 1371
    ymin: 485
    xmax: 1476
    ymax: 535
---
header: 
  seq: 2730
  stamp: 
    secs: 1562112933
    nsecs: 781701642
  frame_id: "detection"
image_header: 
  seq: 4645
  stamp: 
    secs: 1562112933
    nsecs: 584152466
  frame_id: "videofile_frame"
bounding_boxes: 
  - 
    Class: "car"
    probability: 0.911451816559
    xmin: 1384
    ymin: 514
    xmax: 1527
    ymax: 611
  - 
    Class: "car"
    probability: 0.979887962341
    xmin: 1072
    ymin: 414
    xmax: 1119
    ymax: 458
  - 
    Class: "car"
    probability: 0.96779435873
    xmin: 1259
    ymin: 465
    xmax: 1315
    ymax: 502
  - 
    Class: "car"
    probability: 0.949683308601
    xmin: 1166
    ymin: 416
    xmax: 1225
    ymax: 462
  - 
    Class: "car"
    probability: 0.931464612484
    xmin: 746
    ymin: 439
    xmax: 782
    ymax: 475
  - 
    Class: "car"
    probability: 0.932447314262
    xmin: 1542
    ymin: 513
    xmax: 1646
    ymax: 576
  - 
    Class: "car"
    probability: 0.929796338081
    xmin: 824
    ymin: 422
    xmax: 865
    ymax: 455
  - 
    Class: "car"
    probability: 0.926641106606
    xmin: 1184
    ymin: 453
    xmax: 1245
    ymax: 500
  - 
    Class: "car"
    probability: 0.917864561081
    xmin: 926
    ymin: 481
    xmax: 982
    ymax: 532
  - 
    Class: "car"
    probability: 0.834056973457
    xmin: 1380
    ymin: 486
    xmax: 1478
    ymax: 533
---
header: 
  seq: 2731
  stamp: 
    secs: 1562112933
    nsecs: 830997421
  frame_id: "detection"
image_header: 
  seq: 4647
  stamp: 
    secs: 1562112933
    nsecs: 652565236
  frame_id: "videofile_frame"
bounding_boxes: 
  - 
    Class: "car"
    probability: 0.926066815853
    xmin: 1417
    ymin: 546
    xmax: 1555
    ymax: 634
  - 
    Class: "car"
    probability: 0.981802999973
    xmin: 1556
    ymin: 520
    xmax: 1668
    ymax: 580
  - 
    Class: "car"
    probability: 0.979335963726
    xmin: 1076
    ymin: 413
    xmax: 1125
    ymax: 459
  - 
    Class: "car"
    probability: 0.972928106785
    xmin: 1190
    ymin: 465
    xmax: 1256
    ymax: 509
  - 
    Class: "car"
    probability: 0.94996458292
    xmin: 1169
    ymin: 415
    xmax: 1231
    ymax: 468
  - 
    Class: "car"
    probability: 0.952162802219
    xmin: 1311
    ymin: 450
    xmax: 1367
    ymax: 494
  - 
    Class: "car"
    probability: 0.93153578043
    xmin: 1394
    ymin: 492
    xmax: 1502
    ymax: 542
  - 
    Class: "car"
    probability: 0.93566596508
    xmin: 744
    ymin: 435
    xmax: 785
    ymax: 473
  - 
    Class: "car"
    probability: 0.890514492989
    xmin: 823
    ymin: 419
    xmax: 866
    ymax: 452
  - 
    Class: "car"
    probability: 0.884761035442
    xmin: 1267
    ymin: 464
    xmax: 1327
    ymax: 505
  - 
    Class: "car"
    probability: 0.869978427887
    xmin: 925
    ymin: 475
    xmax: 981
    ymax: 521
  - 
    Class: "car"
    probability: 0.810029387474
    xmin: 1136
    ymin: 403
    xmax: 1180
    ymax: 438
---
header: 
  seq: 2732
  stamp: 
    secs: 1562112933
    nsecs: 875486411
  frame_id: "detection"
image_header: 
  seq: 4649
  stamp: 
    secs: 1562112933
    nsecs: 717149473
  frame_id: "videofile_frame"
bounding_boxes: 
  - 
    Class: "car"
    probability: 0.896569609642
    xmin: 1437
    ymin: 550
    xmax: 1579
    ymax: 641
  - 
    Class: "car"
    probability: 0.983647525311
    xmin: 1272
    ymin: 463
    xmax: 1331
    ymax: 510
  - 
    Class: "car"
    probability: 0.963883042336
    xmin: 1170
    ymin: 413
    xmax: 1245
    ymax: 470
  - 
    Class: "car"
    probability: 0.983490169048
    xmin: 1200
    ymin: 469
    xmax: 1267
    ymax: 516
  - 
    Class: "car"
    probability: 0.971662998199
    xmin: 1577
    ymin: 514
    xmax: 1680
    ymax: 589
  - 
    Class: "car"
    probability: 0.971013188362
    xmin: 1076
    ymin: 415
    xmax: 1129
    ymax: 461
  - 
    Class: "car"
    probability: 0.963632643223
    xmin: 919
    ymin: 472
    xmax: 977
    ymax: 516
  - 
    Class: "car"
    probability: 0.952187538147
    xmin: 1404
    ymin: 495
    xmax: 1519
    ymax: 546
  - 
    Class: "car"
    probability: 0.925601840019
    xmin: 1329
    ymin: 451
    xmax: 1378
    ymax: 492
  - 
    Class: "car"
    probability: 0.876207828522
    xmin: 747
    ymin: 435
    xmax: 784
    ymax: 470
  - 
    Class: "car"
    probability: 0.843268573284
    xmin: 1139
    ymin: 402
    xmax: 1184
    ymax: 435
  - 
    Class: "car"
    probability: 0.809071242809
    xmin: 820
    ymin: 418
    xmax: 865
    ymax: 450
---
header: 
  seq: 2733
  stamp: 
    secs: 1562112933
    nsecs: 935421353
  frame_id: "detection"
image_header: 
  seq: 4650
  stamp: 
    secs: 1562112933
    nsecs: 751239663
  frame_id: "videofile_frame"
bounding_boxes: 
  - 
    Class: "car"
    probability: 0.976767838001
    xmin: 1452
    ymin: 557
    xmax: 1595
    ymax: 652
  - 
    Class: "car"
    probability: 0.984738469124
    xmin: 1203
    ymin: 469
    xmax: 1271
    ymax: 517
  - 
    Class: "car"
    probability: 0.964808821678
    xmin: 1172
    ymin: 415
    xmax: 1249
    ymax: 471
  - 
    Class: "car"
    probability: 0.971150517464
    xmin: 1586
    ymin: 521
    xmax: 1694
    ymax: 590
  - 
    Class: "car"
    probability: 0.975336074829
    xmin: 1278
    ymin: 471
    xmax: 1334
    ymax: 511
  - 
    Class: "car"
    probability: 0.94458937645
    xmin: 1419
    ymin: 496
    xmax: 1526
    ymax: 562
  - 
    Class: "car"
    probability: 0.957597315311
    xmin: 1328
    ymin: 456
    xmax: 1383
    ymax: 495
  - 
    Class: "car"
    probability: 0.953891336918
    xmin: 921
    ymin: 472
    xmax: 977
    ymax: 516
  - 
    Class: "car"
    probability: 0.923051655293
    xmin: 819
    ymin: 417
    xmax: 865
    ymax: 449
  - 
    Class: "car"
    probability: 0.90930378437
    xmin: 745
    ymin: 432
    xmax: 784
    ymax: 468
  - 
    Class: "car"
    probability: 0.842256724834
    xmin: 1079
    ymin: 419
    xmax: 1128
    ymax: 459
  - 
    Class: "car"
    probability: 0.817259371281
    xmin: 756
    ymin: 362
    xmax: 780
    ymax: 382
  - 
    Class: "car"
    probability: 0.801629781723
    xmin: 1142
    ymin: 406
    xmax: 1184
    ymax: 434
---
header: 
  seq: 2734
  stamp: 
    secs: 1562112933
    nsecs: 981039824
  frame_id: "detection"
image_header: 
  seq: 4652
  stamp: 
    secs: 1562112933
    nsecs: 816908590
  frame_id: "videofile_frame"
bounding_boxes: 
  - 
    Class: "car"
    probability: 0.981642246246
    xmin: 1612
    ymin: 522
    xmax: 1716
    ymax: 594
  - 
    Class: "car"
    probability: 0.957515895367
    xmin: 1471
    ymin: 555
    xmax: 1616
    ymax: 650
  - 
    Class: "car"
    probability: 0.964359343052
    xmin: 1088
    ymin: 421
    xmax: 1138
    ymax: 466
  - 
    Class: "car"
    probability: 0.974518656731
    xmin: 1217
    ymin: 473
    xmax: 1281
    ymax: 523
  - 
    Class: "car"
    probability: 0.975352466106
    xmin: 1292
    ymin: 476
    xmax: 1346
    ymax: 509
  - 
    Class: "car"
    probability: 0.952189564705
    xmin: 916
    ymin: 467
    xmax: 970
    ymax: 510
  - 
    Class: "car"
    probability: 0.925178289413
    xmin: 1175
    ymin: 417
    xmax: 1251
    ymax: 473
  - 
    Class: "car"
    probability: 0.927256584167
    xmin: 1340
    ymin: 459
    xmax: 1398
    ymax: 497
  - 
    Class: "car"
    probability: 0.906987845898
    xmin: 1431
    ymin: 500
    xmax: 1540
    ymax: 566
  - 
    Class: "car"
    probability: 0.903388142586
    xmin: 822
    ymin: 405
    xmax: 865
    ymax: 438
  - 
    Class: "car"
    probability: 0.86992162466
    xmin: 748
    ymin: 433
    xmax: 785
    ymax: 468
  - 
    Class: "car"
    probability: 0.860641479492
    xmin: 1148
    ymin: 407
    xmax: 1188
    ymax: 435
  - 
    Class: "truck"
    probability: 0.980195045471
    xmin: 401
    ymin: 937
    xmax: 715
    ymax: 1080
---
header: 
  seq: 2735
  stamp: 
    secs: 1562112934
    nsecs:  35428590
  frame_id: "detection"
image_header: 
  seq: 4653
  stamp: 
    secs: 1562112933
    nsecs: 851867015
  frame_id: "videofile_frame"
bounding_boxes: 
  - 
    Class: "car"
    probability: 0.981430351734
    xmin: 1482
    ymin: 562
    xmax: 1641
    ymax: 678
  - 
    Class: "car"
    probability: 0.987111449242
    xmin: 1620
    ymin: 532
    xmax: 1725
    ymax: 599
  - 
    Class: "car"
    probability: 0.984318137169
    xmin: 1092
    ymin: 421
    xmax: 1143
    ymax: 470
  - 
    Class: "car"
    probability: 0.971256136894
    xmin: 916
    ymin: 464
    xmax: 968
    ymax: 508
  - 
    Class: "car"
    probability: 0.91598880291
    xmin: 1183
    ymin: 418
    xmax: 1260
    ymax: 479
  - 
    Class: "car"
    probability: 0.955411911011
    xmin: 1436
    ymin: 500
    xmax: 1551
    ymax: 570
  - 
    Class: "car"
    probability: 0.95479029417
    xmin: 1344
    ymin: 455
    xmax: 1401
    ymax: 498
  - 
    Class: "car"
    probability: 0.954923033714
    xmin: 1294
    ymin: 472
    xmax: 1353
    ymax: 515
  - 
    Class: "car"
    probability: 0.911827206612
    xmin: 746
    ymin: 432
    xmax: 787
    ymax: 469
  - 
    Class: "car"
    probability: 0.888916492462
    xmin: 1220
    ymin: 473
    xmax: 1280
    ymax: 520
  - 
    Class: "truck"
    probability: 0.917465984821
    xmin: 417
    ymin: 916
    xmax: 733
    ymax: 1080
---
header: 
  seq: 2736
  stamp: 
    secs: 1562112934
    nsecs:  82595348
  frame_id: "detection"
image_header: 
  seq: 4655
  stamp: 
    secs: 1562112933
    nsecs: 917273746
  frame_id: "videofile_frame"
bounding_boxes: 
  - 
    Class: "car"
    probability: 0.981504499912
    xmin: 1498
    ymin: 570
    xmax: 1667
    ymax: 689
  - 
    Class: "car"
    probability: 0.939923048019
    xmin: 1456
    ymin: 513
    xmax: 1576
    ymax: 590
  - 
    Class: "car"
    probability: 0.984368681908
    xmin: 1647
    ymin: 537
    xmax: 1753
    ymax: 609
  - 
    Class: "car"
    probability: 0.983985304832
    xmin: 1098
    ymin: 423
    xmax: 1147
    ymax: 467
  - 
    Class: "car"
    probability: 0.958307623863
    xmin: 1190
    ymin: 422
    xmax: 1264
    ymax: 479
  - 
    Class: "car"
    probability: 0.95467954874
    xmin: 1351
    ymin: 458
    xmax: 1409
    ymax: 499
  - 
    Class: "car"
    probability: 0.916640222073
    xmin: 915
    ymin: 461
    xmax: 967
    ymax: 506
  - 
    Class: "car"
    probability: 0.921789765358
    xmin: 1305
    ymin: 475
    xmax: 1368
    ymax: 517
  - 
    Class: "car"
    probability: 0.921791374683
    xmin: 1224
    ymin: 480
    xmax: 1303
    ymax: 529
  - 
    Class: "car"
    probability: 0.856241166592
    xmin: 746
    ymin: 430
    xmax: 786
    ymax: 465
  - 
    Class: "truck"
    probability: 0.92507481575
    xmin: 407
    ymin: 873
    xmax: 742
    ymax: 1074
---
header: 
  seq: 2737
  stamp: 
    secs: 1562112934
    nsecs: 137890869
  frame_id: "detection"
image_header: 
  seq: 4656
  stamp: 
    secs: 1562112933
    nsecs: 950133960
  frame_id: "videofile_frame"
bounding_boxes: 
  - 
    Class: "car"
    probability: 0.98239171505
    xmin: 1514
    ymin: 579
    xmax: 1685
    ymax: 694
  - 
    Class: "car"
    probability: 0.962221562862
    xmin: 1464
    ymin: 513
    xmax: 1580
    ymax: 595
  - 
    Class: "car"
    probability: 0.985124230385
    xmin: 1652
    ymin: 536
    xmax: 1764
    ymax: 610
  - 
    Class: "car"
    probability: 0.983827352524
    xmin: 1100
    ymin: 421
    xmax: 1151
    ymax: 469
  - 
    Class: "car"
    probability: 0.951055824757
    xmin: 1189
    ymin: 421
    xmax: 1267
    ymax: 480
  - 
    Class: "car"
    probability: 0.966529846191
    xmin: 1308
    ymin: 475
    xmax: 1371
    ymax: 520
  - 
    Class: "car"
    probability: 0.951442301273
    xmin: 910
    ymin: 459
    xmax: 966
    ymax: 505
  - 
    Class: "car"
    probability: 0.955292582512
    xmin: 1352
    ymin: 457
    xmax: 1417
    ymax: 500
  - 
    Class: "car"
    probability: 0.935466110706
    xmin: 1233
    ymin: 482
    xmax: 1308
    ymax: 529
  - 
    Class: "car"
    probability: 0.897770941257
    xmin: 822
    ymin: 402
    xmax: 866
    ymax: 438
  - 
    Class: "car"
    probability: 0.824543058872
    xmin: 746
    ymin: 431
    xmax: 786
    ymax: 466
---
header: 
  seq: 2738
  stamp: 
    secs: 1562112934
    nsecs: 185362640
  frame_id: "detection"
image_header: 
  seq: 4658
  stamp: 
    secs: 1562112934
    nsecs:  17449548
  frame_id: "videofile_frame"
bounding_boxes: 
  - 
    Class: "car"
    probability: 0.979531824589
    xmin: 1479
    ymin: 514
    xmax: 1612
    ymax: 602
  - 
    Class: "car"
    probability: 0.919563889503
    xmin: 1534
    ymin: 586
    xmax: 1734
    ymax: 721
  - 
    Class: "car"
    probability: 0.975076258183
    xmin: 1676
    ymin: 546
    xmax: 1798
    ymax: 624
  - 
    Class: "car"
    probability: 0.98954731226
    xmin: 1104
    ymin: 424
    xmax: 1157
    ymax: 472
  - 
    Class: "car"
    probability: 0.982815086842
    xmin: 1197
    ymin: 426
    xmax: 1283
    ymax: 487
  - 
    Class: "car"
    probability: 0.98213994503
    xmin: 821
    ymin: 404
    xmax: 863
    ymax: 436
  - 
    Class: "car"
    probability: 0.985067903996
    xmin: 1242
    ymin: 482
    xmax: 1324
    ymax: 535
  - 
    Class: "car"
    probability: 0.983976006508
    xmin: 1311
    ymin: 482
    xmax: 1389
    ymax: 531
  - 
    Class: "car"
    probability: 0.970800042152
    xmin: 1356
    ymin: 460
    xmax: 1437
    ymax: 504
  - 
    Class: "car"
    probability: 0.9346960783
    xmin: 746
    ymin: 424
    xmax: 788
    ymax: 459
  - 
    Class: "car"
    probability: 0.901268839836
    xmin: 912
    ymin: 456
    xmax: 960
    ymax: 501
  - 
    Class: "car"
    probability: 0.859880745411
    xmin: 751
    ymin: 360
    xmax: 777
    ymax: 379
  - 
    Class: "truck"
    probability: 0.923997879028
    xmin: 450
    ymin: 806
    xmax: 747
    ymax: 1076
---
header: 
  seq: 2739
  stamp: 
    secs: 1562112934
    nsecs: 239332456
  frame_id: "detection"
image_header: 
  seq: 4659
  stamp: 
    secs: 1562112934
    nsecs:  51431710
  frame_id: "videofile_frame"
bounding_boxes: 
  - 
    Class: "car"
    probability: 0.981182575226
    xmin: 1688
    ymin: 551
    xmax: 1811
    ymax: 626
  - 
    Class: "car"
    probability: 0.956868469715
    xmin: 1485
    ymin: 517
    xmax: 1620
    ymax: 613
  - 
    Class: "car"
    probability: 0.95426350832
    xmin: 1560
    ymin: 594
    xmax: 1745
    ymax: 722
  - 
    Class: "car"
    probability: 0.978505194187
    xmin: 1105
    ymin: 421
    xmax: 1159
    ymax: 471
  - 
    Class: "car"
    probability: 0.983569085598
    xmin: 1201
    ymin: 428
    xmax: 1288
    ymax: 491
  - 
    Class: "car"
    probability: 0.981634676456
    xmin: 1246
    ymin: 480
    xmax: 1329
    ymax: 539
  - 
    Class: "car"
    probability: 0.975127160549
    xmin: 1319
    ymin: 482
    xmax: 1396
    ymax: 533
  - 
    Class: "car"
    probability: 0.938099145889
    xmin: 1375
    ymin: 463
    xmax: 1437
    ymax: 505
  - 
    Class: "car"
    probability: 0.914056360722
    xmin: 907
    ymin: 455
    xmax: 959
    ymax: 500
  - 
    Class: "car"
    probability: 0.912400245667
    xmin: 822
    ymin: 404
    xmax: 863
    ymax: 437
  - 
    Class: "car"
    probability: 0.909544765949
    xmin: 745
    ymin: 425
    xmax: 788
    ymax: 459
  - 
    Class: "car"
    probability: 0.867854833603
    xmin: 1168
    ymin: 409
    xmax: 1215
    ymax: 440
  - 
    Class: "car"
    probability: 0.808856189251
    xmin: 753
    ymin: 360
    xmax: 777
    ymax: 378
  - 
    Class: "truck"
    probability: 0.941260933876
    xmin: 458
    ymin: 794
    xmax: 745
    ymax: 1075
---
header: 
  seq: 2740
  stamp: 
    secs: 1562112934
    nsecs: 292465334
  frame_id: "detection"
image_header: 
  seq: 4661
  stamp: 
    secs: 1562112934
    nsecs: 118448384
  frame_id: "videofile_frame"
bounding_boxes: 
  - 
    Class: "car"
    probability: 0.992692828178
    xmin: 1505
    ymin: 518
    xmax: 1642
    ymax: 616
  - 
    Class: "car"
    probability: 0.987683832645
    xmin: 1715
    ymin: 557
    xmax: 1843
    ymax: 635
  - 
    Class: "car"
    probability: 0.942645430565
    xmin: 1586
    ymin: 611
    xmax: 1792
    ymax: 740
  - 
    Class: "car"
    probability: 0.981291294098
    xmin: 1108
    ymin: 421
    xmax: 1168
    ymax: 472
  - 
    Class: "car"
    probability: 0.97736543417
    xmin: 1381
    ymin: 461
    xmax: 1447
    ymax: 510
  - 
    Class: "car"
    probability: 0.963101029396
    xmin: 820
    ymin: 398
    xmax: 860
    ymax: 430
  - 
    Class: "car"
    probability: 0.977245926857
    xmin: 1244
    ymin: 486
    xmax: 1349
    ymax: 542
  - 
    Class: "car"
    probability: 0.968359827995
    xmin: 1206
    ymin: 427
    xmax: 1295
    ymax: 491
  - 
    Class: "car"
    probability: 0.943383932114
    xmin: 902
    ymin: 451
    xmax: 958
    ymax: 497
  - 
    Class: "car"
    probability: 0.869252920151
    xmin: 1329
    ymin: 480
    xmax: 1408
    ymax: 537
  - 
    Class: "car"
    probability: 0.852931141853
    xmin: 747
    ymin: 425
    xmax: 787
    ymax: 459
  - 
    Class: "car"
    probability: 0.803734302521
    xmin: 751
    ymin: 358
    xmax: 776
    ymax: 377
  - 
    Class: "car"
    probability: 0.805173397064
    xmin: 889
    ymin: 351
    xmax: 925
    ymax: 375
  - 
    Class: "truck"
    probability: 0.871838331223
    xmin: 470
    ymin: 754
    xmax: 755
    ymax: 1037
---
header: 
  seq: 2741
  stamp: 
    secs: 1562112934
    nsecs: 348384824
  frame_id: "detection"
image_header: 
  seq: 4662
  stamp: 
    secs: 1562112934
    nsecs: 151340101
  frame_id: "videofile_frame"
bounding_boxes: 
  - 
    Class: "car"
    probability: 0.986403822899
    xmin: 1516
    ymin: 523
    xmax: 1652
    ymax: 616
  - 
    Class: "car"
    probability: 0.974379658699
    xmin: 1595
    ymin: 616
    xmax: 1822
    ymax: 746
  - 
    Class: "car"
    probability: 0.989328742027
    xmin: 1726
    ymin: 562
    xmax: 1862
    ymax: 638
  - 
    Class: "car"
    probability: 0.975759208202
    xmin: 819
    ymin: 397
    xmax: 861
    ymax: 429
  - 
    Class: "car"
    probability: 0.971305668354
    xmin: 1108
    ymin: 422
    xmax: 1172
    ymax: 473
  - 
    Class: "car"
    probability: 0.982353806496
    xmin: 1385
    ymin: 466
    xmax: 1458
    ymax: 511
  - 
    Class: "car"
    probability: 0.980667710304
    xmin: 1255
    ymin: 488
    xmax: 1348
    ymax: 544
  - 
    Class: "car"
    probability: 0.974758625031
    xmin: 1328
    ymin: 483
    xmax: 1414
    ymax: 541
  - 
    Class: "car"
    probability: 0.936433196068
    xmin: 904
    ymin: 452
    xmax: 954
    ymax: 495
  - 
    Class: "car"
    probability: 0.900759100914
    xmin: 1216
    ymin: 429
    xmax: 1300
    ymax: 484
  - 
    Class: "car"
    probability: 0.86721521616
    xmin: 885
    ymin: 349
    xmax: 924
    ymax: 375
  - 
    Class: "car"
    probability: 0.823527574539
    xmin: 753
    ymin: 357
    xmax: 779
    ymax: 377
  - 
    Class: "truck"
    probability: 0.889812111855
    xmin: 484
    ymin: 748
    xmax: 763
    ymax: 1034
---
header: 
  seq: 2742
  stamp: 
    secs: 1562112934
    nsecs: 404713258
  frame_id: "detection"
image_header: 
  seq: 4664
  stamp: 
    secs: 1562112934
    nsecs: 219239557
  frame_id: "videofile_frame"
bounding_boxes: 
  - 
    Class: "car"
    probability: 0.93300229311
    xmin: 1636
    ymin: 632
    xmax: 1855
    ymax: 766
  - 
    Class: "car"
    probability: 0.980673849583
    xmin: 1533
    ymin: 537
    xmax: 1681
    ymax: 628
  - 
    Class: "car"
    probability: 0.993472158909
    xmin: 1756
    ymin: 566
    xmax: 1893
    ymax: 650
  - 
    Class: "car"
    probability: 0.985668301582
    xmin: 1272
    ymin: 494
    xmax: 1360
    ymax: 549
  - 
    Class: "car"
    probability: 0.977351009846
    xmin: 1344
    ymin: 489
    xmax: 1424
    ymax: 539
  - 
    Class: "car"
    probability: 0.9588996768
    xmin: 820
    ymin: 401
    xmax: 858
    ymax: 428
  - 
    Class: "car"
    probability: 0.959142327309
    xmin: 1119
    ymin: 438
    xmax: 1177
    ymax: 481
  - 
    Class: "car"
    probability: 0.941314697266
    xmin: 1218
    ymin: 429
    xmax: 1305
    ymax: 493
  - 
    Class: "car"
    probability: 0.915553152561
    xmin: 1391
    ymin: 462
    xmax: 1476
    ymax: 505
  - 
    Class: "car"
    probability: 0.859146118164
    xmin: 902
    ymin: 448
    xmax: 953
    ymax: 488
  - 
    Class: "car"
    probability: 0.836802661419
    xmin: 1178
    ymin: 420
    xmax: 1224
    ymax: 449
---
header: 
  seq: 2743
  stamp: 
    secs: 1562112934
    nsecs: 448500669
  frame_id: "detection"
image_header: 
  seq: 4666
  stamp: 
    secs: 1562112934
    nsecs: 283047174
  frame_id: "videofile_frame"
bounding_boxes: 
  - 
    Class: "car"
    probability: 0.968140125275
    xmin: 1554
    ymin: 536
    xmax: 1708
    ymax: 637
  - 
    Class: "car"
    probability: 0.873400688171
    xmin: 1661
    ymin: 646
    xmax: 1905
    ymax: 782
  - 
    Class: "car"
    probability: 0.937753856182
    xmin: 1788
    ymin: 578
    xmax: 1915
    ymax: 660
  - 
    Class: "car"
    probability: 0.986727535725
    xmin: 1122
    ymin: 430
    xmax: 1183
    ymax: 481
  - 
    Class: "car"
    probability: 0.971724808216
    xmin: 816
    ymin: 397
    xmax: 856
    ymax: 425
  - 
    Class: "car"
    probability: 0.970849812031
    xmin: 1275
    ymin: 495
    xmax: 1377
    ymax: 554
  - 
    Class: "car"
    probability: 0.942382991314
    xmin: 1359
    ymin: 491
    xmax: 1438
    ymax: 540
  - 
    Class: "car"
    probability: 0.899237215519
    xmin: 1227
    ymin: 429
    xmax: 1311
    ymax: 492
  - 
    Class: "car"
    probability: 0.881562411785
    xmin: 1409
    ymin: 474
    xmax: 1485
    ymax: 521
---
header: 
  seq: 2744
  stamp: 
    secs: 1562112934
    nsecs: 497850881
  frame_id: "detection"
image_header: 
  seq: 4667
  stamp: 
    secs: 1562112934
    nsecs: 319823671
  frame_id: "videofile_frame"
bounding_boxes: 
  - 
    Class: "car"
    probability: 0.962348461151
    xmin: 1565
    ymin: 542
    xmax: 1720
    ymax: 638
  - 
    Class: "car"
    probability: 0.877848565578
    xmin: 1680
    ymin: 653
    xmax: 1917
    ymax: 806
  - 
    Class: "car"
    probability: 0.92801040411
    xmin: 1803
    ymin: 581
    xmax: 1914
    ymax: 665
  - 
    Class: "car"
    probability: 0.981926560402
    xmin: 817
    ymin: 396
    xmax: 857
    ymax: 425
  - 
    Class: "car"
    probability: 0.986324429512
    xmin: 1285
    ymin: 500
    xmax: 1379
    ymax: 563
  - 
    Class: "car"
    probability: 0.97899800539
    xmin: 1121
    ymin: 430
    xmax: 1183
    ymax: 482
  - 
    Class: "car"
    probability: 0.973774969578
    xmin: 1366
    ymin: 493
    xmax: 1446
    ymax: 553
  - 
    Class: "car"
    probability: 0.956373512745
    xmin: 1414
    ymin: 471
    xmax: 1488
    ymax: 521
  - 
    Class: "car"
    probability: 0.864716112614
    xmin: 1231
    ymin: 431
    xmax: 1315
    ymax: 496
  - 
    Class: "car"
    probability: 0.836977601051
    xmin: 901
    ymin: 441
    xmax: 950
    ymax: 481
  - 
    Class: "car"
    probability: 0.80997377634
    xmin: 747
    ymin: 419
    xmax: 789
    ymax: 455
---
header: 
  seq: 2745
  stamp: 
    secs: 1562112934
    nsecs: 549675439
  frame_id: "detection"
image_header: 
  seq: 4669
  stamp: 
    secs: 1562112934
    nsecs: 384133718
  frame_id: "videofile_frame"
bounding_boxes: 
  - 
    Class: "car"
    probability: 0.973625063896
    xmin: 1586
    ymin: 547
    xmax: 1754
    ymax: 659
  - 
    Class: "car"
    probability: 0.981614232063
    xmin: 1832
    ymin: 585
    xmax: 1920
    ymax: 677
  - 
    Class: "car"
    probability: 0.903947114944
    xmin: 1731
    ymin: 663
    xmax: 1920
    ymax: 818
  - 
    Class: "car"
    probability: 0.986244618893
    xmin: 1376
    ymin: 500
    xmax: 1461
    ymax: 556
  - 
    Class: "car"
    probability: 0.980456590652
    xmin: 1130
    ymin: 435
    xmax: 1196
    ymax: 483
  - 
    Class: "car"
    probability: 0.974681854248
    xmin: 816
    ymin: 394
    xmax: 854
    ymax: 422
  - 
    Class: "car"
    probability: 0.966645419598
    xmin: 1298
    ymin: 506
    xmax: 1392
    ymax: 563
  - 
    Class: "car"
    probability: 0.929958462715
    xmin: 1230
    ymin: 430
    xmax: 1347
    ymax: 508
  - 
    Class: "car"
    probability: 0.934944629669
    xmin: 895
    ymin: 440
    xmax: 943
    ymax: 477
  - 
    Class: "car"
    probability: 0.802545487881
    xmin: 470
    ymin: 993
    xmax: 749
    ymax: 1080
---
header: 
  seq: 2746
  stamp: 
    secs: 1562112934
    nsecs: 595075397
  frame_id: "detection"
image_header: 
  seq: 4670
  stamp: 
    secs: 1562112934
    nsecs: 417728369
  frame_id: "videofile_frame"
bounding_boxes: 
  - 
    Class: "car"
    probability: 0.98265850544
    xmin: 1601
    ymin: 551
    xmax: 1767
    ymax: 657
  - 
    Class: "car"
    probability: 0.984008908272
    xmin: 1387
    ymin: 499
    xmax: 1467
    ymax: 555
  - 
    Class: "car"
    probability: 0.969949305058
    xmin: 817
    ymin: 395
    xmax: 854
    ymax: 422
  - 
    Class: "car"
    probability: 0.969004631042
    xmin: 896
    ymin: 438
    xmax: 942
    ymax: 475
  - 
    Class: "car"
    probability: 0.959739089012
    xmin: 1134
    ymin: 434
    xmax: 1196
    ymax: 482
  - 
    Class: "car"
    probability: 0.863129079342
    xmin: 1245
    ymin: 437
    xmax: 1334
    ymax: 500
  - 
    Class: "car"
    probability: 0.936624228954
    xmin: 1449
    ymin: 479
    xmax: 1513
    ymax: 537
  - 
    Class: "car"
    probability: 0.94250690937
    xmin: 1307
    ymin: 510
    xmax: 1411
    ymax: 575
  - 
    Class: "car"
    probability: 0.820058107376
    xmin: 1854
    ymin: 587
    xmax: 1917
    ymax: 690
  - 
    Class: "car"
    probability: 0.832236468792
    xmin: 1199
    ymin: 424
    xmax: 1252
    ymax: 459
  - 
    Class: "car"
    probability: 0.811024665833
    xmin: 754
    ymin: 435
    xmax: 802
    ymax: 478
---
header: 
  seq: 2747
  stamp: 
    secs: 1562112934
    nsecs: 651137154
  frame_id: "detection"
image_header: 
  seq: 4672
  stamp: 
    secs: 1562112934
    nsecs: 484143049
  frame_id: "videofile_frame"
bounding_boxes: 
  - 
    Class: "car"
    probability: 0.939084529877
    xmin: 1625
    ymin: 561
    xmax: 1801
    ymax: 676
  - 
    Class: "car"
    probability: 0.97074252367
    xmin: 1251
    ymin: 434
    xmax: 1346
    ymax: 510
  - 
    Class: "car"
    probability: 0.971846222878
    xmin: 1137
    ymin: 426
    xmax: 1194
    ymax: 471
  - 
    Class: "car"
    probability: 0.968458235264
    xmin: 1461
    ymin: 484
    xmax: 1533
    ymax: 537
  - 
    Class: "car"
    probability: 0.959423005581
    xmin: 816
    ymin: 393
    xmax: 854
    ymax: 422
  - 
    Class: "car"
    probability: 0.959313094616
    xmin: 1201
    ymin: 420
    xmax: 1259
    ymax: 455
  - 
    Class: "car"
    probability: 0.876520991325
    xmin: 1794
    ymin: 687
    xmax: 1920
    ymax: 900
  - 
    Class: "car"
    probability: 0.944931447506
    xmin: 895
    ymin: 436
    xmax: 939
    ymax: 473
  - 
    Class: "car"
    probability: 0.948526859283
    xmin: 1313
    ymin: 516
    xmax: 1428
    ymax: 578
  - 
    Class: "car"
    probability: 0.919744551182
    xmin: 1405
    ymin: 498
    xmax: 1480
    ymax: 567
  - 
    Class: "car"
    probability: 0.90594547987
    xmin: 1890
    ymin: 591
    xmax: 1920
    ymax: 681
  - 
    Class: "car"
    probability: 0.831424713135
    xmin: 1148
    ymin: 445
    xmax: 1209
    ymax: 497
---
header: 
  seq: 2748
  stamp: 
    secs: 1562112934
    nsecs: 698013820
  frame_id: "detection"
image_header: 
  seq: 4673
  stamp: 
    secs: 1562112934
    nsecs: 517403168
  frame_id: "videofile_frame"
bounding_boxes: 
  - 
    Class: "car"
    probability: 0.953125536442
    xmin: 1643
    ymin: 564
    xmax: 1814
    ymax: 677
  - 
    Class: "car"
    probability: 0.962851941586
    xmin: 1253
    ymin: 435
    xmax: 1352
    ymax: 514
  - 
    Class: "car"
    probability: 0.983822762966
    xmin: 893
    ymin: 432
    xmax: 939
    ymax: 470
  - 
    Class: "car"
    probability: 0.980712115765
    xmin: 1200
    ymin: 422
    xmax: 1263
    ymax: 460
  - 
    Class: "car"
    probability: 0.963298380375
    xmin: 1138
    ymin: 423
    xmax: 1193
    ymax: 465
  - 
    Class: "car"
    probability: 0.961640775204
    xmin: 1404
    ymin: 502
    xmax: 1488
    ymax: 569
  - 
    Class: "car"
    probability: 0.956452250481
    xmin: 1465
    ymin: 481
    xmax: 1547
    ymax: 540
  - 
    Class: "car"
    probability: 0.93356770277
    xmin: 814
    ymin: 388
    xmax: 851
    ymax: 418
  - 
    Class: "car"
    probability: 0.934194505215
    xmin: 1324
    ymin: 520
    xmax: 1432
    ymax: 579
  - 
    Class: "car"
    probability: 0.8861951828
    xmin: 1149
    ymin: 445
    xmax: 1218
    ymax: 496
---
header: 
  seq: 2749
  stamp: 
    secs: 1562112934
    nsecs: 751795953
  frame_id: "detection"
image_header: 
  seq: 4675
  stamp: 
    secs: 1562112934
    nsecs: 584529434
  frame_id: "videofile_frame"
bounding_boxes: 
  - 
    Class: "car"
    probability: 0.963637053967
    xmin: 1668
    ymin: 577
    xmax: 1855
    ymax: 690
  - 
    Class: "car"
    probability: 0.976722300053
    xmin: 1157
    ymin: 450
    xmax: 1225
    ymax: 502
  - 
    Class: "car"
    probability: 0.966336846352
    xmin: 1207
    ymin: 425
    xmax: 1269
    ymax: 459
  - 
    Class: "car"
    probability: 0.964927911758
    xmin: 891
    ymin: 432
    xmax: 936
    ymax: 468
  - 
    Class: "car"
    probability: 0.955582439899
    xmin: 1474
    ymin: 491
    xmax: 1564
    ymax: 544
  - 
    Class: "car"
    probability: 0.96100538969
    xmin: 1422
    ymin: 516
    xmax: 1521
    ymax: 577
  - 
    Class: "car"
    probability: 0.882455170155
    xmin: 1265
    ymin: 438
    xmax: 1358
    ymax: 513
  - 
    Class: "car"
    probability: 0.951215326786
    xmin: 814
    ymin: 387
    xmax: 849
    ymax: 418
  - 
    Class: "car"
    probability: 0.916811466217
    xmin: 754
    ymin: 425
    xmax: 805
    ymax: 465
  - 
    Class: "car"
    probability: 0.92392385006
    xmin: 1335
    ymin: 522
    xmax: 1449
    ymax: 584
  - 
    Class: "car"
    probability: 0.883896172047
    xmin: 1068
    ymin: 388
    xmax: 1104
    ymax: 411
  - 
    Class: "car"
    probability: 0.819467902184
    xmin: 1146
    ymin: 423
    xmax: 1192
    ymax: 458
---
header: 
  seq: 2750
  stamp: 
    secs: 1562112934
    nsecs: 808009764
  frame_id: "detection"
image_header: 
  seq: 4676
  stamp: 
    secs: 1562112934
    nsecs: 617365775
  frame_id: "videofile_frame"
bounding_boxes: 
  - 
    Class: "car"
    probability: 0.904591798782
    xmin: 1669
    ymin: 574
    xmax: 1882
    ymax: 706
  - 
    Class: "car"
    probability: 0.985986888409
    xmin: 1162
    ymin: 452
    xmax: 1230
    ymax: 502
  - 
    Class: "car"
    probability: 0.98688441515
    xmin: 893
    ymin: 429
    xmax: 936
    ymax: 467
  - 
    Class: "car"
    probability: 0.953486859798
    xmin: 1271
    ymin: 438
    xmax: 1367
    ymax: 516
  - 
    Class: "car"
    probability: 0.981732606888
    xmin: 1209
    ymin: 423
    xmax: 1267
    ymax: 455
  - 
    Class: "car"
    probability: 0.960529267788
    xmin: 1484
    ymin: 490
    xmax: 1569
    ymax: 542
  - 
    Class: "car"
    probability: 0.952962517738
    xmin: 1145
    ymin: 422
    xmax: 1195
    ymax: 457
  - 
    Class: "car"
    probability: 0.931247651577
    xmin: 1348
    ymin: 519
    xmax: 1451
    ymax: 595
  - 
    Class: "car"
    probability: 0.89033639431
    xmin: 813
    ymin: 386
    xmax: 849
    ymax: 417
  - 
    Class: "car"
    probability: 0.816693365574
    xmin: 888
    ymin: 355
    xmax: 918
    ymax: 380
  - 
    Class: "car"
    probability: 0.814335167408
    xmin: 1069
    ymin: 387
    xmax: 1103
    ymax: 410
---
header: 
  seq: 2751
  stamp: 
    secs: 1562112934
    nsecs: 857530694
  frame_id: "detection"
image_header: 
  seq: 4678
  stamp: 
    secs: 1562112934
    nsecs: 684372206
  frame_id: "videofile_frame"
bounding_boxes: 
  - 
    Class: "car"
    probability: 0.993553936481
    xmin: 1168
    ymin: 451
    xmax: 1239
    ymax: 502
  - 
    Class: "car"
    probability: 0.992311060429
    xmin: 891
    ymin: 424
    xmax: 934
    ymax: 463
  - 
    Class: "car"
    probability: 0.99072188139
    xmin: 1367
    ymin: 529
    xmax: 1469
    ymax: 603
  - 
    Class: "car"
    probability: 0.970001399517
    xmin: 1220
    ymin: 428
    xmax: 1274
    ymax: 462
  - 
    Class: "car"
    probability: 0.966672480106
    xmin: 1147
    ymin: 422
    xmax: 1197
    ymax: 460
  - 
    Class: "car"
    probability: 0.931494832039
    xmin: 1278
    ymin: 440
    xmax: 1374
    ymax: 518
  - 
    Class: "car"
    probability: 0.959412157536
    xmin: 816
    ymin: 388
    xmax: 848
    ymax: 416
  - 
    Class: "car"
    probability: 0.893081724644
    xmin: 1618
    ymin: 1009
    xmax: 1920
    ymax: 1080
  - 
    Class: "car"
    probability: 0.925956308842
    xmin: 757
    ymin: 419
    xmax: 805
    ymax: 461
  - 
    Class: "car"
    probability: 0.917228579521
    xmin: 1444
    ymin: 510
    xmax: 1537
    ymax: 584
  - 
    Class: "car"
    probability: 0.904269218445
    xmin: 1493
    ymin: 492
    xmax: 1597
    ymax: 544
  - 
    Class: "car"
    probability: 0.873551487923
    xmin: 1073
    ymin: 388
    xmax: 1107
    ymax: 412
  - 
    Class: "car"
    probability: 0.8505615592
    xmin: 917
    ymin: 359
    xmax: 949
    ymax: 382
---
header: 
  seq: 2752
  stamp: 
    secs: 1562112934
    nsecs: 911904022
  frame_id: "detection"
image_header: 
  seq: 4680
  stamp: 
    secs: 1562112934
    nsecs: 751032187
  frame_id: "videofile_frame"
bounding_boxes: 
  - 
    Class: "car"
    probability: 0.86588203907
    xmin: 1750
    ymin: 599
    xmax: 1919
    ymax: 732
  - 
    Class: "car"
    probability: 0.993690013885
    xmin: 890
    ymin: 423
    xmax: 931
    ymax: 462
  - 
    Class: "car"
    probability: 0.994614064693
    xmin: 1176
    ymin: 453
    xmax: 1250
    ymax: 504
  - 
    Class: "car"
    probability: 0.956971108913
    xmin: 1285
    ymin: 443
    xmax: 1388
    ymax: 523
  - 
    Class: "car"
    probability: 0.97386187315
    xmin: 1386
    ymin: 541
    xmax: 1487
    ymax: 605
  - 
    Class: "car"
    probability: 0.936523795128
    xmin: 1541
    ymin: 942
    xmax: 1900
    ymax: 1074
  - 
    Class: "car"
    probability: 0.950161159039
    xmin: 813
    ymin: 384
    xmax: 847
    ymax: 412
  - 
    Class: "car"
    probability: 0.936315596104
    xmin: 1521
    ymin: 500
    xmax: 1602
    ymax: 554
  - 
    Class: "car"
    probability: 0.920003890991
    xmin: 753
    ymin: 417
    xmax: 806
    ymax: 460
  - 
    Class: "car"
    probability: 0.906998038292
    xmin: 1151
    ymin: 423
    xmax: 1197
    ymax: 458
  - 
    Class: "car"
    probability: 0.842932760715
    xmin: 1469
    ymin: 523
    xmax: 1562
    ymax: 594
  - 
    Class: "car"
    probability: 0.820647418499
    xmin: 889
    ymin: 359
    xmax: 919
    ymax: 382
  - 
    Class: "train"
    probability: 0.856181561947
    xmin: 484
    ymin: 526
    xmax: 778
    ymax: 1074
---
header: 
  seq: 2753
  stamp: 
    secs: 1562112934
    nsecs: 972353425
  frame_id: "detection"
image_header: 
  seq: 4681
  stamp: 
    secs: 1562112934
    nsecs: 783892718
  frame_id: "videofile_frame"
bounding_boxes: 
  - 
    Class: "car"
    probability: 0.993121027946
    xmin: 1516
    ymin: 916
    xmax: 1869
    ymax: 1078
  - 
    Class: "car"
    probability: 0.989270448685
    xmin: 889
    ymin: 421
    xmax: 931
    ymax: 459
  - 
    Class: "car"
    probability: 0.988403379917
    xmin: 1393
    ymin: 537
    xmax: 1505
    ymax: 608
  - 
    Class: "car"
    probability: 0.984284460545
    xmin: 1179
    ymin: 451
    xmax: 1250
    ymax: 509
  - 
    Class: "car"
    probability: 0.841469109058
    xmin: 1293
    ymin: 443
    xmax: 1390
    ymax: 527
  - 
    Class: "car"
    probability: 0.960024118423
    xmin: 1466
    ymin: 527
    xmax: 1571
    ymax: 604
  - 
    Class: "car"
    probability: 0.914877772331
    xmin: 1520
    ymin: 497
    xmax: 1610
    ymax: 553
  - 
    Class: "car"
    probability: 0.916615962982
    xmin: 813
    ymin: 385
    xmax: 846
    ymax: 413
  - 
    Class: "car"
    probability: 0.903553128242
    xmin: 757
    ymin: 419
    xmax: 807
    ymax: 458
  - 
    Class: "car"
    probability: 0.873783767223
    xmin: 1236
    ymin: 432
    xmax: 1290
    ymax: 465
  - 
    Class: "train"
    probability: 0.92028439045
    xmin: 485
    ymin: 420
    xmax: 777
    ymax: 1037
---
header: 
  seq: 2754
  stamp: 
    secs: 1562112935
    nsecs:  18616083
  frame_id: "detection"
image_header: 
  seq: 4683
  stamp: 
    secs: 1562112934
    nsecs: 851208202
  frame_id: "videofile_frame"
bounding_boxes: 
  - 
    Class: "car"
    probability: 0.992731153965
    xmin: 1474
    ymin: 872
    xmax: 1786
    ymax: 1063
  - 
    Class: "car"
    probability: 0.89064592123
    xmin: 1306
    ymin: 441
    xmax: 1408
    ymax: 529
  - 
    Class: "car"
    probability: 0.99043905735
    xmin: 1410
    ymin: 544
    xmax: 1525
    ymax: 625
  - 
    Class: "car"
    probability: 0.988853335381
    xmin: 1183
    ymin: 466
    xmax: 1262
    ymax: 522
  - 
    Class: "car"
    probability: 0.985394120216
    xmin: 1239
    ymin: 430
    xmax: 1297
    ymax: 468
  - 
    Class: "car"
    probability: 0.982400417328
    xmin: 885
    ymin: 421
    xmax: 928
    ymax: 458
  - 
    Class: "car"
    probability: 0.814660549164
    xmin: 1801
    ymin: 607
    xmax: 1920
    ymax: 754
  - 
    Class: "car"
    probability: 0.981072247028
    xmin: 1160
    ymin: 430
    xmax: 1215
    ymax: 468
  - 
    Class: "car"
    probability: 0.941751360893
    xmin: 814
    ymin: 386
    xmax: 847
    ymax: 411
  - 
    Class: "car"
    probability: 0.922845244408
    xmin: 915
    ymin: 359
    xmax: 951
    ymax: 384
  - 
    Class: "car"
    probability: 0.921990513802
    xmin: 1497
    ymin: 534
    xmax: 1584
    ymax: 601
  - 
    Class: "car"
    probability: 0.806440234184
    xmin: 1523
    ymin: 492
    xmax: 1634
    ymax: 546
  - 
    Class: "car"
    probability: 0.808034420013
    xmin: 744
    ymin: 404
    xmax: 777
    ymax: 432
  - 
    Class: "train"
    probability: 0.930255711079
    xmin: 489
    ymin: 389
    xmax: 785
    ymax: 1056
---
header: 
  seq: 2755
  stamp: 
    secs: 1562112935
    nsecs:  69937430
  frame_id: "detection"
image_header: 
  seq: 4684
  stamp: 
    secs: 1562112934
    nsecs: 883703308
  frame_id: "videofile_frame"
bounding_boxes: 
  - 
    Class: "car"
    probability: 0.975338697433
    xmin: 1448
    ymin: 837
    xmax: 1735
    ymax: 1047
  - 
    Class: "car"
    probability: 0.993117332458
    xmin: 1185
    ymin: 466
    xmax: 1268
    ymax: 520
  - 
    Class: "car"
    probability: 0.820657968521
    xmin: 1313
    ymin: 444
    xmax: 1411
    ymax: 530
  - 
    Class: "car"
    probability: 0.989184677601
    xmin: 884
    ymin: 417
    xmax: 927
    ymax: 456
  - 
    Class: "car"
    probability: 0.987244904041
    xmin: 1242
    ymin: 429
    xmax: 1299
    ymax: 467
  - 
    Class: "car"
    probability: 0.983193993568
    xmin: 1161
    ymin: 431
    xmax: 1219
    ymax: 466
  - 
    Class: "car"
    probability: 0.964148521423
    xmin: 1416
    ymin: 546
    xmax: 1548
    ymax: 625
  - 
    Class: "car"
    probability: 0.943494737148
    xmin: 754
    ymin: 418
    xmax: 806
    ymax: 456
  - 
    Class: "car"
    probability: 0.888472497463
    xmin: 915
    ymin: 359
    xmax: 950
    ymax: 383
  - 
    Class: "car"
    probability: 0.885853409767
    xmin: 814
    ymin: 385
    xmax: 847
    ymax: 411
  - 
    Class: "car"
    probability: 0.807630419731
    xmin: 1565
    ymin: 517
    xmax: 1649
    ymax: 572
  - 
    Class: "train"
    probability: 0.816502869129
    xmin: 513
    ymin: 400
    xmax: 779
    ymax: 1028
---
header: 
  seq: 2756
  stamp: 
    secs: 1562112935
    nsecs: 124339601
  frame_id: "detection"
image_header: 
  seq: 4686
  stamp: 
    secs: 1562112934
    nsecs: 951164638
  frame_id: "videofile_frame"
bounding_boxes: 
  - 
    Class: "car"
    probability: 0.971661508083
    xmin: 1408
    ymin: 804
    xmax: 1671
    ymax: 996
  - 
    Class: "car"
    probability: 0.969009101391
    xmin: 1322
    ymin: 446
    xmax: 1419
    ymax: 536
  - 
    Class: "car"
    probability: 0.994855880737
    xmin: 1433
    ymin: 559
    xmax: 1562
    ymax: 635
  - 
    Class: "car"
    probability: 0.994873821735
    xmin: 1195
    ymin: 462
    xmax: 1280
    ymax: 526
  - 
    Class: "car"
    probability: 0.98950445652
    xmin: 1172
    ymin: 427
    xmax: 1224
    ymax: 469
  - 
    Class: "car"
    probability: 0.975036203861
    xmin: 1247
    ymin: 432
    xmax: 1307
    ymax: 472
  - 
    Class: "car"
    probability: 0.960114836693
    xmin: 883
    ymin: 416
    xmax: 924
    ymax: 455
  - 
    Class: "car"
    probability: 0.87024217844
    xmin: 1862
    ymin: 632
    xmax: 1916
    ymax: 759
  - 
    Class: "car"
    probability: 0.935215055943
    xmin: 915
    ymin: 357
    xmax: 955
    ymax: 383
  - 
    Class: "car"
    probability: 0.839317917824
    xmin: 804
    ymin: 360
    xmax: 843
    ymax: 400
  - 
    Class: "car"
    probability: 0.877738177776
    xmin: 1519
    ymin: 535
    xmax: 1627
    ymax: 605
---
header: 
  seq: 2757
  stamp: 
    secs: 1562112935
    nsecs: 183471038
  frame_id: "detection"
image_header: 
  seq: 4687
  stamp: 
    secs: 1562112934
    nsecs: 984934752
  frame_id: "videofile_frame"
bounding_boxes: 
  - 
    Class: "car"
    probability: 0.946572482586
    xmin: 1382
    ymin: 782
    xmax: 1634
    ymax: 976
  - 
    Class: "car"
    probability: 0.994625151157
    xmin: 1440
    ymin: 564
    xmax: 1576
    ymax: 642
  - 
    Class: "car"
    probability: 0.995370268822
    xmin: 1176
    ymin: 431
    xmax: 1228
    ymax: 471
  - 
    Class: "car"
    probability: 0.957062542439
    xmin: 1326
    ymin: 449
    xmax: 1422
    ymax: 538
  - 
    Class: "car"
    probability: 0.99401307106
    xmin: 1204
    ymin: 468
    xmax: 1286
    ymax: 528
  - 
    Class: "car"
    probability: 0.979075014591
    xmin: 1252
    ymin: 434
    xmax: 1308
    ymax: 472
  - 
    Class: "car"
    probability: 0.967876672745
    xmin: 882
    ymin: 416
    xmax: 925
    ymax: 453
  - 
    Class: "car"
    probability: 0.920940935612
    xmin: 1519
    ymin: 544
    xmax: 1632
    ymax: 620
  - 
    Class: "car"
    probability: 0.842904388905
    xmin: 1878
    ymin: 625
    xmax: 1918
    ymax: 780
  - 
    Class: "car"
    probability: 0.832808375359
    xmin: 1592
    ymin: 523
    xmax: 1683
    ymax: 577
  - 
    Class: "car"
    probability: 0.823793113232
    xmin: 919
    ymin: 357
    xmax: 957
    ymax: 383
  - 
    Class: "car"
    probability: 0.815317928791
    xmin: 745
    ymin: 400
    xmax: 781
    ymax: 431
---
header: 
  seq: 2758
  stamp: 
    secs: 1562112935
    nsecs: 239611457
  frame_id: "detection"
image_header: 
  seq: 4689
  stamp: 
    secs: 1562112935
    nsecs:  51969826
  frame_id: "videofile_frame"
bounding_boxes: 
  - 
    Class: "car"
    probability: 0.983348608017
    xmin: 1333
    ymin: 451
    xmax: 1444
    ymax: 543
  - 
    Class: "car"
    probability: 0.857346475124
    xmin: 1360
    ymin: 744
    xmax: 1575
    ymax: 915
  - 
    Class: "car"
    probability: 0.990316987038
    xmin: 1463
    ymin: 577
    xmax: 1607
    ymax: 664
  - 
    Class: "car"
    probability: 0.985203742981
    xmin: 879
    ymin: 414
    xmax: 922
    ymax: 451
  - 
    Class: "car"
    probability: 0.986077368259
    xmin: 1182
    ymin: 430
    xmax: 1234
    ymax: 474
  - 
    Class: "car"
    probability: 0.971115112305
    xmin: 1211
    ymin: 463
    xmax: 1292
    ymax: 534
  - 
    Class: "car"
    probability: 0.953578293324
    xmin: 1546
    ymin: 551
    xmax: 1652
    ymax: 626
  - 
    Class: "car"
    probability: 0.903156757355
    xmin: 1258
    ymin: 434
    xmax: 1312
    ymax: 474
  - 
    Class: "car"
    probability: 0.852762699127
    xmin: 745
    ymin: 400
    xmax: 780
    ymax: 432
  - 
    Class: "car"
    probability: 0.847530722618
    xmin: 812
    ymin: 382
    xmax: 844
    ymax: 407
  - 
    Class: "truck"
    probability: 0.805145204067
    xmin: 662
    ymin: 558
    xmax: 789
    ymax: 690
---
header: 
  seq: 2759
  stamp: 
    secs: 1562112935
    nsecs: 287220826
  frame_id: "detection"
image_header: 
  seq: 4691
  stamp: 
    secs: 1562112935
    nsecs: 117138653
  frame_id: "videofile_frame"
bounding_boxes: 
  - 
    Class: "car"
    probability: 0.927816331387
    xmin: 1325
    ymin: 734
    xmax: 1517
    ymax: 875
  - 
    Class: "car"
    probability: 0.989569246769
    xmin: 1487
    ymin: 584
    xmax: 1638
    ymax: 671
  - 
    Class: "car"
    probability: 0.91906774044
    xmin: 1345
    ymin: 451
    xmax: 1456
    ymax: 544
  - 
    Class: "car"
    probability: 0.980151176453
    xmin: 1221
    ymin: 465
    xmax: 1304
    ymax: 534
  - 
    Class: "car"
    probability: 0.973706424236
    xmin: 1189
    ymin: 439
    xmax: 1239
    ymax: 473
  - 
    Class: "car"
    probability: 0.962583065033
    xmin: 879
    ymin: 413
    xmax: 921
    ymax: 449
  - 
    Class: "car"
    probability: 0.936701059341
    xmin: 1274
    ymin: 440
    xmax: 1329
    ymax: 473
  - 
    Class: "car"
    probability: 0.929978609085
    xmin: 1102
    ymin: 397
    xmax: 1140
    ymax: 422
  - 
    Class: "car"
    probability: 0.924062311649
    xmin: 811
    ymin: 383
    xmax: 843
    ymax: 409
  - 
    Class: "car"
    probability: 0.900806128979
    xmin: 1556
    ymin: 556
    xmax: 1679
    ymax: 640
  - 
    Class: "car"
    probability: 0.82959228754
    xmin: 1614
    ymin: 521
    xmax: 1722
    ymax: 598
  - 
    Class: "car"
    probability: 0.863147556782
    xmin: 746
    ymin: 398
    xmax: 783
    ymax: 433
---
header: 
  seq: 2760
  stamp: 
    secs: 1562112935
    nsecs: 344049574
  frame_id: "detection"
image_header: 
  seq: 4692
  stamp: 
    secs: 1562112935
    nsecs: 152235379
  frame_id: "videofile_frame"
bounding_boxes: 
  - 
    Class: "car"
    probability: 0.967507123947
    xmin: 1300
    ymin: 719
    xmax: 1495
    ymax: 851
  - 
    Class: "car"
    probability: 0.995288252831
    xmin: 1497
    ymin: 587
    xmax: 1655
    ymax: 679
  - 
    Class: "car"
    probability: 0.962957680225
    xmin: 1356
    ymin: 455
    xmax: 1458
    ymax: 556
  - 
    Class: "car"
    probability: 0.985382199287
    xmin: 1230
    ymin: 473
    xmax: 1315
    ymax: 536
  - 
    Class: "car"
    probability: 0.976634919643
    xmin: 1581
    ymin: 560
    xmax: 1693
    ymax: 640
  - 
    Class: "car"
    probability: 0.982478320599
    xmin: 1189
    ymin: 438
    xmax: 1252
    ymax: 477
  - 
    Class: "car"
    probability: 0.973285198212
    xmin: 1277
    ymin: 440
    xmax: 1329
    ymax: 474
  - 
    Class: "car"
    probability: 0.949839830399
    xmin: 878
    ymin: 413
    xmax: 921
    ymax: 448
  - 
    Class: "car"
    probability: 0.911315321922
    xmin: 1106
    ymin: 395
    xmax: 1141
    ymax: 420
  - 
    Class: "car"
    probability: 0.866270124912
    xmin: 746
    ymin: 397
    xmax: 784
    ymax: 432
  - 
    Class: "car"
    probability: 0.84624516964
    xmin: 1614
    ymin: 524
    xmax: 1735
    ymax: 599
  - 
    Class: "car"
    probability: 0.817564547062
    xmin: 924
    ymin: 362
    xmax: 956
    ymax: 385
---
header: 
  seq: 2761
  stamp: 
    secs: 1562112935
    nsecs: 391407832
  frame_id: "detection"
image_header: 
  seq: 4694
  stamp: 
    secs: 1562112935
    nsecs: 218674065
  frame_id: "videofile_frame"
bounding_boxes: 
  - 
    Class: "car"
    probability: 0.948588013649
    xmin: 1367
    ymin: 459
    xmax: 1479
    ymax: 558
  - 
    Class: "car"
    probability: 0.993888258934
    xmin: 1519
    ymin: 591
    xmax: 1690
    ymax: 695
  - 
    Class: "car"
    probability: 0.937337636948
    xmin: 1283
    ymin: 693
    xmax: 1458
    ymax: 820
  - 
    Class: "car"
    probability: 0.992675304413
    xmin: 1237
    ymin: 475
    xmax: 1336
    ymax: 543
  - 
    Class: "car"
    probability: 0.992932856083
    xmin: 1197
    ymin: 438
    xmax: 1253
    ymax: 478
  - 
    Class: "car"
    probability: 0.958834350109
    xmin: 1111
    ymin: 398
    xmax: 1148
    ymax: 424
  - 
    Class: "car"
    probability: 0.937029480934
    xmin: 1281
    ymin: 439
    xmax: 1334
    ymax: 474
  - 
    Class: "car"
    probability: 0.877330899239
    xmin: 1649
    ymin: 526
    xmax: 1759
    ymax: 606
  - 
    Class: "car"
    probability: 0.919536232948
    xmin: 873
    ymin: 408
    xmax: 917
    ymax: 442
  - 
    Class: "car"
    probability: 0.895357251167
    xmin: 1608
    ymin: 564
    xmax: 1742
    ymax: 636
  - 
    Class: "car"
    probability: 0.81328612566
    xmin: 801
    ymin: 362
    xmax: 838
    ymax: 399
  - 
    Class: "car"
    probability: 0.865377664566
    xmin: 925
    ymin: 363
    xmax: 958
    ymax: 387
---
header: 
  seq: 2762
  stamp: 
    secs: 1562112935
    nsecs: 452778592
  frame_id: "detection"
image_header: 
  seq: 4695
  stamp: 
    secs: 1562112935
    nsecs: 253507046
  frame_id: "videofile_frame"
bounding_boxes: 
  - 
    Class: "car"
    probability: 0.959686517715
    xmin: 1371
    ymin: 458
    xmax: 1491
    ymax: 561
  - 
    Class: "car"
    probability: 0.951904594898
    xmin: 1272
    ymin: 678
    xmax: 1432
    ymax: 822
  - 
    Class: "car"
    probability: 0.985041379929
    xmin: 1539
    ymin: 611
    xmax: 1702
    ymax: 708
  - 
    Class: "car"
    probability: 0.992827475071
    xmin: 1197
    ymin: 441
    xmax: 1260
    ymax: 480
  - 
    Class: "car"
    probability: 0.98704212904
    xmin: 1241
    ymin: 474
    xmax: 1335
    ymax: 551
  - 
    Class: "car"
    probability: 0.930979371071
    xmin: 1642
    ymin: 523
    xmax: 1776
    ymax: 606
  - 
    Class: "car"
    probability: 0.96321696043
    xmin: 1112
    ymin: 399
    xmax: 1150
    ymax: 426
  - 
    Class: "car"
    probability: 0.933730840683
    xmin: 1611
    ymin: 582
    xmax: 1738
    ymax: 654
  - 
    Class: "car"
    probability: 0.875207185745
    xmin: 803
    ymin: 367
    xmax: 837
    ymax: 400
  - 
    Class: "car"
    probability: 0.884547889233
    xmin: 873
    ymin: 406
    xmax: 916
    ymax: 442
  - 
    Class: "car"
    probability: 0.807330608368
    xmin: 925
    ymin: 362
    xmax: 958
    ymax: 386
---
header: 
  seq: 2763
  stamp: 
    secs: 1562112935
    nsecs: 507616568
  frame_id: "detection"
image_header: 
  seq: 4697
  stamp: 
    secs: 1562112935
    nsecs: 318515899
  frame_id: "videofile_frame"
bounding_boxes: 
  - 
    Class: "car"
    probability: 0.985384166241
    xmin: 1383
    ymin: 463
    xmax: 1503
    ymax: 561
  - 
    Class: "car"
    probability: 0.993409752846
    xmin: 1239
    ymin: 479
    xmax: 1355
    ymax: 547
  - 
    Class: "car"
    probability: 0.86270648241
    xmin: 1246
    ymin: 660
    xmax: 1401
    ymax: 798
  - 
    Class: "car"
    probability: 0.980628788471
    xmin: 1210
    ymin: 443
    xmax: 1265
    ymax: 480
  - 
    Class: "car"
    probability: 0.968934297562
    xmin: 1563
    ymin: 620
    xmax: 1744
    ymax: 712
  - 
    Class: "car"
    probability: 0.882482767105
    xmin: 803
    ymin: 365
    xmax: 838
    ymax: 400
  - 
    Class: "car"
    probability: 0.917165398598
    xmin: 743
    ymin: 396
    xmax: 786
    ymax: 429
  - 
    Class: "car"
    probability: 0.925928354263
    xmin: 1292
    ymin: 440
    xmax: 1351
    ymax: 479
  - 
    Class: "car"
    probability: 0.902626156807
    xmin: 1116
    ymin: 398
    xmax: 1152
    ymax: 425
  - 
    Class: "car"
    probability: 0.862932145596
    xmin: 1641
    ymin: 590
    xmax: 1771
    ymax: 671
  - 
    Class: "car"
    probability: 0.800693809986
    xmin: 874
    ymin: 408
    xmax: 913
    ymax: 440
---
header: 
  seq: 2764
  stamp: 
    secs: 1562112935
    nsecs: 553670141
  frame_id: "detection"
image_header: 
  seq: 4699
  stamp: 
    secs: 1562112935
    nsecs: 383987397
  frame_id: "videofile_frame"
bounding_boxes: 
  - 
    Class: "car"
    probability: 0.954548299313
    xmin: 1391
    ymin: 468
    xmax: 1522
    ymax: 567
  - 
    Class: "car"
    probability: 0.921479463577
    xmin: 1220
    ymin: 639
    xmax: 1377
    ymax: 761
  - 
    Class: "car"
    probability: 0.985389888287
    xmin: 1262
    ymin: 486
    xmax: 1359
    ymax: 545
  - 
    Class: "car"
    probability: 0.960856735706
    xmin: 1589
    ymin: 627
    xmax: 1786
    ymax: 728
  - 
    Class: "car"
    probability: 0.957070112228
    xmin: 1217
    ymin: 441
    xmax: 1272
    ymax: 480
  - 
    Class: "car"
    probability: 0.930592179298
    xmin: 747
    ymin: 394
    xmax: 789
    ymax: 429
  - 
    Class: "car"
    probability: 0.921473145485
    xmin: 1649
    ymin: 597
    xmax: 1803
    ymax: 677
  - 
    Class: "car"
    probability: 0.923258185387
    xmin: 872
    ymin: 407
    xmax: 912
    ymax: 437
  - 
    Class: "car"
    probability: 0.913806140423
    xmin: 804
    ymin: 370
    xmax: 835
    ymax: 396
  - 
    Class: "car"
    probability: 0.886768102646
    xmin: 923
    ymin: 362
    xmax: 960
    ymax: 386
  - 
    Class: "car"
    probability: 0.843572378159
    xmin: 1727
    ymin: 560
    xmax: 1843
    ymax: 634
  - 
    Class: "car"
    probability: 0.836567938328
    xmin: 1120
    ymin: 402
    xmax: 1156
    ymax: 427
---
header: 
  seq: 2765
  stamp: 
    secs: 1562112935
    nsecs: 607340132
  frame_id: "detection"
image_header: 
  seq: 4700
  stamp: 
    secs: 1562112935
    nsecs: 417927095
  frame_id: "videofile_frame"
bounding_boxes: 
  - 
    Class: "car"
    probability: 0.972780168056
    xmin: 1401
    ymin: 468
    xmax: 1538
    ymax: 567
  - 
    Class: "car"
    probability: 0.986890256405
    xmin: 1266
    ymin: 488
    xmax: 1368
    ymax: 555
  - 
    Class: "car"
    probability: 0.980650067329
    xmin: 1616
    ymin: 645
    xmax: 1802
    ymax: 749
  - 
    Class: "car"
    probability: 0.967711985111
    xmin: 1218
    ymin: 450
    xmax: 1285
    ymax: 490
  - 
    Class: "car"
    probability: 0.936839461327
    xmin: 1678
    ymin: 598
    xmax: 1820
    ymax: 678
  - 
    Class: "car"
    probability: 0.929591655731
    xmin: 871
    ymin: 407
    xmax: 912
    ymax: 436
  - 
    Class: "car"
    probability: 0.925397455692
    xmin: 1305
    ymin: 450
    xmax: 1369
    ymax: 491
  - 
    Class: "car"
    probability: 0.860144138336
    xmin: 745
    ymin: 391
    xmax: 788
    ymax: 428
  - 
    Class: "car"
    probability: 0.868788063526
    xmin: 805
    ymin: 369
    xmax: 834
    ymax: 396
  - 
    Class: "car"
    probability: 0.826578021049
    xmin: 1123
    ymin: 400
    xmax: 1158
    ymax: 427
  - 
    Class: "car"
    probability: 0.817039132118
    xmin: 925
    ymin: 363
    xmax: 960
    ymax: 387
---
header: 
  seq: 2766
  stamp: 
    secs: 1562112935
    nsecs: 664843663
  frame_id: "detection"
image_header: 
  seq: 4702
  stamp: 
    secs: 1562112935
    nsecs: 484081458
  frame_id: "videofile_frame"
bounding_boxes: 
  - 
    Class: "car"
    probability: 0.952897787094
    xmin: 1410
    ymin: 470
    xmax: 1553
    ymax: 580
  - 
    Class: "car"
    probability: 0.99081414938
    xmin: 1646
    ymin: 653
    xmax: 1854
    ymax: 767
  - 
    Class: "car"
    probability: 0.979858517647
    xmin: 1282
    ymin: 491
    xmax: 1385
    ymax: 562
  - 
    Class: "car"
    probability: 0.927995860577
    xmin: 1196
    ymin: 617
    xmax: 1334
    ymax: 728
  - 
    Class: "car"
    probability: 0.924970924854
    xmin: 1705
    ymin: 599
    xmax: 1864
    ymax: 676
  - 
    Class: "car"
    probability: 0.897386789322
    xmin: 743
    ymin: 391
    xmax: 782
    ymax: 425
  - 
    Class: "car"
    probability: 0.885712563992
    xmin: 1311
    ymin: 449
    xmax: 1379
    ymax: 496
  - 
    Class: "car"
    probability: 0.820443809032
    xmin: 1750
    ymin: 553
    xmax: 1887
    ymax: 640
  - 
    Class: "car"
    probability: 0.867238879204
    xmin: 1228
    ymin: 448
    xmax: 1288
    ymax: 492
  - 
    Class: "car"
    probability: 0.829991936684
    xmin: 925
    ymin: 362
    xmax: 965
    ymax: 388
  - 
    Class: "car"
    probability: 0.834032356739
    xmin: 1129
    ymin: 401
    xmax: 1167
    ymax: 429
  - 
    Class: "car"
    probability: 0.808578431606
    xmin: 870
    ymin: 407
    xmax: 909
    ymax: 434
---
header: 
  seq: 2767
  stamp: 
    secs: 1562112935
    nsecs: 713727647
  frame_id: "detection"
image_header: 
  seq: 4703
  stamp: 
    secs: 1562112935
    nsecs: 518742328
  frame_id: "videofile_frame"
bounding_boxes: 
  - 
    Class: "car"
    probability: 0.937339425087
    xmin: 1417
    ymin: 471
    xmax: 1559
    ymax: 585
  - 
    Class: "car"
    probability: 0.993561089039
    xmin: 1229
    ymin: 449
    xmax: 1295
    ymax: 497
  - 
    Class: "car"
    probability: 0.989054501057
    xmin: 1289
    ymin: 502
    xmax: 1386
    ymax: 558
  - 
    Class: "car"
    probability: 0.976363062859
    xmin: 1659
    ymin: 662
    xmax: 1864
    ymax: 770
  - 
    Class: "car"
    probability: 0.969948709011
    xmin: 1192
    ymin: 608
    xmax: 1323
    ymax: 715
  - 
    Class: "car"
    probability: 0.965437054634
    xmin: 1316
    ymin: 451
    xmax: 1390
    ymax: 492
  - 
    Class: "car"
    probability: 0.918107509613
    xmin: 742
    ymin: 389
    xmax: 783
    ymax: 422
  - 
    Class: "car"
    probability: 0.8624522686
    xmin: 1750
    ymin: 559
    xmax: 1903
    ymax: 634
  - 
    Class: "car"
    probability: 0.809319257736
    xmin: 1134
    ymin: 403
    xmax: 1170
    ymax: 429
  - 
    Class: "car"
    probability: 0.820665955544
    xmin: 1714
    ymin: 629
    xmax: 1883
    ymax: 699
---
header: 
  seq: 2768
  stamp: 
    secs: 1562112935
    nsecs: 755523637
  frame_id: "detection"
image_header: 
  seq: 4705
  stamp: 
    secs: 1562112935
    nsecs: 585043502
  frame_id: "videofile_frame"
bounding_boxes: 
  - 
    Class: "car"
    probability: 0.898162961006
    xmin: 1431
    ymin: 474
    xmax: 1584
    ymax: 587
  - 
    Class: "car"
    probability: 0.99272018671
    xmin: 1301
    ymin: 498
    xmax: 1401
    ymax: 566
  - 
    Class: "car"
    probability: 0.982819318771
    xmin: 1172
    ymin: 595
    xmax: 1296
    ymax: 695
  - 
    Class: "car"
    probability: 0.971692144871
    xmin: 1715
    ymin: 677
    xmax: 1916
    ymax: 805
  - 
    Class: "car"
    probability: 0.961119711399
    xmin: 744
    ymin: 392
    xmax: 788
    ymax: 425
  - 
    Class: "car"
    probability: 0.964105725288
    xmin: 1237
    ymin: 450
    xmax: 1303
    ymax: 497
  - 
    Class: "car"
    probability: 0.959986746311
    xmin: 1319
    ymin: 452
    xmax: 1401
    ymax: 494
  - 
    Class: "car"
    probability: 0.890162587166
    xmin: 1747
    ymin: 622
    xmax: 1916
    ymax: 720
  - 
    Class: "car"
    probability: 0.90299642086
    xmin: 807
    ymin: 370
    xmax: 836
    ymax: 394
  - 
    Class: "car"
    probability: 0.874991416931
    xmin: 1140
    ymin: 402
    xmax: 1175
    ymax: 431
  - 
    Class: "car"
    probability: 0.825430929661
    xmin: 870
    ymin: 402
    xmax: 907
    ymax: 429
  - 
    Class: "truck"
    probability: 0.878424108028
    xmin: 649
    ymin: 524
    xmax: 806
    ymax: 721
---
header: 
  seq: 2769
  stamp: 
    secs: 1562112935
    nsecs: 805187928
  frame_id: "detection"
image_header: 
  seq: 4706
  stamp: 
    secs: 1562112935
    nsecs: 619906337
  frame_id: "videofile_frame"
bounding_boxes: 
  - 
    Class: "car"
    probability: 0.92770332098
    xmin: 1442
    ymin: 475
    xmax: 1592
    ymax: 595
  - 
    Class: "car"
    probability: 0.993431985378
    xmin: 1313
    ymin: 497
    xmax: 1405
    ymax: 572
  - 
    Class: "car"
    probability: 0.990106940269
    xmin: 1729
    ymin: 683
    xmax: 1916
    ymax: 817
  - 
    Class: "car"
    probability: 0.987194120884
    xmin: 1246
    ymin: 452
    xmax: 1302
    ymax: 498
  - 
    Class: "car"
    probability: 0.946132838726
    xmin: 1166
    ymin: 593
    xmax: 1284
    ymax: 686
  - 
    Class: "car"
    probability: 0.936367690563
    xmin: 745
    ymin: 392
    xmax: 786
    ymax: 425
  - 
    Class: "car"
    probability: 0.945000708103
    xmin: 1140
    ymin: 405
    xmax: 1179
    ymax: 432
  - 
    Class: "car"
    probability: 0.889381051064
    xmin: 1765
    ymin: 622
    xmax: 1917
    ymax: 711
  - 
    Class: "car"
    probability: 0.875415146351
    xmin: 807
    ymin: 369
    xmax: 836
    ymax: 393
  - 
    Class: "car"
    probability: 0.870955526829
    xmin: 1323
    ymin: 452
    xmax: 1399
    ymax: 494
  - 
    Class: "truck"
    probability: 0.917200982571
    xmin: 660
    ymin: 488
    xmax: 807
    ymax: 717
---
header: 
  seq: 2770
  stamp: 
    secs: 1562112935
    nsecs: 853784679
  frame_id: "detection"
image_header: 
  seq: 4708
  stamp: 
    secs: 1562112935
    nsecs: 684318353
  frame_id: "videofile_frame"
bounding_boxes: 
  - 
    Class: "car"
    probability: 0.966039836407
    xmin: 1461
    ymin: 483
    xmax: 1620
    ymax: 604
  - 
    Class: "car"
    probability: 0.985888183117
    xmin: 1251
    ymin: 453
    xmax: 1313
    ymax: 499
  - 
    Class: "car"
    probability: 0.977115273476
    xmin: 1340
    ymin: 457
    xmax: 1408
    ymax: 501
  - 
    Class: "car"
    probability: 0.974229693413
    xmin: 1324
    ymin: 506
    xmax: 1420
    ymax: 584
  - 
    Class: "car"
    probability: 0.966498970985
    xmin: 1146
    ymin: 405
    xmax: 1182
    ymax: 435
  - 
    Class: "car"
    probability: 0.931169033051
    xmin: 1779
    ymin: 694
    xmax: 1919
    ymax: 854
  - 
    Class: "car"
    probability: 0.901068687439
    xmin: 745
    ymin: 390
    xmax: 784
    ymax: 420
  - 
    Class: "car"
    probability: 0.872930407524
    xmin: 863
    ymin: 400
    xmax: 902
    ymax: 429
  - 
    Class: "car"
    probability: 0.858520030975
    xmin: 1152
    ymin: 582
    xmax: 1265
    ymax: 675
  - 
    Class: "car"
    probability: 0.849097132683
    xmin: 1812
    ymin: 631
    xmax: 1920
    ymax: 720
  - 
    Class: "truck"
    probability: 0.881989181042
    xmin: 421
    ymin: 937
    xmax: 716
    ymax: 1080
---
header: 
  seq: 2771
  stamp: 
    secs: 1562112935
    nsecs: 906918422
  frame_id: "detection"
image_header: 
  seq: 4710
  stamp: 
    secs: 1562112935
    nsecs: 751165094
  frame_id: "videofile_frame"
bounding_boxes: 
  - 
    Class: "car"
    probability: 0.984108507633
    xmin: 919
    ymin: 904
    xmax: 1114
    ymax: 1076
  - 
    Class: "car"
    probability: 0.993293583393
    xmin: 1336
    ymin: 511
    xmax: 1444
    ymax: 587
  - 
    Class: "car"
    probability: 0.989121437073
    xmin: 1346
    ymin: 458
    xmax: 1422
    ymax: 503
  - 
    Class: "car"
    probability: 0.979721426964
    xmin: 1256
    ymin: 457
    xmax: 1322
    ymax: 501
  - 
    Class: "car"
    probability: 0.95111399889
    xmin: 1140
    ymin: 562
    xmax: 1243
    ymax: 655
  - 
    Class: "car"
    probability: 0.919063806534
    xmin: 861
    ymin: 395
    xmax: 901
    ymax: 428
  - 
    Class: "car"
    probability: 0.904730618
    xmin: 743
    ymin: 388
    xmax: 784
    ymax: 419
  - 
    Class: "car"
    probability: 0.856532037258
    xmin: 1153
    ymin: 407
    xmax: 1187
    ymax: 435
  - 
    Class: "car"
    probability: 0.824001789093
    xmin: 1808
    ymin: 685
    xmax: 1917
    ymax: 912
  - 
    Class: "truck"
    probability: 0.905010461807
    xmin: 431
    ymin: 890
    xmax: 728
    ymax: 1080
  - 
    Class: "truck"
    probability: 0.801034867764
    xmin: 664
    ymin: 483
    xmax: 803
    ymax: 704
---
header: 
  seq: 2772
  stamp: 
    secs: 1562112935
    nsecs: 958002306
  frame_id: "detection"
image_header: 
  seq: 4711
  stamp: 
    secs: 1562112935
    nsecs: 784505510
  frame_id: "videofile_frame"
bounding_boxes: 
  - 
    Class: "car"
    probability: 0.97521597147
    xmin: 910
    ymin: 870
    xmax: 1110
    ymax: 1075
  - 
    Class: "car"
    probability: 0.877284526825
    xmin: 1484
    ymin: 489
    xmax: 1644
    ymax: 610
  - 
    Class: "car"
    probability: 0.992089807987
    xmin: 1350
    ymin: 458
    xmax: 1428
    ymax: 502
  - 
    Class: "car"
    probability: 0.988571822643
    xmin: 1347
    ymin: 509
    xmax: 1450
    ymax: 591
  - 
    Class: "car"
    probability: 0.970403134823
    xmin: 1259
    ymin: 459
    xmax: 1329
    ymax: 500
  - 
    Class: "car"
    probability: 0.960037052631
    xmin: 742
    ymin: 388
    xmax: 789
    ymax: 421
  - 
    Class: "car"
    probability: 0.947586834431
    xmin: 1137
    ymin: 566
    xmax: 1233
    ymax: 648
  - 
    Class: "car"
    probability: 0.895546138287
    xmin: 861
    ymin: 395
    xmax: 901
    ymax: 427
  - 
    Class: "truck"
    probability: 0.84478610754
    xmin: 458
    ymin: 872
    xmax: 737
    ymax: 1077
---
header: 
  seq: 2773
  stamp: 
    secs: 1562112936
    nsecs:   5208174
  frame_id: "detection"
image_header: 
  seq: 4713
  stamp: 
    secs: 1562112935
    nsecs: 850713548
  frame_id: "videofile_frame"
bounding_boxes: 
  - 
    Class: "car"
    probability: 0.992172837257
    xmin: 1357
    ymin: 518
    xmax: 1471
    ymax: 597
  - 
    Class: "car"
    probability: 0.990486085415
    xmin: 1270
    ymin: 463
    xmax: 1335
    ymax: 506
  - 
    Class: "car"
    probability: 0.980888068676
    xmin: 1360
    ymin: 458
    xmax: 1436
    ymax: 504
  - 
    Class: "car"
    probability: 0.926694214344
    xmin: 1124
    ymin: 555
    xmax: 1220
    ymax: 636
  - 
    Class: "car"
    probability: 0.895015835762
    xmin: 745
    ymin: 388
    xmax: 785
    ymax: 419
  - 
    Class: "car"
    probability: 0.887584865093
    xmin: 857
    ymin: 392
    xmax: 899
    ymax: 423
  - 
    Class: "truck"
    probability: 0.908544480801
    xmin: 1275
    ymin: 888
    xmax: 1632
    ymax: 1080
---
header: 
  seq: 2774
  stamp: 
    secs: 1562112936
    nsecs:  70191007
  frame_id: "detection"
image_header: 
  seq: 4714
  stamp: 
    secs: 1562112935
    nsecs: 884683369
  frame_id: "videofile_frame"
bounding_boxes: 
  - 
    Class: "car"
    probability: 0.987646639347
    xmin: 1366
    ymin: 517
    xmax: 1484
    ymax: 601
  - 
    Class: "car"
    probability: 0.985086739063
    xmin: 1278
    ymin: 464
    xmax: 1338
    ymax: 505
  - 
    Class: "car"
    probability: 0.982171297073
    xmin: 1370
    ymin: 465
    xmax: 1444
    ymax: 510
  - 
    Class: "car"
    probability: 0.902641892433
    xmin: 746
    ymin: 386
    xmax: 782
    ymax: 418
  - 
    Class: "car"
    probability: 0.826241970062
    xmin: 858
    ymin: 393
    xmax: 898
    ymax: 424
  - 
    Class: "truck"
    probability: 0.887142419815
    xmin: 487
    ymin: 813
    xmax: 742
    ymax: 1080
  - 
    Class: "truck"
    probability: 0.944323837757
    xmin: 1249
    ymin: 851
    xmax: 1669
    ymax: 1080
---
header: 
  seq: 2775
  stamp: 
    secs: 1562112936
    nsecs: 121671068
  frame_id: "detection"
image_header: 
  seq: 4716
  stamp: 
    secs: 1562112935
    nsecs: 950379098
  frame_id: "videofile_frame"
bounding_boxes: 
  - 
    Class: "car"
    probability: 0.994810044765
    xmin: 1381
    ymin: 527
    xmax: 1505
    ymax: 613
  - 
    Class: "car"
    probability: 0.988515436649
    xmin: 1288
    ymin: 463
    xmax: 1350
    ymax: 510
  - 
    Class: "car"
    probability: 0.991520345211
    xmin: 1375
    ymin: 472
    xmax: 1458
    ymax: 518
  - 
    Class: "car"
    probability: 0.970423400402
    xmin: 854
    ymin: 389
    xmax: 894
    ymax: 421
  - 
    Class: "car"
    probability: 0.947996914387
    xmin: 903
    ymin: 791
    xmax: 1060
    ymax: 994
  - 
    Class: "car"
    probability: 0.953461408615
    xmin: 746
    ymin: 386
    xmax: 785
    ymax: 419
  - 
    Class: "car"
    probability: 0.923151135445
    xmin: 1107
    ymin: 542
    xmax: 1198
    ymax: 619
  - 
    Class: "car"
    probability: 0.808105528355
    xmin: 1162
    ymin: 406
    xmax: 1209
    ymax: 443
  - 
    Class: "car"
    probability: 0.800727725029
    xmin: 920
    ymin: 361
    xmax: 957
    ymax: 389
  - 
    Class: "bus"
    probability: 0.929165124893
    xmin: 518
    ymin: 769
    xmax: 748
    ymax: 1080
  - 
    Class: "truck"
    probability: 0.871014475822
    xmin: 1195
    ymin: 807
    xmax: 1639
    ymax: 1077
---
header: 
  seq: 2776
  stamp: 
    secs: 1562112936
    nsecs: 173855605
  frame_id: "detection"
image_header: 
  seq: 4717
  stamp: 
    secs: 1562112935
    nsecs: 984521323
  frame_id: "videofile_frame"
bounding_boxes: 
  - 
    Class: "car"
    probability: 0.996448040009
    xmin: 1387
    ymin: 527
    xmax: 1515
    ymax: 616
  - 
    Class: "car"
    probability: 0.995483994484
    xmin: 1381
    ymin: 468
    xmax: 1465
    ymax: 519
  - 
    Class: "car"
    probability: 0.978549182415
    xmin: 1293
    ymin: 467
    xmax: 1356
    ymax: 511
  - 
    Class: "car"
    probability: 0.949455082417
    xmin: 743
    ymin: 385
    xmax: 787
    ymax: 419
  - 
    Class: "car"
    probability: 0.94527053833
    xmin: 855
    ymin: 387
    xmax: 894
    ymax: 420
---
header: 
  seq: 2777
  stamp: 
    secs: 1562112936
    nsecs: 221938309
  frame_id: "detection"
image_header: 
  seq: 4719
  stamp: 
    secs: 1562112936
    nsecs:  51276374
  frame_id: "videofile_frame"
bounding_boxes: 
  - 
    Class: "car"
    probability: 0.994134426117
    xmin: 1409
    ymin: 538
    xmax: 1539
    ymax: 633
  - 
    Class: "car"
    probability: 0.985530614853
    xmin: 1395
    ymin: 466
    xmax: 1475
    ymax: 518
  - 
    Class: "car"
    probability: 0.974924683571
    xmin: 744
    ymin: 385
    xmax: 782
    ymax: 416
  - 
    Class: "car"
    probability: 0.960972964764
    xmin: 1295
    ymin: 469
    xmax: 1366
    ymax: 520
  - 
    Class: "car"
    probability: 0.926486551762
    xmin: 854
    ymin: 385
    xmax: 892
    ymax: 419
  - 
    Class: "car"
    probability: 0.876990914345
    xmin: 1176
    ymin: 417
    xmax: 1216
    ymax: 445
  - 
    Class: "car"
    probability: 0.805327892303
    xmin: 791
    ymin: 357
    xmax: 818
    ymax: 381
---
header: 
  seq: 2778
  stamp: 
    secs: 1562112936
    nsecs: 279466357
  frame_id: "detection"
image_header: 
  seq: 4720
  stamp: 
    secs: 1562112936
    nsecs:  85906474
  frame_id: "videofile_frame"
bounding_boxes: 
  - 
    Class: "car"
    probability: 0.996575057507
    xmin: 1413
    ymin: 540
    xmax: 1556
    ymax: 636
  - 
    Class: "car"
    probability: 0.989458441734
    xmin: 1397
    ymin: 470
    xmax: 1489
    ymax: 528
  - 
    Class: "car"
    probability: 0.987379431725
    xmin: 1299
    ymin: 472
    xmax: 1370
    ymax: 522
  - 
    Class: "car"
    probability: 0.966951847076
    xmin: 741
    ymin: 384
    xmax: 783
    ymax: 417
  - 
    Class: "car"
    probability: 0.914315879345
    xmin: 852
    ymin: 388
    xmax: 893
    ymax: 421
  - 
    Class: "car"
    probability: 0.818179249763
    xmin: 1085
    ymin: 535
    xmax: 1174
    ymax: 598
  - 
    Class: "car"
    probability: 0.822118103504
    xmin: 901
    ymin: 738
    xmax: 1029
    ymax: 888
  - 
    Class: "car"
    probability: 0.800056517124
    xmin: 789
    ymin: 352
    xmax: 820
    ymax: 380
  - 
    Class: "car"
    probability: 0.816424071789
    xmin: 957
    ymin: 365
    xmax: 997
    ymax: 390
---
header: 
  seq: 2779
  stamp: 
    secs: 1562112936
    nsecs: 335142810
  frame_id: "detection"
image_header: 
  seq: 4722
  stamp: 
    secs: 1562112936
    nsecs: 151186172
  frame_id: "videofile_frame"
bounding_boxes: 
  - 
    Class: "car"
    probability: 0.992405116558
    xmin: 1433
    ymin: 544
    xmax: 1582
    ymax: 644
  - 
    Class: "car"
    probability: 0.990078449249
    xmin: 1310
    ymin: 473
    xmax: 1380
    ymax: 523
  - 
    Class: "car"
    probability: 0.949627995491
    xmin: 1406
    ymin: 473
    xmax: 1496
    ymax: 526
  - 
    Class: "car"
    probability: 0.923599779606
    xmin: 853
    ymin: 387
    xmax: 889
    ymax: 417
  - 
    Class: "car"
    probability: 0.897006988525
    xmin: 1187
    ymin: 419
    xmax: 1231
    ymax: 446
---
header: 
  seq: 2780
  stamp: 
    secs: 1562112936
    nsecs: 376383991
  frame_id: "detection"
image_header: 
  seq: 4724
  stamp: 
    secs: 1562112936
    nsecs: 217205193
  frame_id: "videofile_frame"
bounding_boxes: 
  - 
    Class: "car"
    probability: 0.990041613579
    xmin: 1452
    ymin: 550
    xmax: 1611
    ymax: 657
  - 
    Class: "car"
    probability: 0.979977071285
    xmin: 1421
    ymin: 475
    xmax: 1523
    ymax: 534
  - 
    Class: "car"
    probability: 0.954164922237
    xmin: 850
    ymin: 384
    xmax: 885
    ymax: 414
  - 
    Class: "car"
    probability: 0.929135739803
    xmin: 748
    ymin: 383
    xmax: 784
    ymax: 417
  - 
    Class: "car"
    probability: 0.952451825142
    xmin: 1326
    ymin: 479
    xmax: 1393
    ymax: 531
  - 
    Class: "car"
    probability: 0.927354633808
    xmin: 1191
    ymin: 422
    xmax: 1237
    ymax: 447
  - 
    Class: "truck"
    probability: 0.834853589535
    xmin: 587
    ymin: 682
    xmax: 757
    ymax: 939
  - 
    Class: "truck"
    probability: 0.827262699604
    xmin: 1123
    ymin: 671
    xmax: 1488
    ymax: 1080
---
header: 
  seq: 2781
  stamp: 
    secs: 1562112936
    nsecs: 438557333
  frame_id: "detection"
image_header: 
  seq: 4725
  stamp: 
    secs: 1562112936
    nsecs: 251870208
  frame_id: "videofile_frame"
bounding_boxes: 
  - 
    Class: "car"
    probability: 0.953598916531
    xmin: 1467
    ymin: 551
    xmax: 1623
    ymax: 665
  - 
    Class: "car"
    probability: 0.93590348959
    xmin: 747
    ymin: 382
    xmax: 782
    ymax: 415
  - 
    Class: "car"
    probability: 0.946373641491
    xmin: 1422
    ymin: 473
    xmax: 1527
    ymax: 538
  - 
    Class: "car"
    probability: 0.932779788971
    xmin: 851
    ymin: 384
    xmax: 885
    ymax: 415
  - 
    Class: "car"
    probability: 0.909105718136
    xmin: 1323
    ymin: 474
    xmax: 1405
    ymax: 536
  - 
    Class: "car"
    probability: 0.832185328007
    xmin: 789
    ymin: 358
    xmax: 813
    ymax: 381
  - 
    Class: "truck"
    probability: 0.973492562771
    xmin: 1089
    ymin: 624
    xmax: 1476
    ymax: 1080
---
header: 
  seq: 2782
  stamp: 
    secs: 1562112936
    nsecs: 483959465
  frame_id: "detection"
image_header: 
  seq: 4727
  stamp: 
    secs: 1562112936
    nsecs: 317563478
  frame_id: "videofile_frame"
bounding_boxes: 
  - 
    Class: "car"
    probability: 0.982831180096
    xmin: 1493
    ymin: 566
    xmax: 1654
    ymax: 678
  - 
    Class: "car"
    probability: 0.992273688316
    xmin: 1328
    ymin: 477
    xmax: 1416
    ymax: 538
  - 
    Class: "car"
    probability: 0.982959747314
    xmin: 1441
    ymin: 484
    xmax: 1541
    ymax: 539
  - 
    Class: "car"
    probability: 0.954742729664
    xmin: 848
    ymin: 383
    xmax: 883
    ymax: 415
  - 
    Class: "car"
    probability: 0.927685678005
    xmin: 743
    ymin: 383
    xmax: 780
    ymax: 413
  - 
    Class: "car"
    probability: 0.932275354862
    xmin: 1199
    ymin: 421
    xmax: 1244
    ymax: 454
  - 
    Class: "car"
    probability: 0.908543765545
    xmin: 788
    ymin: 357
    xmax: 815
    ymax: 380
  - 
    Class: "truck"
    probability: 0.968519985676
    xmin: 1085
    ymin: 640
    xmax: 1409
    ymax: 1058
---
header: 
  seq: 2783
  stamp: 
    secs: 1562112936
    nsecs: 535259211
  frame_id: "detection"
image_header: 
  seq: 4728
  stamp: 
    secs: 1562112936
    nsecs: 351771816
  frame_id: "videofile_frame"
bounding_boxes: 
  - 
    Class: "car"
    probability: 0.984167873859
    xmin: 1498
    ymin: 564
    xmax: 1667
    ymax: 686
  - 
    Class: "car"
    probability: 0.994518220425
    xmin: 1449
    ymin: 485
    xmax: 1552
    ymax: 541
  - 
    Class: "car"
    probability: 0.988752186298
    xmin: 1340
    ymin: 484
    xmax: 1420
    ymax: 539
  - 
    Class: "car"
    probability: 0.969693958759
    xmin: 849
    ymin: 382
    xmax: 883
    ymax: 414
  - 
    Class: "car"
    probability: 0.970678031445
    xmin: 1203
    ymin: 422
    xmax: 1247
    ymax: 454
  - 
    Class: "car"
    probability: 0.896738946438
    xmin: 790
    ymin: 359
    xmax: 815
    ymax: 381
  - 
    Class: "car"
    probability: 0.874675512314
    xmin: 741
    ymin: 381
    xmax: 777
    ymax: 412
  - 
    Class: "truck"
    probability: 0.985620260239
    xmin: 1082
    ymin: 605
    xmax: 1399
    ymax: 1008
---
header: 
  seq: 2784
  stamp: 
    secs: 1562112936
    nsecs: 583956296
  frame_id: "detection"
image_header: 
  seq: 4730
  stamp: 
    secs: 1562112936
    nsecs: 417737636
  frame_id: "videofile_frame"
bounding_boxes: 
  - 
    Class: "car"
    probability: 0.980000317097
    xmin: 1529
    ymin: 579
    xmax: 1707
    ymax: 701
  - 
    Class: "car"
    probability: 0.990086257458
    xmin: 1350
    ymin: 485
    xmax: 1436
    ymax: 543
  - 
    Class: "car"
    probability: 0.968850016594
    xmin: 1207
    ymin: 425
    xmax: 1254
    ymax: 459
  - 
    Class: "car"
    probability: 0.957033097744
    xmin: 1461
    ymin: 485
    xmax: 1572
    ymax: 545
  - 
    Class: "car"
    probability: 0.921639621258
    xmin: 847
    ymin: 383
    xmax: 881
    ymax: 411
  - 
    Class: "car"
    probability: 0.852627396584
    xmin: 740
    ymin: 380
    xmax: 775
    ymax: 414
  - 
    Class: "car"
    probability: 0.814448356628
    xmin: 792
    ymin: 361
    xmax: 815
    ymax: 384
  - 
    Class: "truck"
    probability: 0.988971471786
    xmin: 1059
    ymin: 600
    xmax: 1360
    ymax: 951
---
header: 
  seq: 2785
  stamp: 
    secs: 1562112936
    nsecs: 635301019
  frame_id: "detection"
image_header: 
  seq: 4731
  stamp: 
    secs: 1562112936
    nsecs: 450459242
  frame_id: "videofile_frame"
bounding_boxes: 
  - 
    Class: "car"
    probability: 0.978314995766
    xmin: 1539
    ymin: 579
    xmax: 1726
    ymax: 711
  - 
    Class: "car"
    probability: 0.991518855095
    xmin: 1356
    ymin: 485
    xmax: 1443
    ymax: 545
  - 
    Class: "car"
    probability: 0.987025976181
    xmin: 1472
    ymin: 488
    xmax: 1573
    ymax: 545
  - 
    Class: "car"
    probability: 0.96693354845
    xmin: 1210
    ymin: 426
    xmax: 1256
    ymax: 459
  - 
    Class: "car"
    probability: 0.876665234566
    xmin: 847
    ymin: 382
    xmax: 878
    ymax: 412
  - 
    Class: "car"
    probability: 0.805811583996
    xmin: 744
    ymin: 381
    xmax: 778
    ymax: 415
  - 
    Class: "truck"
    probability: 0.989731371403
    xmin: 1043
    ymin: 590
    xmax: 1351
    ymax: 1000
  - 
    Class: "truck"
    probability: 0.825830757618
    xmin: 718
    ymin: 433
    xmax: 805
    ymax: 599
---
header: 
  seq: 2786
  stamp: 
    secs: 1562112936
    nsecs: 686355718
  frame_id: "detection"
image_header: 
  seq: 4733
  stamp: 
    secs: 1562112936
    nsecs: 517334983
  frame_id: "videofile_frame"
bounding_boxes: 
  - 
    Class: "car"
    probability: 0.990158736706
    xmin: 1569
    ymin: 598
    xmax: 1767
    ymax: 724
  - 
    Class: "car"
    probability: 0.983296871185
    xmin: 1362
    ymin: 490
    xmax: 1454
    ymax: 549
  - 
    Class: "car"
    probability: 0.985053777695
    xmin: 1480
    ymin: 490
    xmax: 1589
    ymax: 549
  - 
    Class: "car"
    probability: 0.975155711174
    xmin: 1222
    ymin: 427
    xmax: 1267
    ymax: 460
  - 
    Class: "car"
    probability: 0.897213816643
    xmin: 847
    ymin: 380
    xmax: 878
    ymax: 414
  - 
    Class: "car"
    probability: 0.874349534512
    xmin: 742
    ymin: 380
    xmax: 781
    ymax: 413
  - 
    Class: "car"
    probability: 0.87309384346
    xmin: 990
    ymin: 369
    xmax: 1023
    ymax: 395
  - 
    Class: "truck"
    probability: 0.968717932701
    xmin: 1037
    ymin: 578
    xmax: 1314
    ymax: 881
  - 
    Class: "truck"
    probability: 0.803741931915
    xmin: 716
    ymin: 435
    xmax: 807
    ymax: 589
---
header: 
  seq: 2787
  stamp: 
    secs: 1562112936
    nsecs: 744363389
  frame_id: "detection"
image_header: 
  seq: 4734
  stamp: 
    secs: 1562112936
    nsecs: 551252157
  frame_id: "videofile_frame"
bounding_boxes: 
  - 
    Class: "car"
    probability: 0.929850697517
    xmin: 1587
    ymin: 610
    xmax: 1788
    ymax: 731
  - 
    Class: "car"
    probability: 0.99059343338
    xmin: 1371
    ymin: 492
    xmax: 1462
    ymax: 552
  - 
    Class: "car"
    probability: 0.985091626644
    xmin: 1481
    ymin: 492
    xmax: 1608
    ymax: 554
  - 
    Class: "car"
    probability: 0.959089696407
    xmin: 1224
    ymin: 431
    xmax: 1269
    ymax: 461
  - 
    Class: "car"
    probability: 0.920962393284
    xmin: 742
    ymin: 379
    xmax: 780
    ymax: 413
  - 
    Class: "car"
    probability: 0.868746757507
    xmin: 845
    ymin: 380
    xmax: 877
    ymax: 412
  - 
    Class: "car"
    probability: 0.848799526691
    xmin: 784
    ymin: 357
    xmax: 809
    ymax: 378
  - 
    Class: "car"
    probability: 0.81193369627
    xmin: 991
    ymin: 367
    xmax: 1024
    ymax: 397
  - 
    Class: "truck"
    probability: 0.973160505295
    xmin: 1039
    ymin: 574
    xmax: 1302
    ymax: 873
---
header: 
  seq: 2788
  stamp: 
    secs: 1562112936
    nsecs: 787997869
  frame_id: "detection"
image_header: 
  seq: 4736
  stamp: 
    secs: 1562112936
    nsecs: 618456504
  frame_id: "videofile_frame"
bounding_boxes: 
  - 
    Class: "car"
    probability: 0.929488539696
    xmin: 1617
    ymin: 622
    xmax: 1832
    ymax: 760
  - 
    Class: "car"
    probability: 0.987543225288
    xmin: 1384
    ymin: 496
    xmax: 1479
    ymax: 560
  - 
    Class: "car"
    probability: 0.986861109734
    xmin: 1504
    ymin: 500
    xmax: 1619
    ymax: 563
  - 
    Class: "car"
    probability: 0.872802197933
    xmin: 991
    ymin: 367
    xmax: 1025
    ymax: 398
  - 
    Class: "car"
    probability: 0.910514175892
    xmin: 1226
    ymin: 430
    xmax: 1277
    ymax: 464
  - 
    Class: "car"
    probability: 0.875578761101
    xmin: 743
    ymin: 380
    xmax: 777
    ymax: 412
  - 
    Class: "car"
    probability: 0.845131874084
    xmin: 783
    ymin: 360
    xmax: 808
    ymax: 380
  - 
    Class: "car"
    probability: 0.832339644432
    xmin: 1031
    ymin: 482
    xmax: 1102
    ymax: 542
  - 
    Class: "car"
    probability: 0.825838565826
    xmin: 845
    ymin: 382
    xmax: 876
    ymax: 409
  - 
    Class: "truck"
    probability: 0.965155601501
    xmin: 1037
    ymin: 558
    xmax: 1261
    ymax: 843
---
header: 
  seq: 2789
  stamp: 
    secs: 1562112936
    nsecs: 842282773
  frame_id: "detection"
image_header: 
  seq: 4737
  stamp: 
    secs: 1562112936
    nsecs: 652087326
  frame_id: "videofile_frame"
bounding_boxes: 
  - 
    Class: "car"
    probability: 0.981136679649
    xmin: 1641
    ymin: 634
    xmax: 1852
    ymax: 757
  - 
    Class: "car"
    probability: 0.990954875946
    xmin: 1516
    ymin: 501
    xmax: 1626
    ymax: 566
  - 
    Class: "car"
    probability: 0.980359852314
    xmin: 1385
    ymin: 497
    xmax: 1487
    ymax: 561
  - 
    Class: "car"
    probability: 0.969299614429
    xmin: 1234
    ymin: 430
    xmax: 1285
    ymax: 466
  - 
    Class: "car"
    probability: 0.908899843693
    xmin: 782
    ymin: 360
    xmax: 808
    ymax: 380
  - 
    Class: "car"
    probability: 0.893096029758
    xmin: 744
    ymin: 381
    xmax: 776
    ymax: 411
  - 
    Class: "car"
    probability: 0.870221436024
    xmin: 991
    ymin: 368
    xmax: 1027
    ymax: 399
  - 
    Class: "truck"
    probability: 0.947601139545
    xmin: 1024
    ymin: 534
    xmax: 1249
    ymax: 812
---
header: 
  seq: 2790
  stamp: 
    secs: 1562112936
    nsecs: 896025601
  frame_id: "detection"
image_header: 
  seq: 4739
  stamp: 
    secs: 1562112936
    nsecs: 718242293
  frame_id: "videofile_frame"
bounding_boxes: 
  - 
    Class: "car"
    probability: 0.869497954845
    xmin: 1671
    ymin: 636
    xmax: 1900
    ymax: 780
  - 
    Class: "car"
    probability: 0.97645264864
    xmin: 1239
    ymin: 432
    xmax: 1291
    ymax: 468
  - 
    Class: "car"
    probability: 0.968406200409
    xmin: 1541
    ymin: 504
    xmax: 1638
    ymax: 570
  - 
    Class: "car"
    probability: 0.964691519737
    xmin: 1405
    ymin: 502
    xmax: 1495
    ymax: 567
  - 
    Class: "car"
    probability: 0.927865386009
    xmin: 781
    ymin: 359
    xmax: 808
    ymax: 381
  - 
    Class: "car"
    probability: 0.90758651495
    xmin: 741
    ymin: 378
    xmax: 775
    ymax: 412
  - 
    Class: "car"
    probability: 0.831603348255
    xmin: 871
    ymin: 597
    xmax: 963
    ymax: 689
  - 
    Class: "car"
    probability: 0.837956368923
    xmin: 994
    ymin: 367
    xmax: 1030
    ymax: 397
  - 
    Class: "truck"
    probability: 0.980965197086
    xmin: 1020
    ymin: 523
    xmax: 1228
    ymax: 807
  - 
    Class: "truck"
    probability: 0.868931114674
    xmin: 731
    ymin: 434
    xmax: 806
    ymax: 556
---
header: 
  seq: 2791
  stamp: 
    secs: 1562112936
    nsecs: 952202513
  frame_id: "detection"
image_header: 
  seq: 4740
  stamp: 
    secs: 1562112936
    nsecs: 752236745
  frame_id: "videofile_frame"
bounding_boxes: 
  - 
    Class: "car"
    probability: 0.987910807133
    xmin: 1246
    ymin: 434
    xmax: 1295
    ymax: 470
  - 
    Class: "car"
    probability: 0.980189859867
    xmin: 1415
    ymin: 503
    xmax: 1505
    ymax: 571
  - 
    Class: "car"
    probability: 0.965001702309
    xmin: 1544
    ymin: 508
    xmax: 1652
    ymax: 578
  - 
    Class: "car"
    probability: 0.873905956745
    xmin: 741
    ymin: 377
    xmax: 776
    ymax: 412
  - 
    Class: "car"
    probability: 0.877754509449
    xmin: 783
    ymin: 358
    xmax: 808
    ymax: 379
  - 
    Class: "truck"
    probability: 0.979707956314
    xmin: 1015
    ymin: 522
    xmax: 1227
    ymax: 801
  - 
    Class: "truck"
    probability: 0.815937757492
    xmin: 727
    ymin: 432
    xmax: 805
    ymax: 562
---
header: 
  seq: 2792
  stamp: 
    secs: 1562112937
    nsecs:   8276938
  frame_id: "detection"
image_header: 
  seq: 4742
  stamp: 
    secs: 1562112936
    nsecs: 818576044
  frame_id: "videofile_frame"
bounding_boxes: 
  - 
    Class: "car"
    probability: 0.807569921017
    xmin: 1733
    ymin: 667
    xmax: 1920
    ymax: 824
  - 
    Class: "car"
    probability: 0.986078500748
    xmin: 1564
    ymin: 510
    xmax: 1677
    ymax: 582
  - 
    Class: "car"
    probability: 0.981971740723
    xmin: 1426
    ymin: 507
    xmax: 1519
    ymax: 579
  - 
    Class: "car"
    probability: 0.962116837502
    xmin: 1256
    ymin: 435
    xmax: 1303
    ymax: 470
  - 
    Class: "car"
    probability: 0.871527493
    xmin: 743
    ymin: 378
    xmax: 774
    ymax: 413
  - 
    Class: "car"
    probability: 0.829003751278
    xmin: 782
    ymin: 355
    xmax: 805
    ymax: 376
  - 
    Class: "truck"
    probability: 0.964363694191
    xmin: 1004
    ymin: 518
    xmax: 1201
    ymax: 757
  - 
    Class: "truck"
    probability: 0.822086632252
    xmin: 732
    ymin: 435
    xmax: 804
    ymax: 551
---
header: 
  seq: 2793
  stamp: 
    secs: 1562112937
    nsecs:  55219083
  frame_id: "detection"
image_header: 
  seq: 4744
  stamp: 
    secs: 1562112936
    nsecs: 883558908
  frame_id: "videofile_frame"
bounding_boxes: 
  - 
    Class: "car"
    probability: 0.990419745445
    xmin: 1582
    ymin: 513
    xmax: 1694
    ymax: 589
  - 
    Class: "car"
    probability: 0.990028083324
    xmin: 1435
    ymin: 512
    xmax: 1538
    ymax: 589
  - 
    Class: "car"
    probability: 0.948404610157
    xmin: 1261
    ymin: 439
    xmax: 1314
    ymax: 475
  - 
    Class: "car"
    probability: 0.864968299866
    xmin: 992
    ymin: 367
    xmax: 1034
    ymax: 405
  - 
    Class: "car"
    probability: 0.843107819557
    xmin: 741
    ymin: 370
    xmax: 769
    ymax: 395
  - 
    Class: "car"
    probability: 0.827443122864
    xmin: 780
    ymin: 356
    xmax: 803
    ymax: 377
  - 
    Class: "truck"
    probability: 0.965776264668
    xmin: 996
    ymin: 512
    xmax: 1188
    ymax: 741
  - 
    Class: "truck"
    probability: 0.828566551208
    xmin: 1783
    ymin: 677
    xmax: 1919
    ymax: 878
  - 
    Class: "truck"
    probability: 0.839043200016
    xmin: 730
    ymin: 437
    xmax: 807
    ymax: 550
---
header: 
  seq: 2794
  stamp: 
    secs: 1562112937
    nsecs: 112786304
  frame_id: "detection"
image_header: 
  seq: 4745
  stamp: 
    secs: 1562112936
    nsecs: 917974843
  frame_id: "videofile_frame"
bounding_boxes: 
  - 
    Class: "car"
    probability: 0.989634335041
    xmin: 1590
    ymin: 518
    xmax: 1708
    ymax: 593
  - 
    Class: "car"
    probability: 0.984588682652
    xmin: 1445
    ymin: 514
    xmax: 1544
    ymax: 593
  - 
    Class: "car"
    probability: 0.918679833412
    xmin: 1263
    ymin: 438
    xmax: 1314
    ymax: 472
  - 
    Class: "car"
    probability: 0.848137438297
    xmin: 741
    ymin: 370
    xmax: 770
    ymax: 394
  - 
    Class: "car"
    probability: 0.830808877945
    xmin: 1002
    ymin: 466
    xmax: 1072
    ymax: 516
  - 
    Class: "truck"
    probability: 0.94980764389
    xmin: 992
    ymin: 501
    xmax: 1182
    ymax: 742
---
header: 
  seq: 2795
  stamp: 
    secs: 1562112937
    nsecs: 160749736
  frame_id: "detection"
image_header: 
  seq: 4747
  stamp: 
    secs: 1562112936
    nsecs: 985350720
  frame_id: "videofile_frame"
bounding_boxes: 
  - 
    Class: "car"
    probability: 0.992761194706
    xmin: 1614
    ymin: 526
    xmax: 1731
    ymax: 598
  - 
    Class: "car"
    probability: 0.97320407629
    xmin: 1463
    ymin: 511
    xmax: 1560
    ymax: 598
  - 
    Class: "car"
    probability: 0.800347149372
    xmin: 995
    ymin: 368
    xmax: 1042
    ymax: 406
  - 
    Class: "car"
    probability: 0.886715292931
    xmin: 1271
    ymin: 441
    xmax: 1327
    ymax: 480
  - 
    Class: "truck"
    probability: 0.949731588364
    xmin: 991
    ymin: 478
    xmax: 1156
    ymax: 716
---
header: 
  seq: 2796
  stamp: 
    secs: 1562112937
    nsecs: 213183470
  frame_id: "detection"
image_header: 
  seq: 4749
  stamp: 
    secs: 1562112937
    nsecs:  50988645
  frame_id: "videofile_frame"
bounding_boxes: 
  - 
    Class: "car"
    probability: 0.992129027843
    xmin: 1629
    ymin: 535
    xmax: 1762
    ymax: 607
  - 
    Class: "car"
    probability: 0.982419013977
    xmin: 1480
    ymin: 520
    xmax: 1582
    ymax: 604
  - 
    Class: "car"
    probability: 0.947111785412
    xmin: 1280
    ymin: 446
    xmax: 1337
    ymax: 478
  - 
    Class: "car"
    probability: 0.867995738983
    xmin: 993
    ymin: 459
    xmax: 1060
    ymax: 510
  - 
    Class: "car"
    probability: 0.852320790291
    xmin: 742
    ymin: 371
    xmax: 774
    ymax: 397
  - 
    Class: "truck"
    probability: 0.913413167
    xmin: 988
    ymin: 484
    xmax: 1138
    ymax: 699
---
header: 
  seq: 2797
  stamp: 
    secs: 1562112937
    nsecs: 255543748
  frame_id: "detection"
image_header: 
  seq: 4750
  stamp: 
    secs: 1562112937
    nsecs:  84978115
  frame_id: "videofile_frame"
bounding_boxes: 
  - 
    Class: "car"
    probability: 0.981620311737
    xmin: 1491
    ymin: 524
    xmax: 1594
    ymax: 610
  - 
    Class: "car"
    probability: 0.989172041416
    xmin: 1639
    ymin: 536
    xmax: 1771
    ymax: 609
  - 
    Class: "car"
    probability: 0.833211123943
    xmin: 995
    ymin: 369
    xmax: 1045
    ymax: 406
  - 
    Class: "car"
    probability: 0.863665699959
    xmin: 1288
    ymin: 443
    xmax: 1344
    ymax: 480
  - 
    Class: "car"
    probability: 0.802221477032
    xmin: 888
    ymin: 356
    xmax: 919
    ymax: 380
  - 
    Class: "truck"
    probability: 0.927942812443
    xmin: 988
    ymin: 474
    xmax: 1129
    ymax: 693
---
header: 
  seq: 2798
  stamp: 
    secs: 1562112937
    nsecs: 308058322
  frame_id: "detection"
image_header: 
  seq: 4752
  stamp: 
    secs: 1562112937
    nsecs: 150985079
  frame_id: "videofile_frame"
bounding_boxes: 
  - 
    Class: "car"
    probability: 0.991457223892
    xmin: 1506
    ymin: 527
    xmax: 1609
    ymax: 618
  - 
    Class: "car"
    probability: 0.986646175385
    xmin: 1668
    ymin: 541
    xmax: 1806
    ymax: 625
  - 
    Class: "car"
    probability: 0.944469153881
    xmin: 1297
    ymin: 451
    xmax: 1350
    ymax: 485
  - 
    Class: "car"
    probability: 0.891596615314
    xmin: 744
    ymin: 370
    xmax: 773
    ymax: 394
  - 
    Class: "truck"
    probability: 0.946927309036
    xmin: 978
    ymin: 469
    xmax: 1118
    ymax: 678
  - 
    Class: "truck"
    probability: 0.872187674046
    xmin: 422
    ymin: 944
    xmax: 735
    ymax: 1080
---
header: 
  seq: 2799
  stamp: 
    secs: 1562112937
    nsecs: 355379301
  frame_id: "detection"
image_header: 
  seq: 4753
  stamp: 
    secs: 1562112937
    nsecs: 184861952
  frame_id: "videofile_frame"
bounding_boxes: 
  - 
    Class: "car"
    probability: 0.989132165909
    xmin: 1672
    ymin: 547
    xmax: 1818
    ymax: 626
  - 
    Class: "car"
    probability: 0.973005473614
    xmin: 1515
    ymin: 532
    xmax: 1627
    ymax: 629
  - 
    Class: "car"
    probability: 0.963422834873
    xmin: 1295
    ymin: 452
    xmax: 1357
    ymax: 488
  - 
    Class: "car"
    probability: 0.896591305733
    xmin: 742
    ymin: 369
    xmax: 772
    ymax: 392
  - 
    Class: "car"
    probability: 0.808640182018
    xmin: 995
    ymin: 376
    xmax: 1047
    ymax: 415
  - 
    Class: "truck"
    probability: 0.936735510826
    xmin: 975
    ymin: 467
    xmax: 1116
    ymax: 670
---
header: 
  seq: 2800
  stamp: 
    secs: 1562112937
    nsecs: 411613589
  frame_id: "detection"
image_header: 
  seq: 4755
  stamp: 
    secs: 1562112937
    nsecs: 252206973
  frame_id: "videofile_frame"
bounding_boxes: 
  - 
    Class: "car"
    probability: 0.975846767426
    xmin: 1533
    ymin: 536
    xmax: 1649
    ymax: 633
  - 
    Class: "car"
    probability: 0.989061594009
    xmin: 1704
    ymin: 553
    xmax: 1850
    ymax: 634
  - 
    Class: "car"
    probability: 0.976273417473
    xmin: 1304
    ymin: 449
    xmax: 1366
    ymax: 493
  - 
    Class: "car"
    probability: 0.825739681721
    xmin: 995
    ymin: 377
    xmax: 1048
    ymax: 415
  - 
    Class: "car"
    probability: 0.807476222515
    xmin: 746
    ymin: 364
    xmax: 772
    ymax: 389
  - 
    Class: "truck"
    probability: 0.878951728344
    xmin: 970
    ymin: 455
    xmax: 1109
    ymax: 662
  - 
    Class: "truck"
    probability: 0.889661669731
    xmin: 452
    ymin: 870
    xmax: 742
    ymax: 1071
---
header: 
  seq: 2801
  stamp: 
    secs: 1562112937
    nsecs: 457671632
  frame_id: "detection"
image_header: 
  seq: 4756
  stamp: 
    secs: 1562112937
    nsecs: 284270532
  frame_id: "videofile_frame"
bounding_boxes: 
  - 
    Class: "car"
    probability: 0.975318610668
    xmin: 1546
    ymin: 546
    xmax: 1662
    ymax: 636
  - 
    Class: "car"
    probability: 0.994074761868
    xmin: 1713
    ymin: 555
    xmax: 1866
    ymax: 636
  - 
    Class: "car"
    probability: 0.993000090122
    xmin: 1313
    ymin: 451
    xmax: 1372
    ymax: 497
  - 
    Class: "car"
    probability: 0.842898190022
    xmin: 995
    ymin: 379
    xmax: 1049
    ymax: 415
  - 
    Class: "car"
    probability: 0.804813981056
    xmin: 890
    ymin: 354
    xmax: 922
    ymax: 379
  - 
    Class: "truck"
    probability: 0.847618103027
    xmin: 461
    ymin: 846
    xmax: 744
    ymax: 1077
  - 
    Class: "truck"
    probability: 0.855925679207
    xmin: 968
    ymin: 454
    xmax: 1108
    ymax: 656
---
header: 
  seq: 2802
  stamp: 
    secs: 1562112937
    nsecs: 502654424
  frame_id: "detection"
image_header: 
  seq: 4758
  stamp: 
    secs: 1562112937
    nsecs: 350715259
  frame_id: "videofile_frame"
bounding_boxes: 
  - 
    Class: "car"
    probability: 0.956251978874
    xmin: 1562
    ymin: 551
    xmax: 1691
    ymax: 647
  - 
    Class: "car"
    probability: 0.990137636662
    xmin: 1739
    ymin: 563
    xmax: 1894
    ymax: 649
  - 
    Class: "car"
    probability: 0.989865541458
    xmin: 1322
    ymin: 454
    xmax: 1385
    ymax: 496
  - 
    Class: "car"
    probability: 0.880587339401
    xmin: 995
    ymin: 385
    xmax: 1051
    ymax: 419
  - 
    Class: "car"
    probability: 0.857935965061
    xmin: 815
    ymin: 375
    xmax: 848
    ymax: 398
  - 
    Class: "car"
    probability: 0.836201667786
    xmin: 747
    ymin: 367
    xmax: 773
    ymax: 392
  - 
    Class: "car"
    probability: 0.851273596287
    xmin: 1016
    ymin: 380
    xmax: 1062
    ymax: 410
---
header: 
  seq: 2803
  stamp: 
    secs: 1562112937
    nsecs: 556257389
  frame_id: "detection"
image_header: 
  seq: 4759
  stamp: 
    secs: 1562112937
    nsecs: 384362277
  frame_id: "videofile_frame"
bounding_boxes: 
  - 
    Class: "car"
    probability: 0.968974351883
    xmin: 1573
    ymin: 552
    xmax: 1702
    ymax: 656
  - 
    Class: "car"
    probability: 0.989304542542
    xmin: 1755
    ymin: 567
    xmax: 1910
    ymax: 645
  - 
    Class: "car"
    probability: 0.988972425461
    xmin: 1328
    ymin: 457
    xmax: 1390
    ymax: 498
  - 
    Class: "car"
    probability: 0.888960897923
    xmin: 745
    ymin: 366
    xmax: 773
    ymax: 390
  - 
    Class: "car"
    probability: 0.887117266655
    xmin: 996
    ymin: 385
    xmax: 1053
    ymax: 419
  - 
    Class: "car"
    probability: 0.845481753349
    xmin: 818
    ymin: 375
    xmax: 848
    ymax: 396
  - 
    Class: "bus"
    probability: 0.865517556667
    xmin: 494
    ymin: 797
    xmax: 751
    ymax: 1080
---
header: 
  seq: 2804
  stamp: 
    secs: 1562112937
    nsecs: 604864966
  frame_id: "detection"
image_header: 
  seq: 4761
  stamp: 
    secs: 1562112937
    nsecs: 451920500
  frame_id: "videofile_frame"
bounding_boxes: 
  - 
    Class: "car"
    probability: 0.967848002911
    xmin: 1596
    ymin: 559
    xmax: 1731
    ymax: 661
  - 
    Class: "car"
    probability: 0.986000061035
    xmin: 1790
    ymin: 572
    xmax: 1918
    ymax: 668
  - 
    Class: "car"
    probability: 0.943362236023
    xmin: 1018
    ymin: 381
    xmax: 1067
    ymax: 417
  - 
    Class: "car"
    probability: 0.962323129177
    xmin: 1337
    ymin: 459
    xmax: 1402
    ymax: 500
  - 
    Class: "car"
    probability: 0.903173625469
    xmin: 746
    ymin: 365
    xmax: 775
    ymax: 388
  - 
    Class: "car"
    probability: 0.88992536068
    xmin: 817
    ymin: 374
    xmax: 849
    ymax: 396
  - 
    Class: "bus"
    probability: 0.863150775433
    xmin: 540
    ymin: 754
    xmax: 754
    ymax: 1077
---
header: 
  seq: 2805
  stamp: 
    secs: 1562112937
    nsecs: 655597965
  frame_id: "detection"
image_header: 
  seq: 4762
  stamp: 
    secs: 1562112937
    nsecs: 484967311
  frame_id: "videofile_frame"
bounding_boxes: 
  - 
    Class: "car"
    probability: 0.980674922466
    xmin: 1607
    ymin: 572
    xmax: 1749
    ymax: 668
  - 
    Class: "car"
    probability: 0.990135550499
    xmin: 1342
    ymin: 459
    xmax: 1408
    ymax: 504
  - 
    Class: "car"
    probability: 0.970687150955
    xmin: 1804
    ymin: 581
    xmax: 1920
    ymax: 673
  - 
    Class: "car"
    probability: 0.942191064358
    xmin: 1017
    ymin: 381
    xmax: 1064
    ymax: 418
  - 
    Class: "car"
    probability: 0.94238448143
    xmin: 746
    ymin: 367
    xmax: 776
    ymax: 389
  - 
    Class: "car"
    probability: 0.926535487175
    xmin: 813
    ymin: 374
    xmax: 849
    ymax: 397
  - 
    Class: "truck"
    probability: 0.855377733707
    xmin: 542
    ymin: 746
    xmax: 765
    ymax: 1054
---
header: 
  seq: 2806
  stamp: 
    secs: 1562112937
    nsecs: 710062859
  frame_id: "detection"
image_header: 
  seq: 4763
  stamp: 
    secs: 1562112937
    nsecs: 518824988
  frame_id: "videofile_frame"
bounding_boxes: 
  - 
    Class: "car"
    probability: 0.982266664505
    xmin: 1620
    ymin: 569
    xmax: 1764
    ymax: 675
  - 
    Class: "car"
    probability: 0.989618897438
    xmin: 1347
    ymin: 461
    xmax: 1411
    ymax: 504
  - 
    Class: "car"
    probability: 0.958688735962
    xmin: 1019
    ymin: 381
    xmax: 1068
    ymax: 417
  - 
    Class: "car"
    probability: 0.945535123348
    xmin: 814
    ymin: 375
    xmax: 850
    ymax: 397
  - 
    Class: "car"
    probability: 0.94059252739
    xmin: 1820
    ymin: 579
    xmax: 1919
    ymax: 683
  - 
    Class: "car"
    probability: 0.919430196285
    xmin: 745
    ymin: 367
    xmax: 775
    ymax: 389
---
header: 
  seq: 2807
  stamp: 
    secs: 1562112937
    nsecs: 749309530
  frame_id: "detection"
image_header: 
  seq: 4765
  stamp: 
    secs: 1562112937
    nsecs: 584542357
  frame_id: "videofile_frame"
bounding_boxes: 
  - 
    Class: "car"
    probability: 0.952366411686
    xmin: 1645
    ymin: 575
    xmax: 1795
    ymax: 687
  - 
    Class: "car"
    probability: 0.993607282639
    xmin: 1358
    ymin: 463
    xmax: 1423
    ymax: 506
  - 
    Class: "car"
    probability: 0.91851580143
    xmin: 1019
    ymin: 381
    xmax: 1067
    ymax: 418
  - 
    Class: "car"
    probability: 0.942838847637
    xmin: 812
    ymin: 374
    xmax: 847
    ymax: 396
  - 
    Class: "car"
    probability: 0.902902066708
    xmin: 1857
    ymin: 585
    xmax: 1917
    ymax: 685
  - 
    Class: "car"
    probability: 0.910051047802
    xmin: 743
    ymin: 365
    xmax: 773
    ymax: 389
  - 
    Class: "car"
    probability: 0.816393733025
    xmin: 916
    ymin: 362
    xmax: 953
    ymax: 388
---
header: 
  seq: 2808
  stamp: 
    secs: 1562112937
    nsecs: 809631821
  frame_id: "detection"
image_header: 
  seq: 4767
  stamp: 
    secs: 1562112937
    nsecs: 651362182
  frame_id: "videofile_frame"
bounding_boxes: 
  - 
    Class: "car"
    probability: 0.951154351234
    xmin: 1674
    ymin: 588
    xmax: 1832
    ymax: 698
  - 
    Class: "car"
    probability: 0.963774740696
    xmin: 1023
    ymin: 383
    xmax: 1074
    ymax: 421
  - 
    Class: "car"
    probability: 0.972231149673
    xmin: 1370
    ymin: 469
    xmax: 1440
    ymax: 516
  - 
    Class: "car"
    probability: 0.895357191563
    xmin: 914
    ymin: 360
    xmax: 950
    ymax: 386
  - 
    Class: "car"
    probability: 0.886212527752
    xmin: 739
    ymin: 364
    xmax: 769
    ymax: 388
  - 
    Class: "train"
    probability: 0.867102026939
    xmin: 585
    ymin: 684
    xmax: 780
    ymax: 955
---
header: 
  seq: 2809
  stamp: 
    secs: 1562112937
    nsecs: 859713703
  frame_id: "detection"
image_header: 
  seq: 4768
  stamp: 
    secs: 1562112937
    nsecs: 684607681
  frame_id: "videofile_frame"
bounding_boxes: 
  - 
    Class: "car"
    probability: 0.984547615051
    xmin: 1370
    ymin: 471
    xmax: 1442
    ymax: 516
  - 
    Class: "car"
    probability: 0.970025837421
    xmin: 1030
    ymin: 386
    xmax: 1077
    ymax: 420
  - 
    Class: "car"
    probability: 0.864096224308
    xmin: 855
    ymin: 498
    xmax: 906
    ymax: 544
  - 
    Class: "car"
    probability: 0.848494470119
    xmin: 743
    ymin: 364
    xmax: 771
    ymax: 388
---
header: 
  seq: 2810
  stamp: 
    secs: 1562112937
    nsecs: 905755552
  frame_id: "detection"
image_header: 
  seq: 4770
  stamp: 
    secs: 1562112937
    nsecs: 750103895
  frame_id: "videofile_frame"
bounding_boxes: 
  - 
    Class: "car"
    probability: 0.889537572861
    xmin: 1723
    ymin: 610
    xmax: 1881
    ymax: 720
  - 
    Class: "car"
    probability: 0.990891873837
    xmin: 1383
    ymin: 474
    xmax: 1453
    ymax: 518
  - 
    Class: "car"
    probability: 0.95315349102
    xmin: 1028
    ymin: 386
    xmax: 1079
    ymax: 420
  - 
    Class: "car"
    probability: 0.863372862339
    xmin: 853
    ymin: 494
    xmax: 906
    ymax: 543
  - 
    Class: "car"
    probability: 0.846001446247
    xmin: 914
    ymin: 361
    xmax: 949
    ymax: 385
---
header: 
  seq: 2811
  stamp: 
    secs: 1562112937
    nsecs: 957363546
  frame_id: "detection"
image_header: 
  seq: 4771
  stamp: 
    secs: 1562112937
    nsecs: 783902989
  frame_id: "videofile_frame"
bounding_boxes: 
  - 
    Class: "car"
    probability: 0.841178774834
    xmin: 1735
    ymin: 607
    xmax: 1902
    ymax: 734
  - 
    Class: "car"
    probability: 0.988466262817
    xmin: 1391
    ymin: 476
    xmax: 1461
    ymax: 519
  - 
    Class: "car"
    probability: 0.956290006638
    xmin: 1031
    ymin: 389
    xmax: 1084
    ymax: 423
  - 
    Class: "car"
    probability: 0.893118262291
    xmin: 852
    ymin: 490
    xmax: 906
    ymax: 541
  - 
    Class: "car"
    probability: 0.872779846191
    xmin: 916
    ymin: 360
    xmax: 949
    ymax: 384
---
header: 
  seq: 2812
  stamp: 
    secs: 1562112938
    nsecs:   7840212
  frame_id: "detection"
image_header: 
  seq: 4773
  stamp: 
    secs: 1562112937
    nsecs: 850947611
  frame_id: "videofile_frame"
bounding_boxes: 
  - 
    Class: "car"
    probability: 0.923997044563
    xmin: 1777
    ymin: 618
    xmax: 1920
    ymax: 746
  - 
    Class: "car"
    probability: 0.953189074993
    xmin: 1034
    ymin: 392
    xmax: 1081
    ymax: 427
  - 
    Class: "car"
    probability: 0.940539598465
    xmin: 1405
    ymin: 475
    xmax: 1479
    ymax: 524
  - 
    Class: "car"
    probability: 0.930213570595
    xmin: 850
    ymin: 487
    xmax: 906
    ymax: 539
  - 
    Class: "car"
    probability: 0.820862531662
    xmin: 743
    ymin: 362
    xmax: 771
    ymax: 384
  - 
    Class: "train"
    probability: 0.804372429848
    xmin: 632
    ymin: 635
    xmax: 778
    ymax: 862
---
header: 
  seq: 2813
  stamp: 
    secs: 1562112938
    nsecs:  57109721
  frame_id: "detection"
image_header: 
  seq: 4774
  stamp: 
    secs: 1562112937
    nsecs: 884452128
  frame_id: "videofile_frame"
bounding_boxes: 
  - 
    Class: "car"
    probability: 0.982267975807
    xmin: 1406
    ymin: 481
    xmax: 1487
    ymax: 529
  - 
    Class: "car"
    probability: 0.959649920464
    xmin: 1030
    ymin: 390
    xmax: 1084
    ymax: 429
  - 
    Class: "car"
    probability: 0.878630936146
    xmin: 748
    ymin: 413
    xmax: 807
    ymax: 474
  - 
    Class: "car"
    probability: 0.927984237671
    xmin: 848
    ymin: 485
    xmax: 905
    ymax: 537
  - 
    Class: "car"
    probability: 0.885746359825
    xmin: 743
    ymin: 362
    xmax: 771
    ymax: 384
  - 
    Class: "car"
    probability: 0.817209303379
    xmin: 1054
    ymin: 388
    xmax: 1097
    ymax: 422
---
header: 
  seq: 2814
  stamp: 
    secs: 1562112938
    nsecs: 109837915
  frame_id: "detection"
image_header: 
  seq: 4776
  stamp: 
    secs: 1562112937
    nsecs: 950905643
  frame_id: "videofile_frame"
bounding_boxes: 
  - 
    Class: "car"
    probability: 0.988185405731
    xmin: 1427
    ymin: 483
    xmax: 1509
    ymax: 533
  - 
    Class: "car"
    probability: 0.920657336712
    xmin: 1055
    ymin: 388
    xmax: 1099
    ymax: 423
  - 
    Class: "car"
    probability: 0.832815825939
    xmin: 1030
    ymin: 390
    xmax: 1084
    ymax: 428
---
header: 
  seq: 2815
  stamp: 
    secs: 1562112938
    nsecs: 160914044
  frame_id: "detection"
image_header: 
  seq: 4777
  stamp: 
    secs: 1562112937
    nsecs: 985032624
  frame_id: "videofile_frame"
bounding_boxes: 
  - 
    Class: "car"
    probability: 0.987287163734
    xmin: 1425
    ymin: 486
    xmax: 1517
    ymax: 536
  - 
    Class: "car"
    probability: 0.931308805943
    xmin: 1030
    ymin: 394
    xmax: 1085
    ymax: 430
  - 
    Class: "car"
    probability: 0.913709163666
    xmin: 1054
    ymin: 390
    xmax: 1101
    ymax: 424
  - 
    Class: "car"
    probability: 0.890056073666
    xmin: 847
    ymin: 481
    xmax: 904
    ymax: 530
  - 
    Class: "car"
    probability: 0.836617529392
    xmin: 738
    ymin: 361
    xmax: 767
    ymax: 385
  - 
    Class: "car"
    probability: 0.815954267979
    xmin: 940
    ymin: 430
    xmax: 1002
    ymax: 468
---
header: 
  seq: 2816
  stamp: 
    secs: 1562112938
    nsecs: 213566822
  frame_id: "detection"
image_header: 
  seq: 4778
  stamp: 
    secs: 1562112938
    nsecs:  19444124
  frame_id: "videofile_frame"
bounding_boxes: 
  - 
    Class: "car"
    probability: 0.811958968639
    xmin: 749
    ymin: 410
    xmax: 808
    ymax: 469
  - 
    Class: "car"
    probability: 0.968035459518
    xmin: 1433
    ymin: 488
    xmax: 1524
    ymax: 537
  - 
    Class: "car"
    probability: 0.869798898697
    xmin: 1058
    ymin: 391
    xmax: 1100
    ymax: 426
  - 
    Class: "car"
    probability: 0.854690134525
    xmin: 1032
    ymin: 395
    xmax: 1084
    ymax: 433
  - 
    Class: "car"
    probability: 0.82077395916
    xmin: 739
    ymin: 361
    xmax: 768
    ymax: 385
  - 
    Class: "car"
    probability: 0.807894587517
    xmin: 937
    ymin: 425
    xmax: 1002
    ymax: 462
  - 
    Class: "car"
    probability: 0.814629554749
    xmin: 924
    ymin: 364
    xmax: 953
    ymax: 386
---
header: 
  seq: 2817
  stamp: 
    secs: 1562112938
    nsecs: 273072191
  frame_id: "detection"
image_header: 
  seq: 4780
  stamp: 
    secs: 1562112938
    nsecs:  83893251
  frame_id: "videofile_frame"
bounding_boxes: 
  - 
    Class: "car"
    probability: 0.984909296036
    xmin: 1455
    ymin: 495
    xmax: 1536
    ymax: 540
  - 
    Class: "car"
    probability: 0.918893933296
    xmin: 754
    ymin: 412
    xmax: 805
    ymax: 459
  - 
    Class: "car"
    probability: 0.909466683865
    xmin: 1060
    ymin: 390
    xmax: 1105
    ymax: 428
  - 
    Class: "car"
    probability: 0.929485619068
    xmin: 847
    ymin: 475
    xmax: 903
    ymax: 517
  - 
    Class: "car"
    probability: 0.817653894424
    xmin: 991
    ymin: 384
    xmax: 1029
    ymax: 419
  - 
    Class: "car"
    probability: 0.817433595657
    xmin: 922
    ymin: 364
    xmax: 957
    ymax: 389
---
header: 
  seq: 2818
  stamp: 
    secs: 1562112938
    nsecs: 318962463
  frame_id: "detection"
image_header: 
  seq: 4782
  stamp: 
    secs: 1562112938
    nsecs: 150644829
  frame_id: "videofile_frame"
bounding_boxes: 
  - 
    Class: "car"
    probability: 0.97668915987
    xmin: 1063
    ymin: 391
    xmax: 1109
    ymax: 431
  - 
    Class: "car"
    probability: 0.972992837429
    xmin: 1463
    ymin: 490
    xmax: 1557
    ymax: 545
  - 
    Class: "car"
    probability: 0.812078654766
    xmin: 749
    ymin: 402
    xmax: 807
    ymax: 467
  - 
    Class: "car"
    probability: 0.93478512764
    xmin: 848
    ymin: 476
    xmax: 901
    ymax: 515
  - 
    Class: "car"
    probability: 0.903043627739
    xmin: 989
    ymin: 382
    xmax: 1028
    ymax: 418
  - 
    Class: "car"
    probability: 0.833154737949
    xmin: 729
    ymin: 470
    xmax: 802
    ymax: 548
  - 
    Class: "car"
    probability: 0.85648727417
    xmin: 927
    ymin: 366
    xmax: 960
    ymax: 390
---
header: 
  seq: 2819
  stamp: 
    secs: 1562112938
    nsecs: 374632902
  frame_id: "detection"
image_header: 
  seq: 4783
  stamp: 
    secs: 1562112938
    nsecs: 184819701
  frame_id: "videofile_frame"
bounding_boxes: 
  - 
    Class: "car"
    probability: 0.984108388424
    xmin: 1061
    ymin: 393
    xmax: 1112
    ymax: 432
  - 
    Class: "car"
    probability: 0.984654605389
    xmin: 1478
    ymin: 497
    xmax: 1563
    ymax: 548
  - 
    Class: "car"
    probability: 0.957759082317
    xmin: 849
    ymin: 473
    xmax: 897
    ymax: 512
  - 
    Class: "car"
    probability: 0.870958328247
    xmin: 754
    ymin: 409
    xmax: 805
    ymax: 463
  - 
    Class: "car"
    probability: 0.901978254318
    xmin: 990
    ymin: 382
    xmax: 1029
    ymax: 418
  - 
    Class: "car"
    probability: 0.813725471497
    xmin: 729
    ymin: 471
    xmax: 803
    ymax: 547
  - 
    Class: "car"
    probability: 0.903283536434
    xmin: 927
    ymin: 365
    xmax: 963
    ymax: 392
---
header: 
  seq: 2820
  stamp: 
    secs: 1562112938
    nsecs: 419856044
  frame_id: "detection"
image_header: 
  seq: 4785
  stamp: 
    secs: 1562112938
    nsecs: 251561085
  frame_id: "videofile_frame"
bounding_boxes: 
  - 
    Class: "car"
    probability: 0.994251191616
    xmin: 1492
    ymin: 503
    xmax: 1582
    ymax: 555
  - 
    Class: "car"
    probability: 0.981397688389
    xmin: 1067
    ymin: 397
    xmax: 1115
    ymax: 432
  - 
    Class: "car"
    probability: 0.979303181171
    xmin: 847
    ymin: 467
    xmax: 898
    ymax: 509
  - 
    Class: "car"
    probability: 0.964635014534
    xmin: 753
    ymin: 406
    xmax: 806
    ymax: 461
  - 
    Class: "car"
    probability: 0.931092679501
    xmin: 927
    ymin: 365
    xmax: 963
    ymax: 393
  - 
    Class: "car"
    probability: 0.862920820713
    xmin: 737
    ymin: 360
    xmax: 762
    ymax: 384
  - 
    Class: "car"
    probability: 0.822809517384
    xmin: 991
    ymin: 384
    xmax: 1031
    ymax: 422
  - 
    Class: "car"
    probability: 0.81385153532
    xmin: 887
    ymin: 354
    xmax: 917
    ymax: 378
---
header: 
  seq: 2821
  stamp: 
    secs: 1562112938
    nsecs: 475007657
  frame_id: "detection"
image_header: 
  seq: 4786
  stamp: 
    secs: 1562112938
    nsecs: 285145385
  frame_id: "videofile_frame"
bounding_boxes: 
  - 
    Class: "car"
    probability: 0.989265620708
    xmin: 1492
    ymin: 504
    xmax: 1597
    ymax: 556
  - 
    Class: "car"
    probability: 0.979638040066
    xmin: 844
    ymin: 467
    xmax: 898
    ymax: 506
  - 
    Class: "car"
    probability: 0.956223905087
    xmin: 1066
    ymin: 400
    xmax: 1113
    ymax: 434
  - 
    Class: "car"
    probability: 0.908464133739
    xmin: 990
    ymin: 385
    xmax: 1032
    ymax: 422
  - 
    Class: "car"
    probability: 0.892670333385
    xmin: 756
    ymin: 409
    xmax: 805
    ymax: 460
  - 
    Class: "car"
    probability: 0.89411765337
    xmin: 927
    ymin: 365
    xmax: 962
    ymax: 392
  - 
    Class: "car"
    probability: 0.803126871586
    xmin: 740
    ymin: 359
    xmax: 763
    ymax: 383
---
header: 
  seq: 2822
  stamp: 
    secs: 1562112938
    nsecs: 520255195
  frame_id: "detection"
image_header: 
  seq: 4788
  stamp: 
    secs: 1562112938
    nsecs: 351668420
  frame_id: "videofile_frame"
bounding_boxes: 
  - 
    Class: "car"
    probability: 0.971983194351
    xmin: 844
    ymin: 461
    xmax: 894
    ymax: 502
  - 
    Class: "car"
    probability: 0.970705151558
    xmin: 1514
    ymin: 507
    xmax: 1608
    ymax: 564
  - 
    Class: "car"
    probability: 0.915394127369
    xmin: 1072
    ymin: 400
    xmax: 1117
    ymax: 435
  - 
    Class: "car"
    probability: 0.866614580154
    xmin: 757
    ymin: 409
    xmax: 804
    ymax: 459
  - 
    Class: "car"
    probability: 0.856220006943
    xmin: 1000
    ymin: 393
    xmax: 1037
    ymax: 423
---
header: 
  seq: 2823
  stamp: 
    secs: 1562112938
    nsecs: 572469043
  frame_id: "detection"
image_header: 
  seq: 4789
  stamp: 
    secs: 1562112938
    nsecs: 385983997
  frame_id: "videofile_frame"
bounding_boxes: 
  - 
    Class: "car"
    probability: 0.967455983162
    xmin: 1071
    ymin: 400
    xmax: 1119
    ymax: 435
  - 
    Class: "car"
    probability: 0.974017500877
    xmin: 1529
    ymin: 513
    xmax: 1621
    ymax: 571
  - 
    Class: "car"
    probability: 0.965263783932
    xmin: 843
    ymin: 461
    xmax: 895
    ymax: 500
  - 
    Class: "car"
    probability: 0.832591056824
    xmin: 756
    ymin: 395
    xmax: 803
    ymax: 449
  - 
    Class: "car"
    probability: 0.88620775938
    xmin: 736
    ymin: 460
    xmax: 804
    ymax: 526
  - 
    Class: "car"
    probability: 0.86426705122
    xmin: 1003
    ymin: 392
    xmax: 1039
    ymax: 422
---
header: 
  seq: 2824
  stamp: 
    secs: 1562112938
    nsecs: 627834820
  frame_id: "detection"
image_header: 
  seq: 4791
  stamp: 
    secs: 1562112938
    nsecs: 451876956
  frame_id: "videofile_frame"
bounding_boxes: 
  - 
    Class: "car"
    probability: 0.975549221039
    xmin: 1546
    ymin: 517
    xmax: 1648
    ymax: 577
  - 
    Class: "car"
    probability: 0.958298802376
    xmin: 843
    ymin: 459
    xmax: 893
    ymax: 500
  - 
    Class: "car"
    probability: 0.929300487041
    xmin: 740
    ymin: 456
    xmax: 803
    ymax: 526
  - 
    Class: "car"
    probability: 0.912846624851
    xmin: 1004
    ymin: 387
    xmax: 1042
    ymax: 419
  - 
    Class: "car"
    probability: 0.932349681854
    xmin: 1070
    ymin: 401
    xmax: 1117
    ymax: 438
  - 
    Class: "car"
    probability: 0.923243999481
    xmin: 759
    ymin: 398
    xmax: 802
    ymax: 444
  - 
    Class: "car"
    probability: 0.85669785738
    xmin: 1095
    ymin: 397
    xmax: 1136
    ymax: 432
---
header: 
  seq: 2825
  stamp: 
    secs: 1562112938
    nsecs: 676256497
  frame_id: "detection"
image_header: 
  seq: 4792
  stamp: 
    secs: 1562112938
    nsecs: 484934144
  frame_id: "videofile_frame"
bounding_boxes: 
  - 
    Class: "car"
    probability: 0.919377148151
    xmin: 1563
    ymin: 911
    xmax: 1920
    ymax: 1076
  - 
    Class: "car"
    probability: 0.98632889986
    xmin: 1558
    ymin: 520
    xmax: 1658
    ymax: 580
  - 
    Class: "car"
    probability: 0.952603280544
    xmin: 842
    ymin: 458
    xmax: 892
    ymax: 497
  - 
    Class: "car"
    probability: 0.921484827995
    xmin: 1002
    ymin: 389
    xmax: 1047
    ymax: 422
  - 
    Class: "car"
    probability: 0.888186514378
    xmin: 1095
    ymin: 396
    xmax: 1137
    ymax: 433
  - 
    Class: "car"
    probability: 0.864869058132
    xmin: 740
    ymin: 450
    xmax: 803
    ymax: 530
  - 
    Class: "car"
    probability: 0.848982274532
    xmin: 1072
    ymin: 402
    xmax: 1124
    ymax: 443
  - 
    Class: "car"
    probability: 0.82060188055
    xmin: 930
    ymin: 404
    xmax: 973
    ymax: 434
---
header: 
  seq: 2826
  stamp: 
    secs: 1562112938
    nsecs: 725119261
  frame_id: "detection"
image_header: 
  seq: 4794
  stamp: 
    secs: 1562112938
    nsecs: 551884054
  frame_id: "videofile_frame"
bounding_boxes: 
  - 
    Class: "car"
    probability: 0.908611476421
    xmin: 1512
    ymin: 859
    xmax: 1844
    ymax: 1080
  - 
    Class: "car"
    probability: 0.96818035841
    xmin: 841
    ymin: 455
    xmax: 892
    ymax: 496
  - 
    Class: "car"
    probability: 0.934357464314
    xmin: 1093
    ymin: 395
    xmax: 1138
    ymax: 435
  - 
    Class: "car"
    probability: 0.924825668335
    xmin: 1575
    ymin: 515
    xmax: 1678
    ymax: 591
  - 
    Class: "car"
    probability: 0.905982911587
    xmin: 1004
    ymin: 391
    xmax: 1049
    ymax: 424
  - 
    Class: "car"
    probability: 0.829346179962
    xmin: 758
    ymin: 396
    xmax: 801
    ymax: 447
---
header: 
  seq: 2827
  stamp: 
    secs: 1562112938
    nsecs: 775230519
  frame_id: "detection"
image_header: 
  seq: 4796
  stamp: 
    secs: 1562112938
    nsecs: 616334351
  frame_id: "videofile_frame"
bounding_boxes: 
  - 
    Class: "car"
    probability: 0.800102829933
    xmin: 1454
    ymin: 814
    xmax: 1759
    ymax: 1019
  - 
    Class: "car"
    probability: 0.985904455185
    xmin: 1596
    ymin: 528
    xmax: 1702
    ymax: 597
  - 
    Class: "car"
    probability: 0.944021582603
    xmin: 839
    ymin: 448
    xmax: 890
    ymax: 492
  - 
    Class: "car"
    probability: 0.914071381092
    xmin: 1099
    ymin: 400
    xmax: 1143
    ymax: 437
  - 
    Class: "car"
    probability: 0.896797657013
    xmin: 1069
    ymin: 416
    xmax: 1118
    ymax: 454
  - 
    Class: "car"
    probability: 0.831576108932
    xmin: 760
    ymin: 394
    xmax: 799
    ymax: 440
---
header: 
  seq: 2828
  stamp: 
    secs: 1562112938
    nsecs: 826172731
  frame_id: "detection"
image_header: 
  seq: 4797
  stamp: 
    secs: 1562112938
    nsecs: 651445733
  frame_id: "videofile_frame"
bounding_boxes: 
  - 
    Class: "car"
    probability: 0.99144166708
    xmin: 1605
    ymin: 531
    xmax: 1712
    ymax: 598
  - 
    Class: "car"
    probability: 0.938686907291
    xmin: 1093
    ymin: 403
    xmax: 1149
    ymax: 443
  - 
    Class: "car"
    probability: 0.923450052738
    xmin: 839
    ymin: 447
    xmax: 889
    ymax: 490
  - 
    Class: "car"
    probability: 0.8959171772
    xmin: 1017
    ymin: 390
    xmax: 1058
    ymax: 421
  - 
    Class: "car"
    probability: 0.836553514004
    xmin: 905
    ymin: 417
    xmax: 977
    ymax: 477
  - 
    Class: "truck"
    probability: 0.881311058998
    xmin: 853
    ymin: 946
    xmax: 1142
    ymax: 1076
---
header: 
  seq: 2829
  stamp: 
    secs: 1562112938
    nsecs: 881840345
  frame_id: "detection"
image_header: 
  seq: 4799
  stamp: 
    secs: 1562112938
    nsecs: 718133017
  frame_id: "videofile_frame"
bounding_boxes: 
  - 
    Class: "car"
    probability: 0.993370652199
    xmin: 1631
    ymin: 539
    xmax: 1742
    ymax: 606
  - 
    Class: "car"
    probability: 0.937546491623
    xmin: 1096
    ymin: 404
    xmax: 1150
    ymax: 445
  - 
    Class: "car"
    probability: 0.932584106922
    xmin: 1016
    ymin: 392
    xmax: 1061
    ymax: 425
  - 
    Class: "car"
    probability: 0.927120029926
    xmin: 837
    ymin: 441
    xmax: 890
    ymax: 481
  - 
    Class: "truck"
    probability: 0.964302182198
    xmin: 859
    ymin: 883
    xmax: 1127
    ymax: 1071
---
header: 
  seq: 2830
  stamp: 
    secs: 1562112938
    nsecs: 936021290
  frame_id: "detection"
image_header: 
  seq: 4800
  stamp: 
    secs: 1562112938
    nsecs: 751974454
  frame_id: "videofile_frame"
bounding_boxes: 
  - 
    Class: "car"
    probability: 0.904104232788
    xmin: 1373
    ymin: 732
    xmax: 1600
    ymax: 916
  - 
    Class: "car"
    probability: 0.97998636961
    xmin: 1645
    ymin: 543
    xmax: 1754
    ymax: 616
  - 
    Class: "car"
    probability: 0.961956620216
    xmin: 1017
    ymin: 394
    xmax: 1064
    ymax: 427
  - 
    Class: "car"
    probability: 0.81095212698
    xmin: 900
    ymin: 417
    xmax: 975
    ymax: 497
  - 
    Class: "car"
    probability: 0.917691469193
    xmin: 836
    ymin: 441
    xmax: 886
    ymax: 481
  - 
    Class: "car"
    probability: 0.90332865715
    xmin: 1102
    ymin: 402
    xmax: 1153
    ymax: 440
  - 
    Class: "car"
    probability: 0.888154745102
    xmin: 1074
    ymin: 416
    xmax: 1129
    ymax: 458
  - 
    Class: "truck"
    probability: 0.976573944092
    xmin: 848
    ymin: 867
    xmax: 1130
    ymax: 1074
---
header: 
  seq: 2831
  stamp: 
    secs: 1562112938
    nsecs: 988990329
  frame_id: "detection"
image_header: 
  seq: 4802
  stamp: 
    secs: 1562112938
    nsecs: 818262990
  frame_id: "videofile_frame"
bounding_boxes: 
  - 
    Class: "car"
    probability: 0.88282585144
    xmin: 1343
    ymin: 702
    xmax: 1545
    ymax: 867
  - 
    Class: "car"
    probability: 0.988182067871
    xmin: 1664
    ymin: 547
    xmax: 1784
    ymax: 621
  - 
    Class: "car"
    probability: 0.978839159012
    xmin: 1024
    ymin: 395
    xmax: 1068
    ymax: 427
  - 
    Class: "car"
    probability: 0.942242324352
    xmin: 1100
    ymin: 401
    xmax: 1159
    ymax: 444
  - 
    Class: "car"
    probability: 0.942139744759
    xmin: 840
    ymin: 442
    xmax: 887
    ymax: 478
  - 
    Class: "car"
    probability: 0.856776297092
    xmin: 951
    ymin: 371
    xmax: 991
    ymax: 399
  - 
    Class: "truck"
    probability: 0.879197001457
    xmin: 851
    ymin: 817
    xmax: 1103
    ymax: 1080
---
header: 
  seq: 2832
  stamp: 
    secs: 1562112939
    nsecs:  46854353
  frame_id: "detection"
image_header: 
  seq: 4803
  stamp: 
    secs: 1562112938
    nsecs: 851354532
  frame_id: "videofile_frame"
bounding_boxes: 
  - 
    Class: "car"
    probability: 0.857203066349
    xmin: 1286
    ymin: 668
    xmax: 1476
    ymax: 816
  - 
    Class: "car"
    probability: 0.984694719315
    xmin: 1707
    ymin: 556
    xmax: 1831
    ymax: 633
  - 
    Class: "car"
    probability: 0.987460315228
    xmin: 1027
    ymin: 393
    xmax: 1069
    ymax: 430
  - 
    Class: "car"
    probability: 0.97995364666
    xmin: 541
    ymin: 985
    xmax: 741
    ymax: 1080
  - 
    Class: "car"
    probability: 0.969574391842
    xmin: 1100
    ymin: 408
    xmax: 1154
    ymax: 461
  - 
    Class: "car"
    probability: 0.846834242344
    xmin: 896
    ymin: 407
    xmax: 967
    ymax: 480
  - 
    Class: "car"
    probability: 0.910192787647
    xmin: 838
    ymin: 438
    xmax: 886
    ymax: 476
  - 
    Class: "car"
    probability: 0.877187609673
    xmin: 951
    ymin: 370
    xmax: 991
    ymax: 399
---
header: 
  seq: 2833
  stamp: 
    secs: 1562112939
    nsecs:  99828515
  frame_id: "detection"
image_header: 
  seq: 4805
  stamp: 
    secs: 1562112938
    nsecs: 919857909
  frame_id: "videofile_frame"
bounding_boxes: 
  - 
    Class: "car"
    probability: 0.990153610706
    xmin: 1717
    ymin: 562
    xmax: 1849
    ymax: 638
  - 
    Class: "car"
    probability: 0.978845953941
    xmin: 1027
    ymin: 396
    xmax: 1070
    ymax: 430
  - 
    Class: "car"
    probability: 0.958578228951
    xmin: 1102
    ymin: 406
    xmax: 1159
    ymax: 465
  - 
    Class: "car"
    probability: 0.951583147049
    xmin: 838
    ymin: 437
    xmax: 885
    ymax: 473
  - 
    Class: "car"
    probability: 0.941111385822
    xmin: 542
    ymin: 963
    xmax: 746
    ymax: 1080
  - 
    Class: "car"
    probability: 0.842164516449
    xmin: 893
    ymin: 405
    xmax: 968
    ymax: 491
---
header: 
  seq: 2834
  stamp: 
    secs: 1562112939
    nsecs: 148642668
  frame_id: "detection"
image_header: 
  seq: 4806
  stamp: 
    secs: 1562112938
    nsecs: 951387052
  frame_id: "videofile_frame"
bounding_boxes: 
  - 
    Class: "car"
    probability: 0.990153610706
    xmin: 1717
    ymin: 562
    xmax: 1849
    ymax: 638
  - 
    Class: "car"
    probability: 0.978845953941
    xmin: 1027
    ymin: 396
    xmax: 1070
    ymax: 430
  - 
    Class: "car"
    probability: 0.958578228951
    xmin: 1102
    ymin: 406
    xmax: 1159
    ymax: 465
  - 
    Class: "car"
    probability: 0.951583147049
    xmin: 838
    ymin: 437
    xmax: 885
    ymax: 473
  - 
    Class: "car"
    probability: 0.941111385822
    xmin: 542
    ymin: 963
    xmax: 746
    ymax: 1080
  - 
    Class: "car"
    probability: 0.842164516449
    xmin: 893
    ymin: 405
    xmax: 968
    ymax: 491
---
header: 
  seq: 2835
  stamp: 
    secs: 1562112939
    nsecs: 208573616
  frame_id: "detection"
image_header: 
  seq: 4808
  stamp: 
    secs: 1562112939
    nsecs:  17993183
  frame_id: "videofile_frame"
bounding_boxes: 
  - 
    Class: "car"
    probability: 0.906320691109
    xmin: 1252
    ymin: 632
    xmax: 1414
    ymax: 768
  - 
    Class: "car"
    probability: 0.991004526615
    xmin: 1027
    ymin: 396
    xmax: 1071
    ymax: 432
  - 
    Class: "car"
    probability: 0.978533864021
    xmin: 1106
    ymin: 406
    xmax: 1164
    ymax: 466
  - 
    Class: "car"
    probability: 0.97149258852
    xmin: 1747
    ymin: 572
    xmax: 1877
    ymax: 647
  - 
    Class: "car"
    probability: 0.841820776463
    xmin: 556
    ymin: 915
    xmax: 749
    ymax: 1076
  - 
    Class: "car"
    probability: 0.949384391308
    xmin: 837
    ymin: 435
    xmax: 886
    ymax: 470
  - 
    Class: "car"
    probability: 0.816770553589
    xmin: 894
    ymin: 407
    xmax: 965
    ymax: 483
  - 
    Class: "car"
    probability: 0.846197724342
    xmin: 952
    ymin: 370
    xmax: 996
    ymax: 404
---
header: 
  seq: 2836
  stamp: 
    secs: 1562112939
    nsecs: 265918940
  frame_id: "detection"
image_header: 
  seq: 4810
  stamp: 
    secs: 1562112939
    nsecs:  83410526
  frame_id: "videofile_frame"
bounding_boxes: 
  - 
    Class: "car"
    probability: 0.85932290554
    xmin: 1231
    ymin: 621
    xmax: 1378
    ymax: 742
  - 
    Class: "car"
    probability: 0.977820575237
    xmin: 1119
    ymin: 405
    xmax: 1182
    ymax: 464
  - 
    Class: "car"
    probability: 0.964109182358
    xmin: 1784
    ymin: 587
    xmax: 1914
    ymax: 665
  - 
    Class: "car"
    probability: 0.979112923145
    xmin: 1037
    ymin: 396
    xmax: 1075
    ymax: 434
  - 
    Class: "car"
    probability: 0.97637039423
    xmin: 577
    ymin: 876
    xmax: 761
    ymax: 1074
  - 
    Class: "car"
    probability: 0.921479403973
    xmin: 837
    ymin: 432
    xmax: 883
    ymax: 467
  - 
    Class: "car"
    probability: 0.865195393562
    xmin: 891
    ymin: 402
    xmax: 963
    ymax: 478
  - 
    Class: "truck"
    probability: 0.802432835102
    xmin: 851
    ymin: 700
    xmax: 1021
    ymax: 947
---
header: 
  seq: 2837
  stamp: 
    secs: 1562112939
    nsecs: 311897254
  frame_id: "detection"
image_header: 
  seq: 4811
  stamp: 
    secs: 1562112939
    nsecs: 119947156
  frame_id: "videofile_frame"
bounding_boxes: 
  - 
    Class: "car"
    probability: 0.986234307289
    xmin: 1037
    ymin: 396
    xmax: 1079
    ymax: 434
  - 
    Class: "car"
    probability: 0.966224491596
    xmin: 1800
    ymin: 585
    xmax: 1913
    ymax: 668
  - 
    Class: "car"
    probability: 0.957197666168
    xmin: 1122
    ymin: 408
    xmax: 1182
    ymax: 463
  - 
    Class: "car"
    probability: 0.861789703369
    xmin: 580
    ymin: 861
    xmax: 761
    ymax: 1059
  - 
    Class: "car"
    probability: 0.881053864956
    xmin: 835
    ymin: 430
    xmax: 882
    ymax: 466
---
header: 
  seq: 2838
  stamp: 
    secs: 1562112939
    nsecs: 366719704
  frame_id: "detection"
image_header: 
  seq: 4813
  stamp: 
    secs: 1562112939
    nsecs: 184757330
  frame_id: "videofile_frame"
bounding_boxes: 
  - 
    Class: "car"
    probability: 0.862147629261
    xmin: 1201
    ymin: 601
    xmax: 1334
    ymax: 719
  - 
    Class: "car"
    probability: 0.991606891155
    xmin: 1039
    ymin: 397
    xmax: 1082
    ymax: 435
  - 
    Class: "car"
    probability: 0.975456297398
    xmin: 1125
    ymin: 411
    xmax: 1185
    ymax: 466
  - 
    Class: "car"
    probability: 0.934345602989
    xmin: 601
    ymin: 822
    xmax: 761
    ymax: 1022
  - 
    Class: "car"
    probability: 0.926867246628
    xmin: 1830
    ymin: 588
    xmax: 1920
    ymax: 686
  - 
    Class: "train"
    probability: 0.823742747307
    xmin: 738
    ymin: 367
    xmax: 803
    ymax: 584
---
header: 
  seq: 2839
  stamp: 
    secs: 1562112939
    nsecs: 421663300
  frame_id: "detection"
image_header: 
  seq: 4815
  stamp: 
    secs: 1562112939
    nsecs: 251012107
  frame_id: "videofile_frame"
bounding_boxes: 
  - 
    Class: "car"
    probability: 0.947028934956
    xmin: 1128
    ymin: 410
    xmax: 1194
    ymax: 466
  - 
    Class: "car"
    probability: 0.965492188931
    xmin: 1045
    ymin: 402
    xmax: 1086
    ymax: 437
  - 
    Class: "car"
    probability: 0.885712504387
    xmin: 953
    ymin: 378
    xmax: 1002
    ymax: 412
  - 
    Class: "car"
    probability: 0.814905285835
    xmin: 834
    ymin: 423
    xmax: 872
    ymax: 460
  - 
    Class: "train"
    probability: 0.881937146187
    xmin: 737
    ymin: 358
    xmax: 801
    ymax: 545
---
header: 
  seq: 2840
  stamp: 
    secs: 1562112939
    nsecs: 478853846
  frame_id: "detection"
image_header: 
  seq: 4816
  stamp: 
    secs: 1562112939
    nsecs: 284603779
  frame_id: "videofile_frame"
bounding_boxes: 
  - 
    Class: "car"
    probability: 0.872062563896
    xmin: 630
    ymin: 777
    xmax: 764
    ymax: 935
  - 
    Class: "car"
    probability: 0.80005300045
    xmin: 892
    ymin: 405
    xmax: 947
    ymax: 469
  - 
    Class: "car"
    probability: 0.90608561039
    xmin: 958
    ymin: 381
    xmax: 1003
    ymax: 413
  - 
    Class: "car"
    probability: 0.871914625168
    xmin: 1044
    ymin: 403
    xmax: 1087
    ymax: 440
  - 
    Class: "train"
    probability: 0.949556648731
    xmin: 736
    ymin: 349
    xmax: 803
    ymax: 559
---
header: 
  seq: 2841
  stamp: 
    secs: 1562112939
    nsecs: 529495226
  frame_id: "detection"
image_header: 
  seq: 4818
  stamp: 
    secs: 1562112939
    nsecs: 350791211
  frame_id: "videofile_frame"
bounding_boxes: 
  - 
    Class: "car"
    probability: 0.947081208229
    xmin: 1136
    ymin: 419
    xmax: 1206
    ymax: 473
  - 
    Class: "car"
    probability: 0.969083547592
    xmin: 641
    ymin: 758
    xmax: 769
    ymax: 898
  - 
    Class: "car"
    probability: 0.914618492126
    xmin: 887
    ymin: 400
    xmax: 946
    ymax: 470
  - 
    Class: "car"
    probability: 0.921963691711
    xmin: 1051
    ymin: 402
    xmax: 1096
    ymax: 441
---
header: 
  seq: 2842
  stamp: 
    secs: 1562112939
    nsecs: 583953050
  frame_id: "detection"
image_header: 
  seq: 4819
  stamp: 
    secs: 1562112939
    nsecs: 385214204
  frame_id: "videofile_frame"
bounding_boxes: 
  - 
    Class: "car"
    probability: 0.975416600704
    xmin: 1054
    ymin: 403
    xmax: 1098
    ymax: 441
  - 
    Class: "car"
    probability: 0.934768795967
    xmin: 645
    ymin: 744
    xmax: 776
    ymax: 885
  - 
    Class: "car"
    probability: 0.849423229694
    xmin: 886
    ymin: 400
    xmax: 943
    ymax: 467
  - 
    Class: "car"
    probability: 0.905144155025
    xmin: 1136
    ymin: 415
    xmax: 1207
    ymax: 474
---
header: 
  seq: 2843
  stamp: 
    secs: 1562112939
    nsecs: 643007488
  frame_id: "detection"
image_header: 
  seq: 4821
  stamp: 
    secs: 1562112939
    nsecs: 450988985
  frame_id: "videofile_frame"
bounding_boxes: 
  - 
    Class: "car"
    probability: 0.984022021294
    xmin: 1057
    ymin: 401
    xmax: 1103
    ymax: 442
  - 
    Class: "car"
    probability: 0.882118403912
    xmin: 1142
    ymin: 549
    xmax: 1242
    ymax: 650
  - 
    Class: "car"
    probability: 0.959757506847
    xmin: 658
    ymin: 725
    xmax: 780
    ymax: 856
  - 
    Class: "car"
    probability: 0.958615601063
    xmin: 1141
    ymin: 417
    xmax: 1210
    ymax: 483
  - 
    Class: "car"
    probability: 0.940194904804
    xmin: 883
    ymin: 403
    xmax: 936
    ymax: 465
  - 
    Class: "car"
    probability: 0.899503111839
    xmin: 988
    ymin: 382
    xmax: 1027
    ymax: 412
---
header: 
  seq: 2844
  stamp: 
    secs: 1562112939
    nsecs: 707219397
  frame_id: "detection"
image_header: 
  seq: 4823
  stamp: 
    secs: 1562112939
    nsecs: 516646267
  frame_id: "videofile_frame"
bounding_boxes: 
  - 
    Class: "car"
    probability: 0.970688462257
    xmin: 672
    ymin: 693
    xmax: 783
    ymax: 813
  - 
    Class: "car"
    probability: 0.972390294075
    xmin: 1064
    ymin: 411
    xmax: 1108
    ymax: 455
  - 
    Class: "car"
    probability: 0.921751976013
    xmin: 880
    ymin: 401
    xmax: 934
    ymax: 464
  - 
    Class: "car"
    probability: 0.931501984596
    xmin: 1160
    ymin: 426
    xmax: 1225
    ymax: 474
  - 
    Class: "car"
    probability: 0.91238629818
    xmin: 1119
    ymin: 542
    xmax: 1217
    ymax: 629
  - 
    Class: "car"
    probability: 0.815315961838
    xmin: 992
    ymin: 385
    xmax: 1025
    ymax: 413
---
header: 
  seq: 2845
  stamp: 
    secs: 1562112939
    nsecs: 783916307
  frame_id: "detection"
image_header: 
  seq: 4824
  stamp: 
    secs: 1562112939
    nsecs: 551239995
  frame_id: "videofile_frame"
bounding_boxes: 
  - 
    Class: "car"
    probability: 0.895405292511
    xmin: 1170
    ymin: 425
    xmax: 1237
    ymax: 480
  - 
    Class: "car"
    probability: 0.957883536816
    xmin: 1107
    ymin: 530
    xmax: 1202
    ymax: 618
  - 
    Class: "car"
    probability: 0.945121705532
    xmin: 1066
    ymin: 410
    xmax: 1111
    ymax: 455
  - 
    Class: "car"
    probability: 0.928177118301
    xmin: 883
    ymin: 394
    xmax: 934
    ymax: 454
  - 
    Class: "car"
    probability: 0.927475690842
    xmin: 674
    ymin: 680
    xmax: 786
    ymax: 801
  - 
    Class: "car"
    probability: 0.925690412521
    xmin: 991
    ymin: 387
    xmax: 1028
    ymax: 418
---
header: 
  seq: 2846
  stamp: 
    secs: 1562112939
    nsecs: 842020223
  frame_id: "detection"
image_header: 
  seq: 4826
  stamp: 
    secs: 1562112939
    nsecs: 617861817
  frame_id: "videofile_frame"
bounding_boxes: 
  - 
    Class: "car"
    probability: 0.978940248489
    xmin: 1068
    ymin: 408
    xmax: 1115
    ymax: 459
  - 
    Class: "car"
    probability: 0.90259718895
    xmin: 1104
    ymin: 526
    xmax: 1196
    ymax: 619
  - 
    Class: "car"
    probability: 0.938254952431
    xmin: 1162
    ymin: 422
    xmax: 1239
    ymax: 482
  - 
    Class: "car"
    probability: 0.958006680012
    xmin: 988
    ymin: 388
    xmax: 1030
    ymax: 420
  - 
    Class: "car"
    probability: 0.932939946651
    xmin: 881
    ymin: 395
    xmax: 931
    ymax: 449
  - 
    Class: "car"
    probability: 0.883753240108
    xmin: 682
    ymin: 671
    xmax: 785
    ymax: 770
---
header: 
  seq: 2847
  stamp: 
    secs: 1562112939
    nsecs: 886952964
  frame_id: "detection"
image_header: 
  seq: 4827
  stamp: 
    secs: 1562112939
    nsecs: 653347768
  frame_id: "videofile_frame"
bounding_boxes: 
  - 
    Class: "car"
    probability: 0.978940248489
    xmin: 1068
    ymin: 408
    xmax: 1115
    ymax: 459
  - 
    Class: "car"
    probability: 0.90259718895
    xmin: 1104
    ymin: 526
    xmax: 1196
    ymax: 619
  - 
    Class: "car"
    probability: 0.938254952431
    xmin: 1162
    ymin: 422
    xmax: 1239
    ymax: 482
  - 
    Class: "car"
    probability: 0.958006680012
    xmin: 988
    ymin: 388
    xmax: 1030
    ymax: 420
  - 
    Class: "car"
    probability: 0.932939946651
    xmin: 881
    ymin: 395
    xmax: 931
    ymax: 449
  - 
    Class: "car"
    probability: 0.883753240108
    xmin: 682
    ymin: 671
    xmax: 785
    ymax: 770
---
header: 
  seq: 2848
  stamp: 
    secs: 1562112939
    nsecs: 962450456
  frame_id: "detection"
image_header: 
  seq: 4830
  stamp: 
    secs: 1562112939
    nsecs: 752148938
  frame_id: "videofile_frame"
bounding_boxes: 
  - 
    Class: "car"
    probability: 0.979184269905
    xmin: 1072
    ymin: 509
    xmax: 1161
    ymax: 590
  - 
    Class: "car"
    probability: 0.969924509525
    xmin: 873
    ymin: 393
    xmax: 928
    ymax: 452
  - 
    Class: "car"
    probability: 0.980266213417
    xmin: 991
    ymin: 389
    xmax: 1033
    ymax: 421
  - 
    Class: "car"
    probability: 0.968801140785
    xmin: 1077
    ymin: 415
    xmax: 1131
    ymax: 459
  - 
    Class: "car"
    probability: 0.943998813629
    xmin: 1176
    ymin: 448
    xmax: 1245
    ymax: 505
  - 
    Class: "car"
    probability: 0.926306545734
    xmin: 695
    ymin: 640
    xmax: 789
    ymax: 726
  - 
    Class: "car"
    probability: 0.823256194592
    xmin: 1168
    ymin: 419
    xmax: 1245
    ymax: 474
---
header: 
  seq: 2849
  stamp: 
    secs: 1562112940
    nsecs:  15528832
  frame_id: "detection"
image_header: 
  seq: 4832
  stamp: 
    secs: 1562112939
    nsecs: 818511040
  frame_id: "videofile_frame"
bounding_boxes: 
  - 
    Class: "car"
    probability: 0.980505287647
    xmin: 990
    ymin: 388
    xmax: 1035
    ymax: 421
  - 
    Class: "car"
    probability: 0.969207465649
    xmin: 1068
    ymin: 507
    xmax: 1154
    ymax: 586
  - 
    Class: "car"
    probability: 0.971674442291
    xmin: 1079
    ymin: 411
    xmax: 1131
    ymax: 459
  - 
    Class: "car"
    probability: 0.975260317326
    xmin: 1177
    ymin: 444
    xmax: 1250
    ymax: 509
  - 
    Class: "car"
    probability: 0.956750273705
    xmin: 875
    ymin: 391
    xmax: 929
    ymax: 453
  - 
    Class: "car"
    probability: 0.947625100613
    xmin: 694
    ymin: 631
    xmax: 792
    ymax: 727
---
header: 
  seq: 2850
  stamp: 
    secs: 1562112940
    nsecs:  71344162
  frame_id: "detection"
image_header: 
  seq: 4833
  stamp: 
    secs: 1562112939
    nsecs: 852281538
  frame_id: "videofile_frame"
bounding_boxes: 
  - 
    Class: "car"
    probability: 0.980505287647
    xmin: 990
    ymin: 388
    xmax: 1035
    ymax: 421
  - 
    Class: "car"
    probability: 0.969207465649
    xmin: 1068
    ymin: 507
    xmax: 1154
    ymax: 586
  - 
    Class: "car"
    probability: 0.971674442291
    xmin: 1079
    ymin: 411
    xmax: 1131
    ymax: 459
  - 
    Class: "car"
    probability: 0.975260317326
    xmin: 1177
    ymin: 444
    xmax: 1250
    ymax: 509
  - 
    Class: "car"
    probability: 0.956750273705
    xmin: 875
    ymin: 391
    xmax: 929
    ymax: 453
  - 
    Class: "car"
    probability: 0.947625100613
    xmin: 694
    ymin: 631
    xmax: 792
    ymax: 727
---
header: 
  seq: 2851
  stamp: 
    secs: 1562112940
    nsecs: 144487207
  frame_id: "detection"
image_header: 
  seq: 4836
  stamp: 
    secs: 1562112939
    nsecs: 950314441
  frame_id: "videofile_frame"
bounding_boxes: 
  - 
    Class: "car"
    probability: 0.992917656898
    xmin: 1093
    ymin: 416
    xmax: 1142
    ymax: 467
  - 
    Class: "car"
    probability: 0.986027657986
    xmin: 993
    ymin: 388
    xmax: 1039
    ymax: 422
  - 
    Class: "car"
    probability: 0.956462681293
    xmin: 867
    ymin: 387
    xmax: 922
    ymax: 444
  - 
    Class: "car"
    probability: 0.964946627617
    xmin: 1195
    ymin: 457
    xmax: 1274
    ymax: 510
  - 
    Class: "car"
    probability: 0.952904582024
    xmin: 1057
    ymin: 502
    xmax: 1132
    ymax: 562
  - 
    Class: "car"
    probability: 0.925115644932
    xmin: 1181
    ymin: 419
    xmax: 1236
    ymax: 460
  - 
    Class: "car"
    probability: 0.888645589352
    xmin: 702
    ymin: 608
    xmax: 792
    ymax: 701
  - 
    Class: "car"
    probability: 0.893036186695
    xmin: 823
    ymin: 405
    xmax: 857
    ymax: 438
  - 
    Class: "car"
    probability: 0.874855935574
    xmin: 923
    ymin: 363
    xmax: 961
    ymax: 388
  - 
    Class: "truck"
    probability: 0.954829454422
    xmin: 869
    ymin: 864
    xmax: 1287
    ymax: 1074
---
header: 
  seq: 2852
  stamp: 
    secs: 1562112940
    nsecs: 187513028
  frame_id: "detection"
image_header: 
  seq: 4837
  stamp: 
    secs: 1562112939
    nsecs: 986101741
  frame_id: "videofile_frame"
bounding_boxes: 
  - 
    Class: "car"
    probability: 0.992917656898
    xmin: 1093
    ymin: 416
    xmax: 1142
    ymax: 467
  - 
    Class: "car"
    probability: 0.986027657986
    xmin: 993
    ymin: 388
    xmax: 1039
    ymax: 422
  - 
    Class: "car"
    probability: 0.956462681293
    xmin: 867
    ymin: 387
    xmax: 922
    ymax: 444
  - 
    Class: "car"
    probability: 0.964946627617
    xmin: 1195
    ymin: 457
    xmax: 1274
    ymax: 510
  - 
    Class: "car"
    probability: 0.952904582024
    xmin: 1057
    ymin: 502
    xmax: 1132
    ymax: 562
  - 
    Class: "car"
    probability: 0.925115644932
    xmin: 1181
    ymin: 419
    xmax: 1236
    ymax: 460
  - 
    Class: "car"
    probability: 0.888645589352
    xmin: 702
    ymin: 608
    xmax: 792
    ymax: 701
  - 
    Class: "car"
    probability: 0.893036186695
    xmin: 823
    ymin: 405
    xmax: 857
    ymax: 438
  - 
    Class: "car"
    probability: 0.874855935574
    xmin: 923
    ymin: 363
    xmax: 961
    ymax: 388
  - 
    Class: "truck"
    probability: 0.954829454422
    xmin: 869
    ymin: 864
    xmax: 1287
    ymax: 1074
---
header: 
  seq: 2853
  stamp: 
    secs: 1562112940
    nsecs: 245821736
  frame_id: "detection"
image_header: 
  seq: 4839
  stamp: 
    secs: 1562112940
    nsecs:  52850910
  frame_id: "videofile_frame"
bounding_boxes: 
  - 
    Class: "car"
    probability: 0.994097352028
    xmin: 1099
    ymin: 419
    xmax: 1146
    ymax: 468
  - 
    Class: "car"
    probability: 0.985050976276
    xmin: 1199
    ymin: 470
    xmax: 1284
    ymax: 519
  - 
    Class: "car"
    probability: 0.956171870232
    xmin: 708
    ymin: 599
    xmax: 797
    ymax: 687
  - 
    Class: "car"
    probability: 0.97417062521
    xmin: 992
    ymin: 389
    xmax: 1044
    ymax: 423
  - 
    Class: "car"
    probability: 0.969038486481
    xmin: 1183
    ymin: 424
    xmax: 1239
    ymax: 462
  - 
    Class: "car"
    probability: 0.897079050541
    xmin: 866
    ymin: 387
    xmax: 919
    ymax: 445
  - 
    Class: "car"
    probability: 0.95017272234
    xmin: 1047
    ymin: 496
    xmax: 1122
    ymax: 558
  - 
    Class: "car"
    probability: 0.834944486618
    xmin: 824
    ymin: 403
    xmax: 853
    ymax: 433
  - 
    Class: "truck"
    probability: 0.93970811367
    xmin: 850
    ymin: 801
    xmax: 1280
    ymax: 1072
---
header: 
  seq: 2854
  stamp: 
    secs: 1562112940
    nsecs: 299450201
  frame_id: "detection"
image_header: 
  seq: 4841
  stamp: 
    secs: 1562112940
    nsecs: 117508025
  frame_id: "videofile_frame"
bounding_boxes: 
  - 
    Class: "car"
    probability: 0.993811011314
    xmin: 1098
    ymin: 414
    xmax: 1151
    ymax: 470
  - 
    Class: "car"
    probability: 0.977559030056
    xmin: 993
    ymin: 387
    xmax: 1047
    ymax: 424
  - 
    Class: "car"
    probability: 0.946713387966
    xmin: 865
    ymin: 387
    xmax: 918
    ymax: 439
  - 
    Class: "car"
    probability: 0.956638813019
    xmin: 1034
    ymin: 486
    xmax: 1113
    ymax: 549
  - 
    Class: "car"
    probability: 0.962413072586
    xmin: 1206
    ymin: 464
    xmax: 1294
    ymax: 522
  - 
    Class: "car"
    probability: 0.854712724686
    xmin: 711
    ymin: 589
    xmax: 797
    ymax: 676
  - 
    Class: "car"
    probability: 0.936275422573
    xmin: 1186
    ymin: 423
    xmax: 1241
    ymax: 461
  - 
    Class: "car"
    probability: 0.869361579418
    xmin: 820
    ymin: 402
    xmax: 851
    ymax: 430
---
header: 
  seq: 2855
  stamp: 
    secs: 1562112940
    nsecs: 344894721
  frame_id: "detection"
image_header: 
  seq: 4842
  stamp: 
    secs: 1562112940
    nsecs: 152850007
  frame_id: "videofile_frame"
bounding_boxes: 
  - 
    Class: "car"
    probability: 0.995573043823
    xmin: 1100
    ymin: 416
    xmax: 1156
    ymax: 471
  - 
    Class: "car"
    probability: 0.973088443279
    xmin: 990
    ymin: 387
    xmax: 1047
    ymax: 422
  - 
    Class: "car"
    probability: 0.951504707336
    xmin: 1193
    ymin: 424
    xmax: 1259
    ymax: 466
  - 
    Class: "car"
    probability: 0.870048046112
    xmin: 864
    ymin: 383
    xmax: 918
    ymax: 439
  - 
    Class: "car"
    probability: 0.923681497574
    xmin: 1034
    ymin: 482
    xmax: 1111
    ymax: 546
  - 
    Class: "car"
    probability: 0.934050321579
    xmin: 1223
    ymin: 458
    xmax: 1300
    ymax: 513
  - 
    Class: "car"
    probability: 0.932264268398
    xmin: 820
    ymin: 403
    xmax: 852
    ymax: 430
---
header: 
  seq: 2856
  stamp: 
    secs: 1562112940
    nsecs: 399261371
  frame_id: "detection"
image_header: 
  seq: 4844
  stamp: 
    secs: 1562112940
    nsecs: 217715903
  frame_id: "videofile_frame"
bounding_boxes: 
  - 
    Class: "car"
    probability: 0.988459944725
    xmin: 1105
    ymin: 417
    xmax: 1164
    ymax: 471
  - 
    Class: "car"
    probability: 0.961660087109
    xmin: 1195
    ymin: 428
    xmax: 1260
    ymax: 464
  - 
    Class: "car"
    probability: 0.916695415974
    xmin: 1027
    ymin: 481
    xmax: 1101
    ymax: 546
  - 
    Class: "car"
    probability: 0.94449532032
    xmin: 1228
    ymin: 465
    xmax: 1313
    ymax: 513
  - 
    Class: "car"
    probability: 0.893237531185
    xmin: 992
    ymin: 387
    xmax: 1047
    ymax: 423
---
header: 
  seq: 2857
  stamp: 
    secs: 1562112940
    nsecs: 451958192
  frame_id: "detection"
image_header: 
  seq: 4846
  stamp: 
    secs: 1562112940
    nsecs: 285324459
  frame_id: "videofile_frame"
bounding_boxes: 
  - 
    Class: "car"
    probability: 0.992605805397
    xmin: 1108
    ymin: 417
    xmax: 1169
    ymax: 472
  - 
    Class: "car"
    probability: 0.980831027031
    xmin: 1207
    ymin: 432
    xmax: 1264
    ymax: 469
  - 
    Class: "car"
    probability: 0.959887444973
    xmin: 1235
    ymin: 477
    xmax: 1313
    ymax: 537
  - 
    Class: "car"
    probability: 0.931926906109
    xmin: 1020
    ymin: 476
    xmax: 1094
    ymax: 539
  - 
    Class: "car"
    probability: 0.836646616459
    xmin: 865
    ymin: 382
    xmax: 912
    ymax: 430
  - 
    Class: "car"
    probability: 0.897152364254
    xmin: 818
    ymin: 398
    xmax: 850
    ymax: 427
  - 
    Class: "car"
    probability: 0.897092103958
    xmin: 1025
    ymin: 394
    xmax: 1062
    ymax: 423
  - 
    Class: "car"
    probability: 0.83963984251
    xmin: 725
    ymin: 574
    xmax: 805
    ymax: 635
  - 
    Class: "car"
    probability: 0.851596832275
    xmin: 992
    ymin: 388
    xmax: 1041
    ymax: 421
  - 
    Class: "truck"
    probability: 0.841867148876
    xmin: 839
    ymin: 662
    xmax: 1148
    ymax: 1080
---
header: 
  seq: 2858
  stamp: 
    secs: 1562112940
    nsecs: 501696966
  frame_id: "detection"
image_header: 
  seq: 4847
  stamp: 
    secs: 1562112940
    nsecs: 317366735
  frame_id: "videofile_frame"
bounding_boxes: 
  - 
    Class: "car"
    probability: 0.97985637188
    xmin: 1108
    ymin: 418
    xmax: 1170
    ymax: 472
  - 
    Class: "car"
    probability: 0.981892168522
    xmin: 1238
    ymin: 478
    xmax: 1325
    ymax: 539
  - 
    Class: "car"
    probability: 0.962991595268
    xmin: 1208
    ymin: 429
    xmax: 1269
    ymax: 470
  - 
    Class: "car"
    probability: 0.957565784454
    xmin: 818
    ymin: 396
    xmax: 849
    ymax: 427
  - 
    Class: "car"
    probability: 0.952666819096
    xmin: 1026
    ymin: 395
    xmax: 1067
    ymax: 424
  - 
    Class: "car"
    probability: 0.892603516579
    xmin: 1019
    ymin: 470
    xmax: 1086
    ymax: 539
  - 
    Class: "car"
    probability: 0.841934263706
    xmin: 724
    ymin: 572
    xmax: 806
    ymax: 630
  - 
    Class: "car"
    probability: 0.864760756493
    xmin: 990
    ymin: 389
    xmax: 1036
    ymax: 421
  - 
    Class: "truck"
    probability: 0.891779720783
    xmin: 833
    ymin: 646
    xmax: 1139
    ymax: 1080
---
header: 
  seq: 2859
  stamp: 
    secs: 1562112940
    nsecs: 557266538
  frame_id: "detection"
image_header: 
  seq: 4849
  stamp: 
    secs: 1562112940
    nsecs: 384041325
  frame_id: "videofile_frame"
bounding_boxes: 
  - 
    Class: "car"
    probability: 0.985140681267
    xmin: 1219
    ymin: 430
    xmax: 1267
    ymax: 471
  - 
    Class: "car"
    probability: 0.98584073782
    xmin: 1025
    ymin: 394
    xmax: 1069
    ymax: 426
  - 
    Class: "car"
    probability: 0.973652362823
    xmin: 1124
    ymin: 429
    xmax: 1175
    ymax: 477
  - 
    Class: "car"
    probability: 0.933441400528
    xmin: 816
    ymin: 394
    xmax: 848
    ymax: 427
  - 
    Class: "car"
    probability: 0.928000807762
    xmin: 1247
    ymin: 475
    xmax: 1331
    ymax: 545
  - 
    Class: "car"
    probability: 0.92462271452
    xmin: 1010
    ymin: 469
    xmax: 1078
    ymax: 528
  - 
    Class: "car"
    probability: 0.879792749882
    xmin: 726
    ymin: 562
    xmax: 802
    ymax: 626
  - 
    Class: "train"
    probability: 0.892797648907
    xmin: 842
    ymin: 641
    xmax: 1106
    ymax: 1068
---
header: 
  seq: 2860
  stamp: 
    secs: 1562112940
    nsecs: 606921069
  frame_id: "detection"
image_header: 
  seq: 4850
  stamp: 
    secs: 1562112940
    nsecs: 418647892
  frame_id: "videofile_frame"
bounding_boxes: 
  - 
    Class: "car"
    probability: 0.986164391041
    xmin: 1026
    ymin: 393
    xmax: 1069
    ymax: 427
  - 
    Class: "car"
    probability: 0.980505406857
    xmin: 1123
    ymin: 430
    xmax: 1177
    ymax: 479
  - 
    Class: "car"
    probability: 0.981518387794
    xmin: 1219
    ymin: 431
    xmax: 1269
    ymax: 469
  - 
    Class: "car"
    probability: 0.977456629276
    xmin: 1012
    ymin: 468
    xmax: 1074
    ymax: 524
  - 
    Class: "car"
    probability: 0.972751200199
    xmin: 1246
    ymin: 478
    xmax: 1347
    ymax: 544
  - 
    Class: "car"
    probability: 0.952795743942
    xmin: 814
    ymin: 393
    xmax: 847
    ymax: 426
  - 
    Class: "car"
    probability: 0.875116348267
    xmin: 727
    ymin: 558
    xmax: 804
    ymax: 622
  - 
    Class: "truck"
    probability: 0.828756868839
    xmin: 846
    ymin: 650
    xmax: 1094
    ymax: 1050
---
header: 
  seq: 2861
  stamp: 
    secs: 1562112940
    nsecs: 659716992
  frame_id: "detection"
image_header: 
  seq: 4852
  stamp: 
    secs: 1562112940
    nsecs: 484691088
  frame_id: "videofile_frame"
bounding_boxes: 
  - 
    Class: "car"
    probability: 0.984596669674
    xmin: 1125
    ymin: 428
    xmax: 1184
    ymax: 479
  - 
    Class: "car"
    probability: 0.978586673737
    xmin: 1263
    ymin: 486
    xmax: 1353
    ymax: 544
  - 
    Class: "car"
    probability: 0.971263110638
    xmin: 1029
    ymin: 396
    xmax: 1072
    ymax: 429
  - 
    Class: "car"
    probability: 0.951066851616
    xmin: 1224
    ymin: 434
    xmax: 1277
    ymax: 471
  - 
    Class: "car"
    probability: 0.890994548798
    xmin: 853
    ymin: 378
    xmax: 902
    ymax: 425
  - 
    Class: "car"
    probability: 0.930790364742
    xmin: 1006
    ymin: 464
    xmax: 1070
    ymax: 520
  - 
    Class: "car"
    probability: 0.871009647846
    xmin: 1277
    ymin: 460
    xmax: 1355
    ymax: 510
  - 
    Class: "car"
    probability: 0.801716148853
    xmin: 729
    ymin: 550
    xmax: 805
    ymax: 616
  - 
    Class: "truck"
    probability: 0.965795636177
    xmin: 829
    ymin: 601
    xmax: 1070
    ymax: 1007
---
header: 
  seq: 2862
  stamp: 
    secs: 1562112940
    nsecs: 711512903
  frame_id: "detection"
image_header: 
  seq: 4854
  stamp: 
    secs: 1562112940
    nsecs: 550676118
  frame_id: "videofile_frame"
bounding_boxes: 
  - 
    Class: "car"
    probability: 0.986596643925
    xmin: 1271
    ymin: 494
    xmax: 1375
    ymax: 552
  - 
    Class: "car"
    probability: 0.977128684521
    xmin: 1127
    ymin: 428
    xmax: 1189
    ymax: 478
  - 
    Class: "car"
    probability: 0.97688639164
    xmin: 1001
    ymin: 458
    xmax: 1058
    ymax: 509
  - 
    Class: "car"
    probability: 0.935230255127
    xmin: 988
    ymin: 386
    xmax: 1039
    ymax: 427
  - 
    Class: "car"
    probability: 0.928880691528
    xmin: 1032
    ymin: 398
    xmax: 1075
    ymax: 432
  - 
    Class: "car"
    probability: 0.851514399052
    xmin: 853
    ymin: 375
    xmax: 898
    ymax: 423
  - 
    Class: "car"
    probability: 0.916935920715
    xmin: 1227
    ymin: 435
    xmax: 1288
    ymax: 473
  - 
    Class: "car"
    probability: 0.808402061462
    xmin: 736
    ymin: 544
    xmax: 800
    ymax: 595
  - 
    Class: "truck"
    probability: 0.95201510191
    xmin: 846
    ymin: 607
    xmax: 1055
    ymax: 940
---
header: 
  seq: 2863
  stamp: 
    secs: 1562112940
    nsecs: 763597152
  frame_id: "detection"
image_header: 
  seq: 4855
  stamp: 
    secs: 1562112940
    nsecs: 584001590
  frame_id: "videofile_frame"
bounding_boxes: 
  - 
    Class: "car"
    probability: 0.972041130066
    xmin: 1132
    ymin: 430
    xmax: 1193
    ymax: 475
  - 
    Class: "car"
    probability: 0.964793026447
    xmin: 1284
    ymin: 500
    xmax: 1380
    ymax: 564
  - 
    Class: "car"
    probability: 0.946844339371
    xmin: 1231
    ymin: 436
    xmax: 1288
    ymax: 477
  - 
    Class: "car"
    probability: 0.946021854877
    xmin: 998
    ymin: 455
    xmax: 1059
    ymax: 507
  - 
    Class: "car"
    probability: 0.93231266737
    xmin: 1031
    ymin: 399
    xmax: 1076
    ymax: 432
  - 
    Class: "car"
    probability: 0.831600010395
    xmin: 855
    ymin: 376
    xmax: 898
    ymax: 422
  - 
    Class: "car"
    probability: 0.905367136002
    xmin: 990
    ymin: 388
    xmax: 1038
    ymax: 424
  - 
    Class: "car"
    probability: 0.867091119289
    xmin: 736
    ymin: 542
    xmax: 801
    ymax: 591
  - 
    Class: "car"
    probability: 0.842114686966
    xmin: 1252
    ymin: 455
    xmax: 1302
    ymax: 502
  - 
    Class: "truck"
    probability: 0.906200528145
    xmin: 847
    ymin: 613
    xmax: 1055
    ymax: 928
---
header: 
  seq: 2864
  stamp: 
    secs: 1562112940
    nsecs: 822072642
  frame_id: "detection"
image_header: 
  seq: 4857
  stamp: 
    secs: 1562112940
    nsecs: 650082532
  frame_id: "videofile_frame"
bounding_boxes: 
  - 
    Class: "car"
    probability: 0.98386657238
    xmin: 995
    ymin: 453
    xmax: 1050
    ymax: 503
  - 
    Class: "car"
    probability: 0.978919684887
    xmin: 1239
    ymin: 439
    xmax: 1294
    ymax: 474
  - 
    Class: "car"
    probability: 0.962027490139
    xmin: 1133
    ymin: 426
    xmax: 1197
    ymax: 476
  - 
    Class: "car"
    probability: 0.95067191124
    xmin: 1297
    ymin: 505
    xmax: 1391
    ymax: 563
  - 
    Class: "car"
    probability: 0.938498020172
    xmin: 1031
    ymin: 401
    xmax: 1082
    ymax: 434
  - 
    Class: "car"
    probability: 0.907020568848
    xmin: 991
    ymin: 388
    xmax: 1038
    ymax: 423
  - 
    Class: "car"
    probability: 0.889871239662
    xmin: 736
    ymin: 538
    xmax: 802
    ymax: 589
  - 
    Class: "car"
    probability: 0.864601254463
    xmin: 1146
    ymin: 443
    xmax: 1205
    ymax: 499
  - 
    Class: "car"
    probability: 0.837268948555
    xmin: 956
    ymin: 369
    xmax: 994
    ymax: 393
  - 
    Class: "car"
    probability: 0.827132582664
    xmin: 810
    ymin: 389
    xmax: 839
    ymax: 422
  - 
    Class: "truck"
    probability: 0.894550383091
    xmin: 846
    ymin: 594
    xmax: 1036
    ymax: 884
  - 
    Class: "truck"
    probability: 0.891066193581
    xmin: 504
    ymin: 915
    xmax: 745
    ymax: 1074
---
header: 
  seq: 2865
  stamp: 
    secs: 1562112940
    nsecs: 879255043
  frame_id: "detection"
image_header: 
  seq: 4858
  stamp: 
    secs: 1562112940
    nsecs: 684483940
  frame_id: "videofile_frame"
bounding_boxes: 
  - 
    Class: "car"
    probability: 0.992308139801
    xmin: 1244
    ymin: 438
    xmax: 1299
    ymax: 473
  - 
    Class: "car"
    probability: 0.98252505064
    xmin: 992
    ymin: 451
    xmax: 1048
    ymax: 501
  - 
    Class: "car"
    probability: 0.9601110816
    xmin: 1137
    ymin: 426
    xmax: 1197
    ymax: 473
  - 
    Class: "car"
    probability: 0.917313337326
    xmin: 1311
    ymin: 465
    xmax: 1385
    ymax: 514
  - 
    Class: "car"
    probability: 0.929853260517
    xmin: 993
    ymin: 388
    xmax: 1039
    ymax: 422
  - 
    Class: "car"
    probability: 0.907131016254
    xmin: 737
    ymin: 533
    xmax: 803
    ymax: 586
  - 
    Class: "car"
    probability: 0.916570544243
    xmin: 1033
    ymin: 403
    xmax: 1082
    ymax: 434
  - 
    Class: "car"
    probability: 0.918146967888
    xmin: 1307
    ymin: 511
    xmax: 1398
    ymax: 573
  - 
    Class: "car"
    probability: 0.847423136234
    xmin: 850
    ymin: 377
    xmax: 893
    ymax: 421
  - 
    Class: "car"
    probability: 0.808479130268
    xmin: 1149
    ymin: 442
    xmax: 1206
    ymax: 498
  - 
    Class: "truck"
    probability: 0.84386318922
    xmin: 502
    ymin: 904
    xmax: 749
    ymax: 1078
  - 
    Class: "truck"
    probability: 0.856648921967
    xmin: 849
    ymin: 592
    xmax: 1031
    ymax: 867
---
header: 
  seq: 2866
  stamp: 
    secs: 1562112940
    nsecs: 932763029
  frame_id: "detection"
image_header: 
  seq: 4860
  stamp: 
    secs: 1562112940
    nsecs: 750216402
  frame_id: "videofile_frame"
bounding_boxes: 
  - 
    Class: "car"
    probability: 0.98212903738
    xmin: 1161
    ymin: 446
    xmax: 1218
    ymax: 500
  - 
    Class: "car"
    probability: 0.979473888874
    xmin: 1254
    ymin: 443
    xmax: 1305
    ymax: 477
  - 
    Class: "car"
    probability: 0.960854291916
    xmin: 984
    ymin: 447
    xmax: 1041
    ymax: 498
  - 
    Class: "car"
    probability: 0.950200557709
    xmin: 1141
    ymin: 425
    xmax: 1196
    ymax: 466
  - 
    Class: "car"
    probability: 0.914662003517
    xmin: 1035
    ymin: 403
    xmax: 1084
    ymax: 440
  - 
    Class: "car"
    probability: 0.861279964447
    xmin: 739
    ymin: 530
    xmax: 802
    ymax: 579
  - 
    Class: "car"
    probability: 0.8852840662
    xmin: 1309
    ymin: 514
    xmax: 1427
    ymax: 578
  - 
    Class: "car"
    probability: 0.84775274992
    xmin: 848
    ymin: 375
    xmax: 892
    ymax: 423
  - 
    Class: "train"
    probability: 0.905408203602
    xmin: 838
    ymin: 567
    xmax: 1019
    ymax: 845
---
header: 
  seq: 2867
  stamp: 
    secs: 1562112940
    nsecs: 984677054
  frame_id: "detection"
image_header: 
  seq: 4862
  stamp: 
    secs: 1562112940
    nsecs: 816622136
  frame_id: "videofile_frame"
bounding_boxes: 
  - 
    Class: "car"
    probability: 0.992950618267
    xmin: 1163
    ymin: 442
    xmax: 1221
    ymax: 504
  - 
    Class: "car"
    probability: 0.986772716045
    xmin: 1257
    ymin: 445
    xmax: 1315
    ymax: 478
  - 
    Class: "car"
    probability: 0.916858315468
    xmin: 757
    ymin: 404
    xmax: 813
    ymax: 469
  - 
    Class: "car"
    probability: 0.973992824554
    xmin: 979
    ymin: 443
    xmax: 1038
    ymax: 496
  - 
    Class: "car"
    probability: 0.972144663334
    xmin: 1330
    ymin: 519
    xmax: 1433
    ymax: 584
  - 
    Class: "car"
    probability: 0.936685144901
    xmin: 738
    ymin: 519
    xmax: 805
    ymax: 576
  - 
    Class: "car"
    probability: 0.940597653389
    xmin: 995
    ymin: 387
    xmax: 1041
    ymax: 423
  - 
    Class: "car"
    probability: 0.912517845631
    xmin: 1063
    ymin: 401
    xmax: 1101
    ymax: 430
  - 
    Class: "car"
    probability: 0.818063735962
    xmin: 842
    ymin: 373
    xmax: 887
    ymax: 423
  - 
    Class: "car"
    probability: 0.845398426056
    xmin: 1332
    ymin: 463
    xmax: 1412
    ymax: 519
  - 
    Class: "car"
    probability: 0.818732261658
    xmin: 1034
    ymin: 402
    xmax: 1079
    ymax: 436
  - 
    Class: "car"
    probability: 0.808274924755
    xmin: 1146
    ymin: 429
    xmax: 1196
    ymax: 472
---
header: 
  seq: 2868
  stamp: 
    secs: 1562112941
    nsecs:  47269180
  frame_id: "detection"
image_header: 
  seq: 4863
  stamp: 
    secs: 1562112940
    nsecs: 851674620
  frame_id: "videofile_frame"
bounding_boxes: 
  - 
    Class: "car"
    probability: 0.984741389751
    xmin: 1168
    ymin: 447
    xmax: 1227
    ymax: 503
  - 
    Class: "car"
    probability: 0.87804877758
    xmin: 756
    ymin: 406
    xmax: 815
    ymax: 468
  - 
    Class: "car"
    probability: 0.963526844978
    xmin: 975
    ymin: 443
    xmax: 1034
    ymax: 495
  - 
    Class: "car"
    probability: 0.967599332333
    xmin: 997
    ymin: 390
    xmax: 1043
    ymax: 427
  - 
    Class: "car"
    probability: 0.969381690025
    xmin: 1335
    ymin: 521
    xmax: 1444
    ymax: 587
  - 
    Class: "car"
    probability: 0.906300067902
    xmin: 1336
    ymin: 463
    xmax: 1417
    ymax: 518
  - 
    Class: "car"
    probability: 0.936644792557
    xmin: 1261
    ymin: 440
    xmax: 1328
    ymax: 482
  - 
    Class: "car"
    probability: 0.910541057587
    xmin: 1065
    ymin: 403
    xmax: 1102
    ymax: 432
  - 
    Class: "car"
    probability: 0.869871854782
    xmin: 843
    ymin: 376
    xmax: 888
    ymax: 422
  - 
    Class: "car"
    probability: 0.883505940437
    xmin: 1145
    ymin: 427
    xmax: 1196
    ymax: 466
  - 
    Class: "car"
    probability: 0.840816676617
    xmin: 740
    ymin: 516
    xmax: 805
    ymax: 573
  - 
    Class: "car"
    probability: 0.823302805424
    xmin: 1026
    ymin: 401
    xmax: 1076
    ymax: 437
  - 
    Class: "train"
    probability: 0.927832424641
    xmin: 843
    ymin: 526
    xmax: 998
    ymax: 807
---
header: 
  seq: 2869
  stamp: 
    secs: 1562112941
    nsecs:  92749350
  frame_id: "detection"
image_header: 
  seq: 4865
  stamp: 
    secs: 1562112940
    nsecs: 917995581
  frame_id: "videofile_frame"
bounding_boxes: 
  - 
    Class: "car"
    probability: 0.988158404827
    xmin: 1169
    ymin: 450
    xmax: 1236
    ymax: 503
  - 
    Class: "car"
    probability: 0.857105016708
    xmin: 758
    ymin: 409
    xmax: 816
    ymax: 466
  - 
    Class: "car"
    probability: 0.960758686066
    xmin: 999
    ymin: 391
    xmax: 1045
    ymax: 429
  - 
    Class: "car"
    probability: 0.826985239983
    xmin: 566
    ymin: 776
    xmax: 772
    ymax: 1023
  - 
    Class: "car"
    probability: 0.952136516571
    xmin: 1358
    ymin: 528
    xmax: 1457
    ymax: 594
  - 
    Class: "car"
    probability: 0.941712081432
    xmin: 1269
    ymin: 445
    xmax: 1328
    ymax: 480
  - 
    Class: "car"
    probability: 0.935531497002
    xmin: 1066
    ymin: 402
    xmax: 1104
    ymax: 432
  - 
    Class: "car"
    probability: 0.923786997795
    xmin: 740
    ymin: 360
    xmax: 779
    ymax: 395
  - 
    Class: "car"
    probability: 0.918801605701
    xmin: 973
    ymin: 446
    xmax: 1028
    ymax: 489
  - 
    Class: "car"
    probability: 0.873943150043
    xmin: 1348
    ymin: 465
    xmax: 1433
    ymax: 524
  - 
    Class: "car"
    probability: 0.821517705917
    xmin: 838
    ymin: 461
    xmax: 898
    ymax: 528
  - 
    Class: "train"
    probability: 0.902142584324
    xmin: 843
    ymin: 526
    xmax: 987
    ymax: 782
---
header: 
  seq: 2870
  stamp: 
    secs: 1562112941
    nsecs: 143982505
  frame_id: "detection"
image_header: 
  seq: 4867
  stamp: 
    secs: 1562112940
    nsecs: 985085460
  frame_id: "videofile_frame"
bounding_boxes: 
  - 
    Class: "car"
    probability: 0.988395988941
    xmin: 1370
    ymin: 539
    xmax: 1475
    ymax: 604
  - 
    Class: "car"
    probability: 0.986154675484
    xmin: 1175
    ymin: 452
    xmax: 1247
    ymax: 502
  - 
    Class: "car"
    probability: 0.927222490311
    xmin: 757
    ymin: 408
    xmax: 817
    ymax: 465
  - 
    Class: "car"
    probability: 0.972127020359
    xmin: 1279
    ymin: 450
    xmax: 1339
    ymax: 486
  - 
    Class: "car"
    probability: 0.961314678192
    xmin: 1067
    ymin: 401
    xmax: 1109
    ymax: 433
  - 
    Class: "car"
    probability: 0.953280687332
    xmin: 1001
    ymin: 390
    xmax: 1046
    ymax: 425
  - 
    Class: "car"
    probability: 0.895886003971
    xmin: 833
    ymin: 456
    xmax: 897
    ymax: 522
  - 
    Class: "car"
    probability: 0.898808896542
    xmin: 955
    ymin: 369
    xmax: 998
    ymax: 392
  - 
    Class: "car"
    probability: 0.866299390793
    xmin: 742
    ymin: 508
    xmax: 803
    ymax: 561
  - 
    Class: "car"
    probability: 0.828427970409
    xmin: 836
    ymin: 374
    xmax: 880
    ymax: 417
  - 
    Class: "train"
    probability: 0.857396006584
    xmin: 841
    ymin: 511
    xmax: 977
    ymax: 761
---
header: 
  seq: 2871
  stamp: 
    secs: 1562112941
    nsecs: 194022261
  frame_id: "detection"
image_header: 
  seq: 4868
  stamp: 
    secs: 1562112941
    nsecs:  16891138
  frame_id: "videofile_frame"
bounding_boxes: 
  - 
    Class: "car"
    probability: 0.977290034294
    xmin: 1175
    ymin: 448
    xmax: 1252
    ymax: 507
  - 
    Class: "car"
    probability: 0.883063435555
    xmin: 758
    ymin: 402
    xmax: 817
    ymax: 467
  - 
    Class: "car"
    probability: 0.946104705334
    xmin: 834
    ymin: 451
    xmax: 893
    ymax: 520
  - 
    Class: "car"
    probability: 0.936730027199
    xmin: 1068
    ymin: 401
    xmax: 1108
    ymax: 436
  - 
    Class: "car"
    probability: 0.832984507084
    xmin: 1360
    ymin: 475
    xmax: 1460
    ymax: 539
  - 
    Class: "car"
    probability: 0.934730291367
    xmin: 1386
    ymin: 539
    xmax: 1486
    ymax: 617
  - 
    Class: "car"
    probability: 0.935499310493
    xmin: 1285
    ymin: 450
    xmax: 1344
    ymax: 486
  - 
    Class: "car"
    probability: 0.919105827808
    xmin: 1001
    ymin: 390
    xmax: 1049
    ymax: 428
  - 
    Class: "car"
    probability: 0.876217782497
    xmin: 955
    ymin: 367
    xmax: 996
    ymax: 392
  - 
    Class: "car"
    probability: 0.837748348713
    xmin: 970
    ymin: 439
    xmax: 1016
    ymax: 481
  - 
    Class: "car"
    probability: 0.800423681736
    xmin: 744
    ymin: 506
    xmax: 801
    ymax: 556
---
header: 
  seq: 2872
  stamp: 
    secs: 1562112941
    nsecs: 248701999
  frame_id: "detection"
image_header: 
  seq: 4870
  stamp: 
    secs: 1562112941
    nsecs:  83975258
  frame_id: "videofile_frame"
bounding_boxes: 
  - 
    Class: "car"
    probability: 0.986719250679
    xmin: 1401
    ymin: 542
    xmax: 1505
    ymax: 624
  - 
    Class: "car"
    probability: 0.985355436802
    xmin: 1191
    ymin: 462
    xmax: 1257
    ymax: 515
  - 
    Class: "car"
    probability: 0.980477511883
    xmin: 1289
    ymin: 454
    xmax: 1352
    ymax: 486
  - 
    Class: "car"
    probability: 0.959361374378
    xmin: 1003
    ymin: 389
    xmax: 1052
    ymax: 425
  - 
    Class: "car"
    probability: 0.943972945213
    xmin: 1067
    ymin: 402
    xmax: 1110
    ymax: 437
  - 
    Class: "car"
    probability: 0.86035323143
    xmin: 835
    ymin: 449
    xmax: 895
    ymax: 515
  - 
    Class: "car"
    probability: 0.932185351849
    xmin: 967
    ymin: 439
    xmax: 1018
    ymax: 481
  - 
    Class: "car"
    probability: 0.85757791996
    xmin: 1373
    ymin: 478
    xmax: 1479
    ymax: 543
  - 
    Class: "car"
    probability: 0.87349075079
    xmin: 1158
    ymin: 440
    xmax: 1217
    ymax: 477
  - 
    Class: "car"
    probability: 0.860630989075
    xmin: 956
    ymin: 367
    xmax: 997
    ymax: 390
---
header: 
  seq: 2873
  stamp: 
    secs: 1562112941
    nsecs: 300383922
  frame_id: "detection"
image_header: 
  seq: 4871
  stamp: 
    secs: 1562112941
    nsecs: 117483741
  frame_id: "videofile_frame"
bounding_boxes: 
  - 
    Class: "car"
    probability: 0.991707205772
    xmin: 1410
    ymin: 543
    xmax: 1522
    ymax: 626
  - 
    Class: "car"
    probability: 0.987280249596
    xmin: 1195
    ymin: 462
    xmax: 1260
    ymax: 516
  - 
    Class: "car"
    probability: 0.934491813183
    xmin: 619
    ymin: 714
    xmax: 775
    ymax: 907
  - 
    Class: "car"
    probability: 0.968114852905
    xmin: 1292
    ymin: 452
    xmax: 1356
    ymax: 488
  - 
    Class: "car"
    probability: 0.95830732584
    xmin: 1064
    ymin: 403
    xmax: 1109
    ymax: 439
  - 
    Class: "car"
    probability: 0.95942991972
    xmin: 1161
    ymin: 439
    xmax: 1220
    ymax: 476
  - 
    Class: "car"
    probability: 0.926207780838
    xmin: 834
    ymin: 446
    xmax: 895
    ymax: 514
  - 
    Class: "car"
    probability: 0.942364513874
    xmin: 967
    ymin: 438
    xmax: 1014
    ymax: 479
  - 
    Class: "car"
    probability: 0.934964835644
    xmin: 1003
    ymin: 390
    xmax: 1047
    ymax: 424
  - 
    Class: "car"
    probability: 0.875359833241
    xmin: 755
    ymin: 407
    xmax: 815
    ymax: 462
  - 
    Class: "car"
    probability: 0.867252111435
    xmin: 743
    ymin: 500
    xmax: 801
    ymax: 547
  - 
    Class: "car"
    probability: 0.849651813507
    xmin: 959
    ymin: 369
    xmax: 995
    ymax: 391
---
header: 
  seq: 2874
  stamp: 
    secs: 1562112941
    nsecs: 350004310
  frame_id: "detection"
image_header: 
  seq: 4873
  stamp: 
    secs: 1562112941
    nsecs: 184235332
  frame_id: "videofile_frame"
bounding_boxes: 
  - 
    Class: "car"
    probability: 0.996192097664
    xmin: 1428
    ymin: 553
    xmax: 1541
    ymax: 631
  - 
    Class: "car"
    probability: 0.989902675152
    xmin: 1203
    ymin: 463
    xmax: 1274
    ymax: 519
  - 
    Class: "car"
    probability: 0.932287156582
    xmin: 626
    ymin: 698
    xmax: 773
    ymax: 878
  - 
    Class: "car"
    probability: 0.987896323204
    xmin: 1305
    ymin: 455
    xmax: 1365
    ymax: 490
  - 
    Class: "car"
    probability: 0.982866466045
    xmin: 1170
    ymin: 439
    xmax: 1224
    ymax: 475
  - 
    Class: "car"
    probability: 0.935682535172
    xmin: 963
    ymin: 436
    xmax: 1011
    ymax: 477
  - 
    Class: "car"
    probability: 0.847455143929
    xmin: 957
    ymin: 369
    xmax: 1002
    ymax: 395
  - 
    Class: "car"
    probability: 0.82568103075
    xmin: 1016
    ymin: 394
    xmax: 1065
    ymax: 429
  - 
    Class: "car"
    probability: 0.814870476723
    xmin: 1067
    ymin: 405
    xmax: 1118
    ymax: 441
---
header: 
  seq: 2875
  stamp: 
    secs: 1562112941
    nsecs: 403065546
  frame_id: "detection"
image_header: 
  seq: 4874
  stamp: 
    secs: 1562112941
    nsecs: 218485089
  frame_id: "videofile_frame"
bounding_boxes: 
  - 
    Class: "car"
    probability: 0.991250872612
    xmin: 1432
    ymin: 559
    xmax: 1563
    ymax: 639
  - 
    Class: "car"
    probability: 0.989204585552
    xmin: 1209
    ymin: 465
    xmax: 1276
    ymax: 523
  - 
    Class: "car"
    probability: 0.988928854465
    xmin: 1308
    ymin: 455
    xmax: 1371
    ymax: 494
  - 
    Class: "car"
    probability: 0.923256754875
    xmin: 631
    ymin: 689
    xmax: 774
    ymax: 868
  - 
    Class: "car"
    probability: 0.967534720898
    xmin: 961
    ymin: 434
    xmax: 1007
    ymax: 473
  - 
    Class: "car"
    probability: 0.964887022972
    xmin: 1170
    ymin: 440
    xmax: 1226
    ymax: 477
  - 
    Class: "car"
    probability: 0.92210829258
    xmin: 1016
    ymin: 392
    xmax: 1060
    ymax: 427
  - 
    Class: "car"
    probability: 0.846993684769
    xmin: 832
    ymin: 441
    xmax: 891
    ymax: 511
  - 
    Class: "car"
    probability: 0.852375090122
    xmin: 1061
    ymin: 416
    xmax: 1108
    ymax: 455
  - 
    Class: "car"
    probability: 0.851360201836
    xmin: 958
    ymin: 371
    xmax: 997
    ymax: 394
---
header: 
  seq: 2876
  stamp: 
    secs: 1562112941
    nsecs: 454693204
  frame_id: "detection"
image_header: 
  seq: 4876
  stamp: 
    secs: 1562112941
    nsecs: 284875319
  frame_id: "videofile_frame"
bounding_boxes: 
  - 
    Class: "car"
    probability: 0.988637089729
    xmin: 1455
    ymin: 562
    xmax: 1586
    ymax: 654
  - 
    Class: "car"
    probability: 0.985126852989
    xmin: 1016
    ymin: 392
    xmax: 1065
    ymax: 429
  - 
    Class: "car"
    probability: 0.989237964153
    xmin: 1314
    ymin: 457
    xmax: 1379
    ymax: 495
  - 
    Class: "car"
    probability: 0.956659317017
    xmin: 653
    ymin: 676
    xmax: 778
    ymax: 828
  - 
    Class: "car"
    probability: 0.970554888248
    xmin: 1217
    ymin: 468
    xmax: 1283
    ymax: 526
  - 
    Class: "car"
    probability: 0.965533971786
    xmin: 1066
    ymin: 419
    xmax: 1118
    ymax: 457
  - 
    Class: "car"
    probability: 0.958462655544
    xmin: 1177
    ymin: 442
    xmax: 1239
    ymax: 480
  - 
    Class: "car"
    probability: 0.913567185402
    xmin: 958
    ymin: 432
    xmax: 1002
    ymax: 470
  - 
    Class: "car"
    probability: 0.838389396667
    xmin: 829
    ymin: 436
    xmax: 894
    ymax: 510
  - 
    Class: "car"
    probability: 0.866992473602
    xmin: 960
    ymin: 372
    xmax: 998
    ymax: 392
  - 
    Class: "car"
    probability: 0.854113638401
    xmin: 1102
    ymin: 406
    xmax: 1139
    ymax: 436
  - 
    Class: "car"
    probability: 0.809425830841
    xmin: 763
    ymin: 399
    xmax: 815
    ymax: 443
---
header: 
  seq: 2877
  stamp: 
    secs: 1562112941
    nsecs: 507434556
  frame_id: "detection"
image_header: 
  seq: 4877
  stamp: 
    secs: 1562112941
    nsecs: 318692725
  frame_id: "videofile_frame"
bounding_boxes: 
  - 
    Class: "car"
    probability: 0.987978339195
    xmin: 1467
    ymin: 575
    xmax: 1607
    ymax: 661
  - 
    Class: "car"
    probability: 0.990368306637
    xmin: 1320
    ymin: 457
    xmax: 1385
    ymax: 497
  - 
    Class: "car"
    probability: 0.984026670456
    xmin: 957
    ymin: 430
    xmax: 999
    ymax: 468
  - 
    Class: "car"
    probability: 0.853585720062
    xmin: 1442
    ymin: 491
    xmax: 1534
    ymax: 576
  - 
    Class: "car"
    probability: 0.965475380421
    xmin: 1020
    ymin: 395
    xmax: 1065
    ymax: 429
  - 
    Class: "car"
    probability: 0.828160047531
    xmin: 656
    ymin: 673
    xmax: 778
    ymax: 817
  - 
    Class: "car"
    probability: 0.950529932976
    xmin: 1068
    ymin: 417
    xmax: 1120
    ymax: 454
  - 
    Class: "car"
    probability: 0.916251838207
    xmin: 1231
    ymin: 472
    xmax: 1289
    ymax: 519
  - 
    Class: "car"
    probability: 0.896319627762
    xmin: 1183
    ymin: 442
    xmax: 1237
    ymax: 479
  - 
    Class: "car"
    probability: 0.88101875782
    xmin: 744
    ymin: 483
    xmax: 810
    ymax: 533
  - 
    Class: "car"
    probability: 0.855394244194
    xmin: 1100
    ymin: 408
    xmax: 1137
    ymax: 436
---
header: 
  seq: 2878
  stamp: 
    secs: 1562112941
    nsecs: 554855945
  frame_id: "detection"
image_header: 
  seq: 4879
  stamp: 
    secs: 1562112941
    nsecs: 385057245
  frame_id: "videofile_frame"
bounding_boxes: 
  - 
    Class: "car"
    probability: 0.994860708714
    xmin: 1488
    ymin: 579
    xmax: 1640
    ymax: 672
  - 
    Class: "car"
    probability: 0.973660588264
    xmin: 1329
    ymin: 462
    xmax: 1393
    ymax: 498
  - 
    Class: "car"
    probability: 0.964514374733
    xmin: 1023
    ymin: 398
    xmax: 1069
    ymax: 433
  - 
    Class: "car"
    probability: 0.939450085163
    xmin: 1232
    ymin: 469
    xmax: 1296
    ymax: 526
  - 
    Class: "car"
    probability: 0.866735339165
    xmin: 830
    ymin: 432
    xmax: 894
    ymax: 505
  - 
    Class: "car"
    probability: 0.880373418331
    xmin: 1065
    ymin: 414
    xmax: 1117
    ymax: 458
  - 
    Class: "car"
    probability: 0.878784775734
    xmin: 745
    ymin: 478
    xmax: 811
    ymax: 531
  - 
    Class: "car"
    probability: 0.876909673214
    xmin: 954
    ymin: 428
    xmax: 998
    ymax: 465
---
header: 
  seq: 2879
  stamp: 
    secs: 1562112941
    nsecs: 611011300
  frame_id: "detection"
image_header: 
  seq: 4880
  stamp: 
    secs: 1562112941
    nsecs: 419200336
  frame_id: "videofile_frame"
bounding_boxes: 
  - 
    Class: "car"
    probability: 0.991507053375
    xmin: 1501
    ymin: 582
    xmax: 1653
    ymax: 679
  - 
    Class: "car"
    probability: 0.977743566036
    xmin: 1334
    ymin: 463
    xmax: 1406
    ymax: 500
  - 
    Class: "car"
    probability: 0.969723284245
    xmin: 1231
    ymin: 474
    xmax: 1309
    ymax: 540
  - 
    Class: "car"
    probability: 0.944127619267
    xmin: 670
    ymin: 647
    xmax: 783
    ymax: 784
  - 
    Class: "car"
    probability: 0.955564141273
    xmin: 1019
    ymin: 396
    xmax: 1064
    ymax: 430
  - 
    Class: "car"
    probability: 0.951713204384
    xmin: 953
    ymin: 426
    xmax: 998
    ymax: 464
  - 
    Class: "car"
    probability: 0.897219777107
    xmin: 1067
    ymin: 417
    xmax: 1124
    ymax: 459
---
header: 
  seq: 2880
  stamp: 
    secs: 1562112941
    nsecs: 661012118
  frame_id: "detection"
image_header: 
  seq: 4882
  stamp: 
    secs: 1562112941
    nsecs: 484116541
  frame_id: "videofile_frame"
bounding_boxes: 
  - 
    Class: "car"
    probability: 0.993633210659
    xmin: 1530
    ymin: 588
    xmax: 1692
    ymax: 697
  - 
    Class: "car"
    probability: 0.986929357052
    xmin: 1025
    ymin: 399
    xmax: 1071
    ymax: 433
  - 
    Class: "car"
    probability: 0.979488551617
    xmin: 1236
    ymin: 478
    xmax: 1325
    ymax: 543
  - 
    Class: "car"
    probability: 0.97769010067
    xmin: 1343
    ymin: 465
    xmax: 1411
    ymax: 503
  - 
    Class: "car"
    probability: 0.951434493065
    xmin: 675
    ymin: 637
    xmax: 782
    ymax: 778
  - 
    Class: "car"
    probability: 0.942257463932
    xmin: 950
    ymin: 423
    xmax: 992
    ymax: 460
  - 
    Class: "car"
    probability: 0.925517857075
    xmin: 1196
    ymin: 450
    xmax: 1263
    ymax: 490
  - 
    Class: "car"
    probability: 0.909540474415
    xmin: 829
    ymin: 435
    xmax: 884
    ymax: 487
  - 
    Class: "car"
    probability: 0.879255652428
    xmin: 1076
    ymin: 419
    xmax: 1123
    ymax: 458
  - 
    Class: "car"
    probability: 0.881034255028
    xmin: 749
    ymin: 472
    xmax: 807
    ymax: 524
  - 
    Class: "car"
    probability: 0.819155335426
    xmin: 1098
    ymin: 414
    xmax: 1143
    ymax: 451
---
header: 
  seq: 2881
  stamp: 
    secs: 1562112941
    nsecs: 713767668
  frame_id: "detection"
image_header: 
  seq: 4883
  stamp: 
    secs: 1562112941
    nsecs: 518909250
  frame_id: "videofile_frame"
bounding_boxes: 
  - 
    Class: "car"
    probability: 0.990487396717
    xmin: 1544
    ymin: 597
    xmax: 1716
    ymax: 712
  - 
    Class: "car"
    probability: 0.99176043272
    xmin: 1239
    ymin: 477
    xmax: 1333
    ymax: 549
  - 
    Class: "car"
    probability: 0.988769769669
    xmin: 1027
    ymin: 397
    xmax: 1074
    ymax: 430
  - 
    Class: "car"
    probability: 0.990963995457
    xmin: 1351
    ymin: 469
    xmax: 1416
    ymax: 506
  - 
    Class: "car"
    probability: 0.974555790424
    xmin: 1199
    ymin: 449
    xmax: 1265
    ymax: 491
  - 
    Class: "car"
    probability: 0.888019144535
    xmin: 678
    ymin: 623
    xmax: 785
    ymax: 767
  - 
    Class: "car"
    probability: 0.902503967285
    xmin: 826
    ymin: 434
    xmax: 888
    ymax: 486
  - 
    Class: "car"
    probability: 0.898388445377
    xmin: 949
    ymin: 420
    xmax: 990
    ymax: 459
  - 
    Class: "car"
    probability: 0.825772941113
    xmin: 765
    ymin: 392
    xmax: 810
    ymax: 432
  - 
    Class: "car"
    probability: 0.87940633297
    xmin: 755
    ymin: 470
    xmax: 804
    ymax: 517
  - 
    Class: "car"
    probability: 0.84233123064
    xmin: 1099
    ymin: 414
    xmax: 1148
    ymax: 451
  - 
    Class: "car"
    probability: 0.823855578899
    xmin: 1075
    ymin: 420
    xmax: 1126
    ymax: 461
---
header: 
  seq: 2882
  stamp: 
    secs: 1562112941
    nsecs: 770837518
  frame_id: "detection"
image_header: 
  seq: 4885
  stamp: 
    secs: 1562112941
    nsecs: 585686457
  frame_id: "videofile_frame"
bounding_boxes: 
  - 
    Class: "car"
    probability: 0.992141962051
    xmin: 1577
    ymin: 604
    xmax: 1754
    ymax: 724
  - 
    Class: "car"
    probability: 0.99076551199
    xmin: 1360
    ymin: 468
    xmax: 1425
    ymax: 506
  - 
    Class: "car"
    probability: 0.98779219389
    xmin: 1202
    ymin: 451
    xmax: 1277
    ymax: 494
  - 
    Class: "car"
    probability: 0.964335262775
    xmin: 681
    ymin: 609
    xmax: 788
    ymax: 744
  - 
    Class: "car"
    probability: 0.981948018074
    xmin: 1251
    ymin: 481
    xmax: 1343
    ymax: 549
  - 
    Class: "car"
    probability: 0.979290604591
    xmin: 1030
    ymin: 396
    xmax: 1084
    ymax: 433
  - 
    Class: "car"
    probability: 0.94971626997
    xmin: 828
    ymin: 433
    xmax: 887
    ymax: 477
  - 
    Class: "car"
    probability: 0.902236938477
    xmin: 752
    ymin: 469
    xmax: 804
    ymax: 513
  - 
    Class: "car"
    probability: 0.901940762997
    xmin: 943
    ymin: 418
    xmax: 986
    ymax: 457
  - 
    Class: "car"
    probability: 0.88747292757
    xmin: 1101
    ymin: 415
    xmax: 1150
    ymax: 457
  - 
    Class: "car"
    probability: 0.82967042923
    xmin: 989
    ymin: 371
    xmax: 1031
    ymax: 397
---
header: 
  seq: 2883
  stamp: 
    secs: 1562112941
    nsecs: 815445176
  frame_id: "detection"
image_header: 
  seq: 4887
  stamp: 
    secs: 1562112941
    nsecs: 650173919
  frame_id: "videofile_frame"
bounding_boxes: 
  - 
    Class: "car"
    probability: 0.985595405102
    xmin: 1607
    ymin: 620
    xmax: 1798
    ymax: 745
  - 
    Class: "car"
    probability: 0.990546941757
    xmin: 1270
    ymin: 487
    xmax: 1347
    ymax: 550
  - 
    Class: "car"
    probability: 0.984566390514
    xmin: 1214
    ymin: 457
    xmax: 1278
    ymax: 499
  - 
    Class: "car"
    probability: 0.965318739414
    xmin: 1035
    ymin: 399
    xmax: 1081
    ymax: 432
  - 
    Class: "car"
    probability: 0.953514814377
    xmin: 683
    ymin: 608
    xmax: 787
    ymax: 735
  - 
    Class: "car"
    probability: 0.957716822624
    xmin: 1099
    ymin: 420
    xmax: 1147
    ymax: 460
  - 
    Class: "car"
    probability: 0.951720416546
    xmin: 831
    ymin: 427
    xmax: 886
    ymax: 472
  - 
    Class: "car"
    probability: 0.939140617847
    xmin: 1368
    ymin: 474
    xmax: 1442
    ymax: 514
  - 
    Class: "car"
    probability: 0.822827756405
    xmin: 762
    ymin: 392
    xmax: 810
    ymax: 444
  - 
    Class: "car"
    probability: 0.827206075191
    xmin: 750
    ymin: 466
    xmax: 804
    ymax: 508
---
header: 
  seq: 2884
  stamp: 
    secs: 1562112941
    nsecs: 867220555
  frame_id: "detection"
image_header: 
  seq: 4888
  stamp: 
    secs: 1562112941
    nsecs: 685367475
  frame_id: "videofile_frame"
bounding_boxes: 
  - 
    Class: "car"
    probability: 0.984622180462
    xmin: 1628
    ymin: 636
    xmax: 1817
    ymax: 754
  - 
    Class: "car"
    probability: 0.991263270378
    xmin: 1371
    ymin: 474
    xmax: 1448
    ymax: 517
  - 
    Class: "car"
    probability: 0.98879301548
    xmin: 1217
    ymin: 457
    xmax: 1280
    ymax: 500
  - 
    Class: "car"
    probability: 0.985214173794
    xmin: 1269
    ymin: 490
    xmax: 1358
    ymax: 556
  - 
    Class: "car"
    probability: 0.982584834099
    xmin: 1031
    ymin: 399
    xmax: 1081
    ymax: 432
  - 
    Class: "car"
    probability: 0.975291192532
    xmin: 1100
    ymin: 420
    xmax: 1154
    ymax: 463
  - 
    Class: "car"
    probability: 0.924240112305
    xmin: 834
    ymin: 427
    xmax: 885
    ymax: 469
  - 
    Class: "car"
    probability: 0.831825435162
    xmin: 761
    ymin: 393
    xmax: 810
    ymax: 441
  - 
    Class: "car"
    probability: 0.900105774403
    xmin: 685
    ymin: 595
    xmax: 786
    ymax: 724
  - 
    Class: "car"
    probability: 0.883023798466
    xmin: 755
    ymin: 463
    xmax: 803
    ymax: 501
  - 
    Class: "car"
    probability: 0.821459233761
    xmin: 933
    ymin: 417
    xmax: 977
    ymax: 453
---
header: 
  seq: 2885
  stamp: 
    secs: 1562112941
    nsecs: 918386372
  frame_id: "detection"
image_header: 
  seq: 4890
  stamp: 
    secs: 1562112941
    nsecs: 750475114
  frame_id: "videofile_frame"
bounding_boxes: 
  - 
    Class: "car"
    probability: 0.992727577686
    xmin: 1663
    ymin: 651
    xmax: 1864
    ymax: 769
  - 
    Class: "car"
    probability: 0.821292817593
    xmin: 1104
    ymin: 715
    xmax: 1294
    ymax: 916
  - 
    Class: "car"
    probability: 0.989214837551
    xmin: 1286
    ymin: 486
    xmax: 1368
    ymax: 558
  - 
    Class: "car"
    probability: 0.983986198902
    xmin: 693
    ymin: 590
    xmax: 791
    ymax: 700
  - 
    Class: "car"
    probability: 0.987168252468
    xmin: 1386
    ymin: 477
    xmax: 1455
    ymax: 517
  - 
    Class: "car"
    probability: 0.977993071079
    xmin: 911
    ymin: 968
    xmax: 1113
    ymax: 1080
  - 
    Class: "car"
    probability: 0.956592559814
    xmin: 1223
    ymin: 461
    xmax: 1279
    ymax: 502
  - 
    Class: "car"
    probability: 0.955497205257
    xmin: 1036
    ymin: 401
    xmax: 1086
    ymax: 434
  - 
    Class: "car"
    probability: 0.949046015739
    xmin: 1096
    ymin: 425
    xmax: 1144
    ymax: 464
  - 
    Class: "car"
    probability: 0.820363223553
    xmin: 760
    ymin: 390
    xmax: 809
    ymax: 439
  - 
    Class: "car"
    probability: 0.901964724064
    xmin: 833
    ymin: 424
    xmax: 886
    ymax: 467
  - 
    Class: "car"
    probability: 0.902304649353
    xmin: 929
    ymin: 415
    xmax: 976
    ymax: 450
  - 
    Class: "car"
    probability: 0.863432526588
    xmin: 1131
    ymin: 417
    xmax: 1174
    ymax: 455
---
header: 
  seq: 2886
  stamp: 
    secs: 1562112941
    nsecs: 974498363
  frame_id: "detection"
image_header: 
  seq: 4891
  stamp: 
    secs: 1562112941
    nsecs: 785131190
  frame_id: "videofile_frame"
bounding_boxes: 
  - 
    Class: "car"
    probability: 0.985291004181
    xmin: 1673
    ymin: 660
    xmax: 1901
    ymax: 779
  - 
    Class: "car"
    probability: 0.903478443623
    xmin: 1097
    ymin: 704
    xmax: 1276
    ymax: 897
  - 
    Class: "car"
    probability: 0.985243439674
    xmin: 691
    ymin: 586
    xmax: 794
    ymax: 701
  - 
    Class: "car"
    probability: 0.989261686802
    xmin: 1289
    ymin: 495
    xmax: 1373
    ymax: 565
  - 
    Class: "car"
    probability: 0.989457011223
    xmin: 1393
    ymin: 476
    xmax: 1462
    ymax: 520
  - 
    Class: "car"
    probability: 0.975614964962
    xmin: 1038
    ymin: 400
    xmax: 1085
    ymax: 436
  - 
    Class: "car"
    probability: 0.974318027496
    xmin: 1225
    ymin: 463
    xmax: 1294
    ymax: 507
  - 
    Class: "car"
    probability: 0.960954904556
    xmin: 1097
    ymin: 426
    xmax: 1142
    ymax: 469
  - 
    Class: "car"
    probability: 0.951073586941
    xmin: 888
    ymin: 931
    xmax: 1118
    ymax: 1080
  - 
    Class: "car"
    probability: 0.911949157715
    xmin: 831
    ymin: 424
    xmax: 885
    ymax: 466
  - 
    Class: "car"
    probability: 0.860874176025
    xmin: 763
    ymin: 390
    xmax: 808
    ymax: 438
  - 
    Class: "car"
    probability: 0.887267231941
    xmin: 1134
    ymin: 416
    xmax: 1177
    ymax: 455
  - 
    Class: "car"
    probability: 0.88085860014
    xmin: 927
    ymin: 415
    xmax: 973
    ymax: 449
  - 
    Class: "car"
    probability: 0.851228713989
    xmin: 756
    ymin: 459
    xmax: 803
    ymax: 497
---
header: 
  seq: 2887
  stamp: 
    secs: 1562112942
    nsecs:  28407630
  frame_id: "detection"
image_header: 
  seq: 4893
  stamp: 
    secs: 1562112941
    nsecs: 850813058
  frame_id: "videofile_frame"
bounding_boxes: 
  - 
    Class: "car"
    probability: 0.995008826256
    xmin: 1295
    ymin: 499
    xmax: 1389
    ymax: 572
  - 
    Class: "car"
    probability: 0.973280847073
    xmin: 1728
    ymin: 682
    xmax: 1916
    ymax: 801
  - 
    Class: "car"
    probability: 0.950990021229
    xmin: 885
    ymin: 895
    xmax: 1093
    ymax: 1080
  - 
    Class: "car"
    probability: 0.990695714951
    xmin: 694
    ymin: 579
    xmax: 792
    ymax: 687
  - 
    Class: "car"
    probability: 0.989936649799
    xmin: 1232
    ymin: 463
    xmax: 1299
    ymax: 509
  - 
    Class: "car"
    probability: 0.963507831097
    xmin: 1101
    ymin: 429
    xmax: 1145
    ymax: 470
  - 
    Class: "car"
    probability: 0.875750660896
    xmin: 823
    ymin: 421
    xmax: 884
    ymax: 466
  - 
    Class: "car"
    probability: 0.907959699631
    xmin: 1138
    ymin: 420
    xmax: 1183
    ymax: 459
  - 
    Class: "car"
    probability: 0.911054968834
    xmin: 1395
    ymin: 474
    xmax: 1474
    ymax: 522
  - 
    Class: "car"
    probability: 0.898568034172
    xmin: 1055
    ymin: 402
    xmax: 1096
    ymax: 433
  - 
    Class: "truck"
    probability: 0.834632575512
    xmin: 1555
    ymin: 536
    xmax: 1721
    ymax: 640
---
header: 
  seq: 2888
  stamp: 
    secs: 1562112942
    nsecs:  80471786
  frame_id: "detection"
image_header: 
  seq: 4894
  stamp: 
    secs: 1562112941
    nsecs: 884720468
  frame_id: "videofile_frame"
bounding_boxes: 
  - 
    Class: "car"
    probability: 0.88291913271
    xmin: 1069
    ymin: 674
    xmax: 1243
    ymax: 830
  - 
    Class: "car"
    probability: 0.993486166
    xmin: 1304
    ymin: 500
    xmax: 1395
    ymax: 573
  - 
    Class: "car"
    probability: 0.98142439127
    xmin: 883
    ymin: 862
    xmax: 1089
    ymax: 1080
  - 
    Class: "car"
    probability: 0.991145253181
    xmin: 1238
    ymin: 469
    xmax: 1306
    ymax: 511
  - 
    Class: "car"
    probability: 0.959376215935
    xmin: 1750
    ymin: 684
    xmax: 1920
    ymax: 819
  - 
    Class: "car"
    probability: 0.976645231247
    xmin: 697
    ymin: 576
    xmax: 793
    ymax: 681
  - 
    Class: "car"
    probability: 0.977196514606
    xmin: 1414
    ymin: 481
    xmax: 1485
    ymax: 528
  - 
    Class: "car"
    probability: 0.974882900715
    xmin: 1100
    ymin: 431
    xmax: 1152
    ymax: 469
  - 
    Class: "car"
    probability: 0.913558185101
    xmin: 1141
    ymin: 424
    xmax: 1186
    ymax: 459
  - 
    Class: "car"
    probability: 0.865525186062
    xmin: 824
    ymin: 420
    xmax: 884
    ymax: 465
  - 
    Class: "car"
    probability: 0.870255708694
    xmin: 1042
    ymin: 403
    xmax: 1085
    ymax: 437
---
header: 
  seq: 2889
  stamp: 
    secs: 1562112942
    nsecs: 134808752
  frame_id: "detection"
image_header: 
  seq: 4896
  stamp: 
    secs: 1562112941
    nsecs: 951613284
  frame_id: "videofile_frame"
bounding_boxes: 
  - 
    Class: "car"
    probability: 0.940548479557
    xmin: 888
    ymin: 831
    xmax: 1068
    ymax: 1052
  - 
    Class: "car"
    probability: 0.993003487587
    xmin: 1245
    ymin: 467
    xmax: 1309
    ymax: 515
  - 
    Class: "car"
    probability: 0.985723733902
    xmin: 1316
    ymin: 503
    xmax: 1410
    ymax: 580
  - 
    Class: "car"
    probability: 0.987000226974
    xmin: 1419
    ymin: 484
    xmax: 1502
    ymax: 533
  - 
    Class: "car"
    probability: 0.961569905281
    xmin: 1105
    ymin: 434
    xmax: 1153
    ymax: 472
  - 
    Class: "car"
    probability: 0.943328261375
    xmin: 1148
    ymin: 425
    xmax: 1195
    ymax: 462
  - 
    Class: "car"
    probability: 0.930528700352
    xmin: 1056
    ymin: 404
    xmax: 1099
    ymax: 436
  - 
    Class: "car"
    probability: 0.812171220779
    xmin: 1804
    ymin: 706
    xmax: 1915
    ymax: 842
  - 
    Class: "car"
    probability: 0.831553518772
    xmin: 759
    ymin: 390
    xmax: 804
    ymax: 433
  - 
    Class: "car"
    probability: 0.869592905045
    xmin: 922
    ymin: 407
    xmax: 964
    ymax: 441
  - 
    Class: "car"
    probability: 0.805384516716
    xmin: 707
    ymin: 569
    xmax: 792
    ymax: 666
  - 
    Class: "car"
    probability: 0.802742362022
    xmin: 751
    ymin: 451
    xmax: 805
    ymax: 492
  - 
    Class: "truck"
    probability: 0.820050179958
    xmin: 1569
    ymin: 543
    xmax: 1772
    ymax: 664
---
header: 
  seq: 2890
  stamp: 
    secs: 1562112942
    nsecs: 191550404
  frame_id: "detection"
image_header: 
  seq: 4898
  stamp: 
    secs: 1562112942
    nsecs:  19276785
  frame_id: "videofile_frame"
bounding_boxes: 
  - 
    Class: "car"
    probability: 0.912873327732
    xmin: 893
    ymin: 788
    xmax: 1049
    ymax: 1004
  - 
    Class: "car"
    probability: 0.987304985523
    xmin: 1330
    ymin: 501
    xmax: 1422
    ymax: 594
  - 
    Class: "car"
    probability: 0.988662362099
    xmin: 1250
    ymin: 468
    xmax: 1321
    ymax: 520
  - 
    Class: "car"
    probability: 0.969240128994
    xmin: 708
    ymin: 556
    xmax: 794
    ymax: 653
  - 
    Class: "car"
    probability: 0.982505440712
    xmin: 1431
    ymin: 487
    xmax: 1517
    ymax: 537
  - 
    Class: "car"
    probability: 0.96843957901
    xmin: 1058
    ymin: 403
    xmax: 1102
    ymax: 439
  - 
    Class: "car"
    probability: 0.959527075291
    xmin: 921
    ymin: 406
    xmax: 962
    ymax: 437
  - 
    Class: "car"
    probability: 0.944733440876
    xmin: 1114
    ymin: 434
    xmax: 1160
    ymax: 474
  - 
    Class: "car"
    probability: 0.93844139576
    xmin: 1141
    ymin: 427
    xmax: 1193
    ymax: 466
  - 
    Class: "car"
    probability: 0.876608192921
    xmin: 823
    ymin: 414
    xmax: 884
    ymax: 457
  - 
    Class: "car"
    probability: 0.895578801632
    xmin: 752
    ymin: 449
    xmax: 804
    ymax: 487
  - 
    Class: "car"
    probability: 0.813125133514
    xmin: 765
    ymin: 389
    xmax: 805
    ymax: 432
---
header: 
  seq: 2891
  stamp: 
    secs: 1562112942
    nsecs: 242986390
  frame_id: "detection"
image_header: 
  seq: 4899
  stamp: 
    secs: 1562112942
    nsecs:  51274595
  frame_id: "videofile_frame"
bounding_boxes: 
  - 
    Class: "car"
    probability: 0.818528354168
    xmin: 894
    ymin: 779
    xmax: 1041
    ymax: 977
  - 
    Class: "car"
    probability: 0.990974903107
    xmin: 1443
    ymin: 491
    xmax: 1521
    ymax: 537
  - 
    Class: "car"
    probability: 0.985800325871
    xmin: 1337
    ymin: 508
    xmax: 1435
    ymax: 589
  - 
    Class: "car"
    probability: 0.977102994919
    xmin: 1060
    ymin: 406
    xmax: 1108
    ymax: 437
  - 
    Class: "car"
    probability: 0.980198144913
    xmin: 1256
    ymin: 468
    xmax: 1321
    ymax: 520
  - 
    Class: "car"
    probability: 0.959761977196
    xmin: 709
    ymin: 556
    xmax: 794
    ymax: 650
  - 
    Class: "car"
    probability: 0.941945791245
    xmin: 917
    ymin: 404
    xmax: 959
    ymax: 438
  - 
    Class: "car"
    probability: 0.928232312202
    xmin: 1133
    ymin: 430
    xmax: 1189
    ymax: 468
  - 
    Class: "car"
    probability: 0.89903908968
    xmin: 823
    ymin: 415
    xmax: 882
    ymax: 453
  - 
    Class: "car"
    probability: 0.850689828396
    xmin: 1118
    ymin: 437
    xmax: 1162
    ymax: 477
  - 
    Class: "car"
    probability: 0.818502187729
    xmin: 750
    ymin: 449
    xmax: 805
    ymax: 487
---
header: 
  seq: 2892
  stamp: 
    secs: 1562112942
    nsecs: 299981861
  frame_id: "detection"
image_header: 
  seq: 4901
  stamp: 
    secs: 1562112942
    nsecs: 118589551
  frame_id: "videofile_frame"
bounding_boxes: 
  - 
    Class: "car"
    probability: 0.871928215027
    xmin: 1028
    ymin: 611
    xmax: 1157
    ymax: 741
  - 
    Class: "car"
    probability: 0.994446873665
    xmin: 1453
    ymin: 494
    xmax: 1539
    ymax: 542
  - 
    Class: "car"
    probability: 0.98842138052
    xmin: 1355
    ymin: 510
    xmax: 1447
    ymax: 599
  - 
    Class: "car"
    probability: 0.983078420162
    xmin: 1063
    ymin: 405
    xmax: 1111
    ymax: 438
  - 
    Class: "car"
    probability: 0.948660969734
    xmin: 880
    ymin: 756
    xmax: 1032
    ymax: 947
  - 
    Class: "car"
    probability: 0.975529432297
    xmin: 1258
    ymin: 474
    xmax: 1336
    ymax: 525
  - 
    Class: "car"
    probability: 0.91484695673
    xmin: 712
    ymin: 549
    xmax: 796
    ymax: 644
  - 
    Class: "car"
    probability: 0.960303485394
    xmin: 1165
    ymin: 426
    xmax: 1213
    ymax: 465
  - 
    Class: "car"
    probability: 0.906013846397
    xmin: 1129
    ymin: 430
    xmax: 1177
    ymax: 474
  - 
    Class: "car"
    probability: 0.899077653885
    xmin: 918
    ymin: 402
    xmax: 957
    ymax: 433
  - 
    Class: "car"
    probability: 0.809340953827
    xmin: 767
    ymin: 384
    xmax: 808
    ymax: 425
---
header: 
  seq: 2893
  stamp: 
    secs: 1562112942
    nsecs: 348701974
  frame_id: "detection"
image_header: 
  seq: 4903
  stamp: 
    secs: 1562112942
    nsecs: 184656792
  frame_id: "videofile_frame"
bounding_boxes: 
  - 
    Class: "car"
    probability: 0.985978841782
    xmin: 1365
    ymin: 522
    xmax: 1467
    ymax: 609
  - 
    Class: "car"
    probability: 0.888521611691
    xmin: 1025
    ymin: 603
    xmax: 1141
    ymax: 724
  - 
    Class: "car"
    probability: 0.992378890514
    xmin: 1459
    ymin: 492
    xmax: 1558
    ymax: 546
  - 
    Class: "car"
    probability: 0.991024315357
    xmin: 1278
    ymin: 478
    xmax: 1347
    ymax: 532
  - 
    Class: "car"
    probability: 0.958105862141
    xmin: 884
    ymin: 735
    xmax: 1016
    ymax: 886
  - 
    Class: "car"
    probability: 0.955118834972
    xmin: 915
    ymin: 401
    xmax: 954
    ymax: 431
  - 
    Class: "car"
    probability: 0.949198663235
    xmin: 1131
    ymin: 433
    xmax: 1180
    ymax: 479
  - 
    Class: "car"
    probability: 0.951643168926
    xmin: 1069
    ymin: 407
    xmax: 1117
    ymax: 439
  - 
    Class: "car"
    probability: 0.943474709988
    xmin: 1172
    ymin: 427
    xmax: 1214
    ymax: 466
  - 
    Class: "car"
    probability: 0.84995174408
    xmin: 716
    ymin: 538
    xmax: 794
    ymax: 632
---
header: 
  seq: 2894
  stamp: 
    secs: 1562112942
    nsecs: 401011103
  frame_id: "detection"
image_header: 
  seq: 4904
  stamp: 
    secs: 1562112942
    nsecs: 217156442
  frame_id: "videofile_frame"
bounding_boxes: 
  - 
    Class: "car"
    probability: 0.988727688789
    xmin: 1375
    ymin: 522
    xmax: 1488
    ymax: 616
  - 
    Class: "car"
    probability: 0.990110397339
    xmin: 1280
    ymin: 480
    xmax: 1355
    ymax: 535
  - 
    Class: "car"
    probability: 0.984015583992
    xmin: 1474
    ymin: 499
    xmax: 1564
    ymax: 547
  - 
    Class: "car"
    probability: 0.968208551407
    xmin: 1174
    ymin: 431
    xmax: 1217
    ymax: 468
  - 
    Class: "car"
    probability: 0.956317603588
    xmin: 913
    ymin: 401
    xmax: 953
    ymax: 431
  - 
    Class: "car"
    probability: 0.838208198547
    xmin: 717
    ymin: 537
    xmax: 792
    ymax: 626
  - 
    Class: "car"
    probability: 0.940261781216
    xmin: 1132
    ymin: 438
    xmax: 1181
    ymax: 479
  - 
    Class: "car"
    probability: 0.823667705059
    xmin: 881
    ymin: 713
    xmax: 1019
    ymax: 899
  - 
    Class: "car"
    probability: 0.902462184429
    xmin: 1062
    ymin: 413
    xmax: 1111
    ymax: 451
---
header: 
  seq: 2895
  stamp: 
    secs: 1562112942
    nsecs: 453019217
  frame_id: "detection"
image_header: 
  seq: 4906
  stamp: 
    secs: 1562112942
    nsecs: 283864590
  frame_id: "videofile_frame"
bounding_boxes: 
  - 
    Class: "car"
    probability: 0.986671090126
    xmin: 1389
    ymin: 526
    xmax: 1495
    ymax: 621
  - 
    Class: "car"
    probability: 0.992998719215
    xmin: 1284
    ymin: 482
    xmax: 1366
    ymax: 540
  - 
    Class: "car"
    probability: 0.992513000965
    xmin: 1483
    ymin: 503
    xmax: 1578
    ymax: 552
  - 
    Class: "car"
    probability: 0.970814585686
    xmin: 1066
    ymin: 414
    xmax: 1124
    ymax: 455
  - 
    Class: "car"
    probability: 0.965443909168
    xmin: 1181
    ymin: 433
    xmax: 1229
    ymax: 468
  - 
    Class: "car"
    probability: 0.952788233757
    xmin: 1137
    ymin: 439
    xmax: 1186
    ymax: 479
  - 
    Class: "car"
    probability: 0.880380868912
    xmin: 877
    ymin: 698
    xmax: 1008
    ymax: 843
  - 
    Class: "car"
    probability: 0.883840441704
    xmin: 910
    ymin: 397
    xmax: 951
    ymax: 429
  - 
    Class: "car"
    probability: 0.862544536591
    xmin: 998
    ymin: 383
    xmax: 1047
    ymax: 412
---
